Archive member included to satisfy reference by file (symbol)

C:/devkitPro/libctru/lib\libctru.a(linear.o)
                              Microphone.o (linearMemAlign)
C:/devkitPro/libctru/lib\libctru.a(mem_pool.o)
                              C:/devkitPro/libctru/lib\libctru.a(linear.o) (_ZN7MemPool8AllocateER8MemChunkmi)
C:/devkitPro/libctru/lib\libctru.a(console.o)
                              main.o (consoleInit)
C:/devkitPro/libctru/lib\libctru.a(gfx.o)
                              C:/devkitPro/libctru/lib\libctru.a(console.o) (gfxIsWide)
C:/devkitPro/libctru/lib\libctru.a(ndsp.o)
                              audio_engine.o (ndspInit)
C:/devkitPro/libctru/lib\libctru.a(ndsp-channel.o)
                              audio_engine.o (ndspChnWaveBufAdd)
C:/devkitPro/libctru/lib\libctru.a(apt.o)
                              main.o (aptMainLoop)
C:/devkitPro/libctru/lib\libctru.a(cfgu.o)
                              C:/devkitPro/libctru/lib\libctru.a(ndsp.o) (cfguInit)
C:/devkitPro/libctru/lib\libctru.a(dsp.o)
                              C:/devkitPro/libctru/lib\libctru.a(ndsp.o) (dspInit)
C:/devkitPro/libctru/lib\libctru.a(fs.o)
                              C:/devkitPro/libctru/lib\libctru.a(ndsp.o) (FSUSER_OpenFileDirectly)
C:/devkitPro/libctru/lib\libctru.a(gspgpu.o)
                              C:/devkitPro/libctru/lib\libctru.a(gfx.o) (gspInit)
C:/devkitPro/libctru/lib\libctru.a(hid.o)
                              main.o (hidScanInput)
C:/devkitPro/libctru/lib\libctru.a(irrst.o)
                              C:/devkitPro/libctru/lib\libctru.a(hid.o) (irrstInit)
C:/devkitPro/libctru/lib\libctru.a(mic.o)
                              Microphone.o (micExit)
C:/devkitPro/libctru/lib\libctru.a(rbtree_find.o)
                              C:/devkitPro/libctru/lib\libctru.a(linear.o) (rbtree_find)
C:/devkitPro/libctru/lib\libctru.a(rbtree_init.o)
                              C:/devkitPro/libctru/lib\libctru.a(linear.o) (rbtree_init)
C:/devkitPro/libctru/lib\libctru.a(rbtree_insert.o)
                              C:/devkitPro/libctru/lib\libctru.a(linear.o) (rbtree_insert)
C:/devkitPro/libctru/lib\libctru.a(rbtree_remove.o)
                              C:/devkitPro/libctru/lib\libctru.a(linear.o) (rbtree_remove)
C:/devkitPro/libctru/lib\libctru.a(rbtree_rotate.o)
                              C:/devkitPro/libctru/lib\libctru.a(rbtree_insert.o) (rbtree_rotate)
C:/devkitPro/libctru/lib\libctru.a(allocateHeaps.o)
                              C:/devkitPro/libctru/lib\libctru.a(linear.o) (__ctru_linear_heap_size)
C:/devkitPro/libctru/lib\libctru.a(ctru_init.o)
                              C:/devkitPro/libctru/lib\libctru.a(apt.o) (__system_retAddr)
C:/devkitPro/libctru/lib\libctru.a(initArgv.o)
                              C:/devkitPro/libctru/lib\libctru.a(ctru_init.o) (__system_initArgv)
C:/devkitPro/libctru/lib\libctru.a(syscalls.o)
                              C:/devkitPro/libctru/lib\libctru.a(ctru_init.o) (__system_initSyscalls)
C:/devkitPro/libctru/lib\libctru.a(svc.o)
                              C:/devkitPro/libctru/lib\libctru.a(allocateHeaps.o) (svcControlMemory)
C:/devkitPro/libctru/lib\libctru.a(stack_adjust.o)
                              C:/devkitPro/devkitARM/bin/../lib/gcc/arm-none-eabi/15.2.0/../../../../arm-none-eabi/lib/armv6k/fpu/3dsx_crt0.o (initSystem)
C:/devkitPro/libctru/lib\libctru.a(default_font.bin.o)
                              C:/devkitPro/libctru/lib\libctru.a(console.o) (default_font_bin)
C:/devkitPro/libctru/lib\libctru.a(vram.o)
                              C:/devkitPro/libctru/lib\libctru.a(gfx.o) (vramAlloc)
C:/devkitPro/libctru/lib\libctru.a(3dslink.o)
                              C:/devkitPro/libctru/lib\libctru.a(initArgv.o) (__3dslink_host)
C:/devkitPro/libctru/lib\libctru.a(env.o)
                              C:/devkitPro/libctru/lib\libctru.a(ndsp.o) (envGetHandle)
C:/devkitPro/libctru/lib\libctru.a(os.o)
                              C:/devkitPro/libctru/lib\libctru.a(ndsp-channel.o) (osConvertVirtToPhys)
C:/devkitPro/libctru/lib\libctru.a(srv.o)
                              C:/devkitPro/libctru/lib\libctru.a(apt.o) (srvInit)
C:/devkitPro/libctru/lib\libctru.a(synchronization.o)
                              C:/devkitPro/libctru/lib\libctru.a(ctru_init.o) (__sync_init)
C:/devkitPro/libctru/lib\libctru.a(thread.o)
                              C:/devkitPro/libctru/lib\libctru.a(ndsp.o) (threadCreate)
C:/devkitPro/libctru/lib\libctru.a(mappable.o)
                              C:/devkitPro/libctru/lib\libctru.a(allocateHeaps.o) (mappableInit)
C:/devkitPro/libctru/lib\libctru.a(ptmsysm.o)
                              C:/devkitPro/libctru/lib\libctru.a(os.o) (ptmSysmInit)
C:/devkitPro/libctru/lib\libctru.a(srvpm.o)
                              C:/devkitPro/libctru/lib\libctru.a(srv.o) (srvPmGetSessionHandle)
C:/devkitPro/libctru/lib\libctru.a(soc_connect.o)
                              C:/devkitPro/libctru/lib\libctru.a(3dslink.o) (connect)
[...]
Memory Configuration

Name             Origin             Length             Attributes
*default*        0x00000000         0xffffffff

Linker script and memory map

                0x00000000                        __sync_synchronize = __sync_synchronize_dmb
                0x00100000                        PROVIDE (__start__ = 0x100000)
                0x00100000                        . = __start__

.text           0x00100000    0x10908
 *(.crt0)
 .crt0          0x00100000       0x94 C:/devkitPro/devkitARM/bin/../lib/gcc/arm-none-eabi/15.2.0/../../../../arm-none-eabi/lib/armv6k/fpu/3dsx_crt0.o
                0x00100000                _start
                0x00100008                __service_ptr
                0x0010000c                __apt_appid
                0x00100010                __heap_size
                0x00100014                __linear_heap_size
                0x00100018                __system_arglist
                0x0010001c                __system_runflags
 *(.init)
 .init          0x00100094        0xc C:/devkitPro/devkitARM/bin/../lib/gcc/arm-none-eabi/15.2.0/armv6k/fpu/crti.o
                0x00100094                _init
 .init          0x001000a0        0xc C:/devkitPro/devkitARM/bin/../lib/gcc/arm-none-eabi/15.2.0/armv6k/fpu/crtn.o
                0x001000ac                        . = ALIGN (0x4)
 *(.text)
 .text          0x001000ac      0x240 C:/devkitPro/devkitARM/bin/../lib/gcc/arm-none-eabi/15.2.0/armv6k/fpu\libgcc.a(_divsi3.o)
                0x001000ac                __divsi3
                0x001000ac                __aeabi_idiv
                0x001002cc                __aeabi_idivmod
 .text          0x001002ec        0x4 C:/devkitPro/devkitARM/bin/../lib/gcc/arm-none-eabi/15.2.0/armv6k/fpu\libgcc.a(_dvmd_tls.o)
                0x001002ec                __aeabi_idiv0
                0x001002ec                __aeabi_ldiv0
 *fill*         0x001002f0       0x10 
 .text          0x00100300      0x390 C:/devkitPro/devkitARM/bin/../lib/gcc/arm-none-eabi/15.2.0/../../../../arm-none-eabi/lib/armv6k/fpu\libg.a(libc_a-strcmp.o)
                0x00100308                strcmp
 .text          0x00100690      0x20c C:/devkitPro/devkitARM/bin/../lib/gcc/arm-none-eabi/15.2.0/armv6k/fpu\libgcc.a(_udivsi3.o)
                0x00100690                __aeabi_uidiv
                0x00100690                __udivsi3
                0x0010087c                __aeabi_uidivmod
 *(.text.*)
 .text.__do_global_dtors_aux
                0x0010089c       0x50 C:/devkitPro/devkitARM/bin/../lib/gcc/arm-none-eabi/15.2.0/armv6k/fpu/crtbegin.o
 .text.frame_dummy
                0x001008ec       0x2c C:/devkitPro/devkitARM/bin/../lib/gcc/arm-none-eabi/15.2.0/armv6k/fpu/crtbegin.o
 .text._ZN10MicrophoneC2Ej
                0x00100918       0x38 Microphone.o
                0x00100918                _ZN10MicrophoneC1Ej
                0x00100918                _ZN10MicrophoneC2Ej
 .text._ZN10MicrophoneD2Ev
                0x00100950       0x58 Microphone.o
                0x00100950                _ZN10MicrophoneD2Ev
                0x00100950                _ZN10MicrophoneD1Ev
 .text._ZN10Microphone5startEv
                0x001009a8       0x64 Microphone.o
                0x001009a8                _ZN10Microphone5startEv
 .text._ZN10Microphone4stopEv
                0x00100a0c       0x34 Microphone.o
                0x00100a0c                _ZN10Microphone4stopEv
 .text._ZN10Microphone15getBufferLengthEv
                0x00100a40        0x8 Microphone.o
                0x00100a40                _ZN10Microphone15getBufferLengthEv
 .text._ZN10Microphone9getSampleEj
                0x00100a48       0x1c Microphone.o
                0x00100a48                _ZN10Microphone9getSampleEj
 .text._ZN11AudioEngineC2Ej
                0x00100a64       0x3c audio_engine.o
                0x00100a64                _ZN11AudioEngineC2Ej
                0x00100a64                _ZN11AudioEngineC1Ej
 .text._ZN11AudioEngineD2Ev
                0x00100aa0       0x38 audio_engine.o
                0x00100aa0                _ZN11AudioEngineD2Ev
                0x00100aa0                _ZN11AudioEngineD1Ev
 .text._ZN11AudioEngine4initEv
                0x00100ad8       0x5c audio_engine.o
                0x00100ad8                _ZN11AudioEngine4initEv
 .text._ZN11AudioEngine6updateEv
                0x00100b34        0x4 audio_engine.o
                0x00100b34                _ZN11AudioEngine6updateEv
 .text._ZN11AudioEngine9setSampleEjs
                0x00100b38       0x18 audio_engine.o
                0x00100b38                _ZN11AudioEngine9setSampleEjs
 .text.startup.main
                0x00100b50      0x118 main.o
                0x00100b50                main
 .text._ZL21addrMapNodeComparatorPK11rbtree_nodeS1_
                0x00100c68       0x24 C:/devkitPro/libctru/lib\libctru.a(linear.o)
 .text._ZL21addrMapNodeDestructorP11rbtree_node
                0x00100c8c        0x4 C:/devkitPro/libctru/lib\libctru.a(linear.o)
 .text.linearMemAlign
                0x00100c90      0x12c C:/devkitPro/libctru/lib\libctru.a(linear.o)
                0x00100c90                linearMemAlign
 .text.linearAlloc
                0x00100dbc        0x8 C:/devkitPro/libctru/lib\libctru.a(linear.o)
                0x00100dbc                linearAlloc
 .text.linearFree
                0x00100dc4       0x5c C:/devkitPro/libctru/lib\libctru.a(linear.o)
                0x00100dc4                linearFree
 .text._ZN7MemPool13CoalesceRightEP8MemBlock
                0x00100e20       0x88 C:/devkitPro/libctru/lib\libctru.a(mem_pool.o)
                0x00100e20                _ZN7MemPool13CoalesceRightEP8MemBlock
 .text._ZN7MemPool8AllocateER8MemChunkmi
                0x00100ea8      0x178 C:/devkitPro/libctru/lib\libctru.a(mem_pool.o)
                0x00100ea8                _ZN7MemPool8AllocateER8MemChunkmi
 .text._ZN7MemPool10DeallocateERK8MemChunk
                0x00101020      0x118 C:/devkitPro/libctru/lib\libctru.a(mem_pool.o)
                0x00101020                _ZN7MemPool10DeallocateERK8MemChunk
 .text._ZN7MemPool12GetFreeSpaceEv
                0x00101138       0x30 C:/devkitPro/libctru/lib\libctru.a(mem_pool.o)
                0x00101138                _ZN7MemPool12GetFreeSpaceEv
 .text.consoleDrawChar
                0x00101168      0x1c8 C:/devkitPro/libctru/lib\libctru.a(console.o)
                0x00101168                consoleDrawChar
 .text.consolePrintChar
                0x00101330      0x170 C:/devkitPro/libctru/lib\libctru.a(console.o)
                0x00101330                consolePrintChar
 .text.con_write
                0x001014a0      0xcc8 C:/devkitPro/libctru/lib\libctru.a(console.o)
                0x001014a0                con_write
 .text.newRow   0x00102168       0xfc C:/devkitPro/libctru/lib\libctru.a(console.o)
 .text.consoleInit
                0x00102264      0x180 C:/devkitPro/libctru/lib\libctru.a(console.o)
                0x00102264                consoleInit
 .text.gfxPresentFramebuffer
                0x001023e4       0xcc C:/devkitPro/libctru/lib\libctru.a(gfx.o)
 .text.gfxIsWide
                0x001024b0       0x1c C:/devkitPro/libctru/lib\libctru.a(gfx.o)
                0x001024b0                gfxIsWide
 .text.gfxSetScreenFormat
                0x001024cc       0xf8 C:/devkitPro/libctru/lib\libctru.a(gfx.o)
                0x001024cc                gfxSetScreenFormat
 .text.gfxSetDoubleBuffering
                0x001025c4       0x10 C:/devkitPro/libctru/lib\libctru.a(gfx.o)
                0x001025c4                gfxSetDoubleBuffering
 .text.gfxInit  0x001025d4       0xd8 C:/devkitPro/libctru/lib\libctru.a(gfx.o)
                0x001025d4                gfxInit
 .text.gfxInitDefault
                0x001026ac       0x10 C:/devkitPro/libctru/lib\libctru.a(gfx.o)
                0x001026ac                gfxInitDefault
 .text.gfxExit  0x001026bc       0xb8 C:/devkitPro/libctru/lib\libctru.a(gfx.o)
                0x001026bc                gfxExit
 .text.gfxGetFramebuffer
                0x00102774       0xa0 C:/devkitPro/libctru/lib\libctru.a(gfx.o)
                0x00102774                gfxGetFramebuffer
 .text.gfxFlushBuffers
                0x00102814      0x100 C:/devkitPro/libctru/lib\libctru.a(gfx.o)
                0x00102814                gfxFlushBuffers
 .text.gfxSwapBuffers
                0x00102914       0x50 C:/devkitPro/libctru/lib\libctru.a(gfx.o)
                0x00102914                gfxSwapBuffers
 .text.gfxSwapBuffersGpu
                0x00102964       0x50 C:/devkitPro/libctru/lib\libctru.a(gfx.o)
                0x00102964                gfxSwapBuffersGpu
 .text.ndspUpdateMaster
                0x001029b4      0x158 C:/devkitPro/libctru/lib\libctru.a(ndsp.o)
 *fill*         0x00102b0c        0x4 
 .text.ndspFinalize
                0x00102b10      0x108 C:/devkitPro/libctru/lib\libctru.a(ndsp.o)
 .text.ndspInitialize.part.0
                0x00102c18      0x25c C:/devkitPro/libctru/lib\libctru.a(ndsp.o)
 .text.ndspHookCallback
                0x00102e74      0x108 C:/devkitPro/libctru/lib\libctru.a(ndsp.o)
 *fill*         0x00102f7c        0x4 
 .text.ndspThreadMain
                0x00102f80      0x318 C:/devkitPro/libctru/lib\libctru.a(ndsp.o)
 .text.ndspInit
                0x00103298      0x3f0 C:/devkitPro/libctru/lib\libctru.a(ndsp.o)
                0x00103298                ndspInit
 .text.ndspSetOutputMode
                0x00103688       0x34 C:/devkitPro/libctru/lib\libctru.a(ndsp.o)
                0x00103688                ndspSetOutputMode
 .text.ndspChnReset
                0x001036bc       0xe0 C:/devkitPro/libctru/lib\libctru.a(ndsp-channel.o)
                0x001036bc                ndspChnReset
 .text.ndspChnWaveBufAdd
                0x0010379c       0xc8 C:/devkitPro/libctru/lib\libctru.a(ndsp-channel.o)
                0x0010379c                ndspChnWaveBufAdd
 .text.ndspiInitChn
                0x00103864       0x40 C:/devkitPro/libctru/lib\libctru.a(ndsp-channel.o)
                0x00103864                ndspiInitChn
 .text.ndspiDirtyChn
                0x001038a4       0x2c C:/devkitPro/libctru/lib\libctru.a(ndsp-channel.o)
                0x001038a4                ndspiDirtyChn
 .text.ndspiUpdateChn
                0x001038d0      0x43c C:/devkitPro/libctru/lib\libctru.a(ndsp-channel.o)
                0x001038d0                ndspiUpdateChn
 .text.ndspiReadChnState
                0x00103d0c      0x180 C:/devkitPro/libctru/lib\libctru.a(ndsp-channel.o)
                0x00103d0c                ndspiReadChnState
 .text.aptConvertScreenForCapture
                0x00103e8c      0x180 C:/devkitPro/libctru/lib\libctru.a(apt.o)
 .text.aptSendCommand
                0x0010400c      0x138 C:/devkitPro/libctru/lib\libctru.a(apt.o)
                0x0010400c                aptSendCommand
 *fill*         0x00104144        0x4 
 .text.aptExitProcess
                0x00104148       0x44 C:/devkitPro/libctru/lib\libctru.a(apt.o)
 .text.aptExit  0x0010418c      0x394 C:/devkitPro/libctru/lib\libctru.a(apt.o)
                0x0010418c                aptExit
 .text.aptHandleSleep
                0x00104520       0xd8 C:/devkitPro/libctru/lib\libctru.a(apt.o)
                0x00104520                aptHandleSleep
 .text.APT_SleepIfShellClosed
                0x001045f8       0x84 C:/devkitPro/libctru/lib\libctru.a(apt.o)
                0x001045f8                APT_SleepIfShellClosed
 .text.aptSetSleepAllowed
                0x0010467c       0x78 C:/devkitPro/libctru/lib\libctru.a(apt.o)
                0x0010467c                aptSetSleepAllowed
 .text.APT_UnlockTransition
                0x001046f4       0x84 C:/devkitPro/libctru/lib\libctru.a(apt.o)
                0x001046f4                APT_UnlockTransition
 .text.aptEventHandler
                0x00104778      0x470 C:/devkitPro/libctru/lib\libctru.a(apt.o)
 .text.APT_ReceiveParameter
                0x00104be8       0xbc C:/devkitPro/libctru/lib\libctru.a(apt.o)
                0x00104be8                APT_ReceiveParameter
 .text.aptReceiveParameter.constprop.0
                0x00104ca4       0xb0 C:/devkitPro/libctru/lib\libctru.a(apt.o)
 *fill*         0x00104d54        0x4 
 .text.aptScreenTransfer
                0x00104d58      0x294 C:/devkitPro/libctru/lib\libctru.a(apt.o)
 .text.aptWaitForWakeUp.isra.0
                0x00104fec      0x2d0 C:/devkitPro/libctru/lib\libctru.a(apt.o)
 .text.aptJumpToHomeMenu
                0x001052bc       0xf4 C:/devkitPro/libctru/lib\libctru.a(apt.o)
                0x001052bc                aptJumpToHomeMenu
 .text.aptMainLoop
                0x001053b0       0x58 C:/devkitPro/libctru/lib\libctru.a(apt.o)
                0x001053b0                aptMainLoop
 .text.aptInit  0x00105408      0x240 C:/devkitPro/libctru/lib\libctru.a(apt.o)
                0x00105408                aptInit
 .text.APT_CheckNew3DS
                0x00105648       0x90 C:/devkitPro/libctru/lib\libctru.a(apt.o)
                0x00105648                APT_CheckNew3DS
 .text.cfguInit
                0x001056d8       0xa8 C:/devkitPro/libctru/lib\libctru.a(cfgu.o)
                0x001056d8                cfguInit
 .text.cfguExit
                0x00105780       0x3c C:/devkitPro/libctru/lib\libctru.a(cfgu.o)
                0x00105780                cfguExit
 .text.CFGU_GetConfigInfoBlk2
                0x001057bc       0x4c C:/devkitPro/libctru/lib\libctru.a(cfgu.o)
                0x001057bc                CFGU_GetConfigInfoBlk2
 .text.DSP_LoadComponent.part.0
                0x00105808       0xa4 C:/devkitPro/libctru/lib\libctru.a(dsp.o)
 .text.dspInit  0x001058ac       0xfc C:/devkitPro/libctru/lib\libctru.a(dsp.o)
                0x001058ac                dspInit
 .text.dspExit  0x001059a8       0x8c C:/devkitPro/libctru/lib\libctru.a(dsp.o)
                0x001059a8                dspExit
 .text.dspHook  0x00105a34       0x24 C:/devkitPro/libctru/lib\libctru.a(dsp.o)
                0x00105a34                dspHook
 .text.aptDspSleep
                0x00105a58       0xb4 C:/devkitPro/libctru/lib\libctru.a(dsp.o)
                0x00105a58                aptDspSleep
 .text.aptDspWakeup
                0x00105b0c       0xb4 C:/devkitPro/libctru/lib\libctru.a(dsp.o)
                0x00105b0c                aptDspWakeup
 .text.aptDspCancel
                0x00105bc0       0x44 C:/devkitPro/libctru/lib\libctru.a(dsp.o)
                0x00105bc0                aptDspCancel
 .text.DSP_SetSemaphore
                0x00105c04       0x34 C:/devkitPro/libctru/lib\libctru.a(dsp.o)
                0x00105c04                DSP_SetSemaphore
 .text.DSP_SetSemaphoreMask
                0x00105c38       0x34 C:/devkitPro/libctru/lib\libctru.a(dsp.o)
                0x00105c38                DSP_SetSemaphoreMask
 .text.DSP_GetSemaphoreHandle
                0x00105c6c       0x38 C:/devkitPro/libctru/lib\libctru.a(dsp.o)
                0x00105c6c                DSP_GetSemaphoreHandle
 .text.DSP_LoadComponent
                0x00105ca4       0x3c C:/devkitPro/libctru/lib\libctru.a(dsp.o)
                0x00105ca4                DSP_LoadComponent
 .text.DSP_RegisterInterruptEvents
                0x00105ce0       0x44 C:/devkitPro/libctru/lib\libctru.a(dsp.o)
                0x00105ce0                DSP_RegisterInterruptEvents
 .text.DSP_ReadPipeIfPossible
                0x00105d24       0x78 C:/devkitPro/libctru/lib\libctru.a(dsp.o)
                0x00105d24                DSP_ReadPipeIfPossible
 .text.DSP_WriteProcessPipe
                0x00105d9c       0x4c C:/devkitPro/libctru/lib\libctru.a(dsp.o)
                0x00105d9c                DSP_WriteProcessPipe
 .text.DSP_ConvertProcessAddressFromDspDram
                0x00105de8       0x44 C:/devkitPro/libctru/lib\libctru.a(dsp.o)
                0x00105de8                DSP_ConvertProcessAddressFromDspDram
 .text.DSP_RecvData
                0x00105e2c       0x44 C:/devkitPro/libctru/lib\libctru.a(dsp.o)
                0x00105e2c                DSP_RecvData
 .text.DSP_RecvDataIsReady
                0x00105e70       0x50 C:/devkitPro/libctru/lib\libctru.a(dsp.o)
                0x00105e70                DSP_RecvDataIsReady
 .text.fsInit   0x00105ec0      0x104 C:/devkitPro/libctru/lib\libctru.a(fs.o)
                0x00105ec0                fsInit
 .text.fsExit   0x00105fc4       0x3c C:/devkitPro/libctru/lib\libctru.a(fs.o)
                0x00105fc4                fsExit
 .text.fsExemptFromSession
                0x00106000       0x68 C:/devkitPro/libctru/lib\libctru.a(fs.o)
                0x00106000                fsExemptFromSession
 .text.fsUnexemptFromSession
                0x00106068       0x50 C:/devkitPro/libctru/lib\libctru.a(fs.o)
                0x00106068                fsUnexemptFromSession
 .text.FSUSER_OpenFile
                0x001060b8       0xcc C:/devkitPro/libctru/lib\libctru.a(fs.o)
                0x001060b8                FSUSER_OpenFile
 .text.FSUSER_OpenFileDirectly
                0x00106184       0xcc C:/devkitPro/libctru/lib\libctru.a(fs.o)
                0x00106184                FSUSER_OpenFileDirectly
 .text.FSUSER_DeleteFile
                0x00106250       0xb8 C:/devkitPro/libctru/lib\libctru.a(fs.o)
                0x00106250                FSUSER_DeleteFile
 .text.FSUSER_RenameFile
                0x00106308       0xf4 C:/devkitPro/libctru/lib\libctru.a(fs.o)
                0x00106308                FSUSER_RenameFile
 .text.FSUSER_DeleteDirectory
                0x001063fc       0xb8 C:/devkitPro/libctru/lib\libctru.a(fs.o)
                0x001063fc                FSUSER_DeleteDirectory
 .text.FSUSER_CreateFile
                0x001064b4       0xd0 C:/devkitPro/libctru/lib\libctru.a(fs.o)
                0x001064b4                FSUSER_CreateFile
 .text.FSUSER_CreateDirectory
                0x00106584       0xc0 C:/devkitPro/libctru/lib\libctru.a(fs.o)
                0x00106584                FSUSER_CreateDirectory
 .text.FSUSER_RenameDirectory
                0x00106644       0xf4 C:/devkitPro/libctru/lib\libctru.a(fs.o)
                0x00106644                FSUSER_RenameDirectory
 .text.FSUSER_OpenDirectory
                0x00106738       0xb4 C:/devkitPro/libctru/lib\libctru.a(fs.o)
                0x00106738                FSUSER_OpenDirectory
 .text.FSUSER_OpenArchive
                0x001067ec       0x90 C:/devkitPro/libctru/lib\libctru.a(fs.o)
                0x001067ec                FSUSER_OpenArchive
 .text.FSUSER_CloseArchive
                0x0010687c       0x8c C:/devkitPro/libctru/lib\libctru.a(fs.o)
                0x0010687c                FSUSER_CloseArchive
 .text.FSUSER_GetSdmcArchiveResource
                0x00106908       0x74 C:/devkitPro/libctru/lib\libctru.a(fs.o)
                0x00106908                FSUSER_GetSdmcArchiveResource
 .text.FSUSER_IsSdmcWritable
                0x0010697c       0x64 C:/devkitPro/libctru/lib\libctru.a(fs.o)
                0x0010697c                FSUSER_IsSdmcWritable
 .text.FSFILE_Read
                0x001069e0       0x64 C:/devkitPro/libctru/lib\libctru.a(fs.o)
                0x001069e0                FSFILE_Read
 .text.FSFILE_Write
                0x00106a44       0x6c C:/devkitPro/libctru/lib\libctru.a(fs.o)
                0x00106a44                FSFILE_Write
 .text.FSFILE_GetSize
                0x00106ab0       0x44 C:/devkitPro/libctru/lib\libctru.a(fs.o)
                0x00106ab0                FSFILE_GetSize
 .text.FSFILE_SetSize
                0x00106af4       0x28 C:/devkitPro/libctru/lib\libctru.a(fs.o)
                0x00106af4                FSFILE_SetSize
 .text.FSFILE_Close
                0x00106b1c       0x3c C:/devkitPro/libctru/lib\libctru.a(fs.o)
                0x00106b1c                FSFILE_Close
 .text.FSFILE_Flush
                0x00106b58       0x24 C:/devkitPro/libctru/lib\libctru.a(fs.o)
                0x00106b58                FSFILE_Flush
 .text.FSDIR_Read
                0x00106b7c       0x60 C:/devkitPro/libctru/lib\libctru.a(fs.o)
                0x00106b7c                FSDIR_Read
 .text.FSDIR_Close
                0x00106bdc       0x3c C:/devkitPro/libctru/lib\libctru.a(fs.o)
                0x00106bdc                FSDIR_Close
 .text.gspHardwareInit
                0x00106c18      0xc70 C:/devkitPro/libctru/lib\libctru.a(gspgpu.o)
 .text.gspInit  0x00107888      0x288 C:/devkitPro/libctru/lib\libctru.a(gspgpu.o)
                0x00107888                gspInit
 .text.gspExit  0x00107b10      0x104 C:/devkitPro/libctru/lib\libctru.a(gspgpu.o)
                0x00107b10                gspExit
 .text.gspHasGpuRight
                0x00107c14       0x10 C:/devkitPro/libctru/lib\libctru.a(gspgpu.o)
                0x00107c14                gspHasGpuRight
 .text.gspPresentBuffer
                0x00107c24       0xa4 C:/devkitPro/libctru/lib\libctru.a(gspgpu.o)
                0x00107c24                gspPresentBuffer
 .text.gspWaitForEvent
                0x00107cc8       0x50 C:/devkitPro/libctru/lib\libctru.a(gspgpu.o)
                0x00107cc8                gspWaitForEvent
 .text.gxCmdQueueInterrupt
                0x00107d18        0x4 C:/devkitPro/libctru/lib\libctru.a(gspgpu.o)
                0x00107d18                gxCmdQueueInterrupt
 .text.gspEventThreadMain
                0x00107d1c      0x154 C:/devkitPro/libctru/lib\libctru.a(gspgpu.o)
 .text.GSPGPU_FlushDataCache
                0x00107e70       0x50 C:/devkitPro/libctru/lib\libctru.a(gspgpu.o)
                0x00107e70                GSPGPU_FlushDataCache
 .text.GSPGPU_SetLcdForceBlack
                0x00107ec0       0x34 C:/devkitPro/libctru/lib\libctru.a(gspgpu.o)
                0x00107ec0                GSPGPU_SetLcdForceBlack
 .text.GSPGPU_AcquireRight
                0x00107ef4       0x84 C:/devkitPro/libctru/lib\libctru.a(gspgpu.o)
                0x00107ef4                GSPGPU_AcquireRight
 .text.GSPGPU_ReleaseRight
                0x00107f78       0x64 C:/devkitPro/libctru/lib\libctru.a(gspgpu.o)
                0x00107f78                GSPGPU_ReleaseRight
 .text.GSPGPU_ImportDisplayCaptureInfo
                0x00107fdc       0x7c C:/devkitPro/libctru/lib\libctru.a(gspgpu.o)
                0x00107fdc                GSPGPU_ImportDisplayCaptureInfo
 .text.GSPGPU_SaveVramSysArea
                0x00108058       0x2c C:/devkitPro/libctru/lib\libctru.a(gspgpu.o)
                0x00108058                GSPGPU_SaveVramSysArea
 .text.GSPGPU_RestoreVramSysArea
                0x00108084       0x2c C:/devkitPro/libctru/lib\libctru.a(gspgpu.o)
                0x00108084                GSPGPU_RestoreVramSysArea
 .text.hidShouldUseIrrst
                0x001080b0       0x24 C:/devkitPro/libctru/lib\libctru.a(hid.o)
                0x001080b0                hidShouldUseIrrst
 .text.hidInit  0x001080d4      0x1cc C:/devkitPro/libctru/lib\libctru.a(hid.o)
                0x001080d4                hidInit
 .text.hidExit  0x001082a0       0xe8 C:/devkitPro/libctru/lib\libctru.a(hid.o)
                0x001082a0                hidExit
 .text.hidScanInput
                0x00108388      0x2a0 C:/devkitPro/libctru/lib\libctru.a(hid.o)
                0x00108388                hidScanInput
 .text.hidKeysDown
                0x00108628       0x10 C:/devkitPro/libctru/lib\libctru.a(hid.o)
                0x00108628                hidKeysDown
 .text.irrstInit
                0x00108638      0x1a4 C:/devkitPro/libctru/lib\libctru.a(irrst.o)
                0x00108638                irrstInit
 .text.irrstExit
                0x001087dc       0xdc C:/devkitPro/libctru/lib\libctru.a(irrst.o)
                0x001087dc                irrstExit
 .text.irrstScanInput
                0x001088b8       0xb4 C:/devkitPro/libctru/lib\libctru.a(irrst.o)
                0x001088b8                irrstScanInput
 .text.irrstKeysHeld
                0x0010896c       0x24 C:/devkitPro/libctru/lib\libctru.a(irrst.o)
                0x0010896c                irrstKeysHeld
 .text.micExit  0x00108990      0x104 C:/devkitPro/libctru/lib\libctru.a(mic.o)
                0x00108990                micExit
 .text.micInit  0x00108a94      0x138 C:/devkitPro/libctru/lib\libctru.a(mic.o)
                0x00108a94                micInit
 .text.MICU_StartSampling
                0x00108bcc       0x48 C:/devkitPro/libctru/lib\libctru.a(mic.o)
                0x00108bcc                MICU_StartSampling
 .text.MICU_StopSampling
                0x00108c14       0x2c C:/devkitPro/libctru/lib\libctru.a(mic.o)
                0x00108c14                MICU_StopSampling
 .text.rbtree_find
                0x00108c40       0x74 C:/devkitPro/libctru/lib\libctru.a(rbtree_find.o)
                0x00108c40                rbtree_find
 .text.rbtree_init
                0x00108cb4       0x10 C:/devkitPro/libctru/lib\libctru.a(rbtree_init.o)
                0x00108cb4                rbtree_init
 .text.do_insert
                0x00108cc4      0x198 C:/devkitPro/libctru/lib\libctru.a(rbtree_insert.o)
 .text.rbtree_insert
                0x00108e5c        0x8 C:/devkitPro/libctru/lib\libctru.a(rbtree_insert.o)
                0x00108e5c                rbtree_insert
 .text.rbtree_remove
                0x00108e64      0x310 C:/devkitPro/libctru/lib\libctru.a(rbtree_remove.o)
                0x00108e64                rbtree_remove
 .text.rbtree_rotate
                0x00109174       0x90 C:/devkitPro/libctru/lib\libctru.a(rbtree_rotate.o)
                0x00109174                rbtree_rotate
 *fill*         0x00109204        0x4 
 .text.__system_allocateHeaps
                0x00109208      0x1e8 C:/devkitPro/libctru/lib\libctru.a(allocateHeaps.o)
                0x00109208                __system_allocateHeaps
 .text.__libctru_init
                0x001093f0       0x38 C:/devkitPro/libctru/lib\libctru.a(ctru_init.o)
                0x001093f0                __libctru_init
 .text.__system_initArgv
                0x00109428      0x16c C:/devkitPro/libctru/lib\libctru.a(initArgv.o)
                0x00109428                __system_initArgv
 .text.__syscall_getreent
                0x00109594       0x30 C:/devkitPro/libctru/lib\libctru.a(syscalls.o)
                0x00109594                __syscall_getreent
 .text.__syscall_lock_acquire
                0x001095c4        0x4 C:/devkitPro/libctru/lib\libctru.a(syscalls.o)
                0x001095c4                __syscall_lock_acquire
 .text.__syscall_lock_release
                0x001095c8        0x4 C:/devkitPro/libctru/lib\libctru.a(syscalls.o)
                0x001095c8                __syscall_lock_release
 .text.__syscall_lock_acquire_recursive
                0x001095cc        0x4 C:/devkitPro/libctru/lib\libctru.a(syscalls.o)
                0x001095cc                __syscall_lock_acquire_recursive
 .text.__syscall_lock_release_recursive
                0x001095d0        0x4 C:/devkitPro/libctru/lib\libctru.a(syscalls.o)
                0x001095d0                __syscall_lock_release_recursive
 .text.__syscall_exit
                0x001095d4        0x4 C:/devkitPro/libctru/lib\libctru.a(syscalls.o)
                0x001095d4                __syscall_exit
 .text.initThreadVars
                0x001095d8       0x54 C:/devkitPro/libctru/lib\libctru.a(syscalls.o)
                0x001095d8                initThreadVars
 .text.__system_initSyscalls
                0x0010962c       0x80 C:/devkitPro/libctru/lib\libctru.a(syscalls.o)
                0x0010962c                __system_initSyscalls
 .text.svcControlMemory
                0x001096ac       0x20 C:/devkitPro/libctru/lib\libctru.a(svc.o)
                0x001096ac                svcControlMemory
 .text.svcQueryMemory
                0x001096cc       0x30 C:/devkitPro/libctru/lib\libctru.a(svc.o)
                0x001096cc                svcQueryMemory
 .text.svcExitProcess
                0x001096fc        0x8 C:/devkitPro/libctru/lib\libctru.a(svc.o)
                0x001096fc                svcExitProcess
 .text.svcCreateThread
                0x00109704       0x20 C:/devkitPro/libctru/lib\libctru.a(svc.o)
                0x00109704                svcCreateThread
 .text.svcExitThread
                0x00109724        0x8 C:/devkitPro/libctru/lib\libctru.a(svc.o)
                0x00109724                svcExitThread
 .text.svcSleepThread
                0x0010972c        0x8 C:/devkitPro/libctru/lib\libctru.a(svc.o)
                0x0010972c                svcSleepThread
 .text.svcReleaseMutex
                0x00109734        0x8 C:/devkitPro/libctru/lib\libctru.a(svc.o)
                0x00109734                svcReleaseMutex
 .text.svcCreateEvent
                0x0010973c       0x14 C:/devkitPro/libctru/lib\libctru.a(svc.o)
                0x0010973c                svcCreateEvent
 .text.svcSignalEvent
                0x00109750        0x8 C:/devkitPro/libctru/lib\libctru.a(svc.o)
                0x00109750                svcSignalEvent
 .text.svcClearEvent
                0x00109758        0x8 C:/devkitPro/libctru/lib\libctru.a(svc.o)
                0x00109758                svcClearEvent
 .text.svcCreateMemoryBlock
                0x00109760       0x18 C:/devkitPro/libctru/lib\libctru.a(svc.o)
                0x00109760                svcCreateMemoryBlock
 .text.svcMapMemoryBlock
                0x00109778        0x8 C:/devkitPro/libctru/lib\libctru.a(svc.o)
                0x00109778                svcMapMemoryBlock
 .text.svcUnmapMemoryBlock
                0x00109780        0x8 C:/devkitPro/libctru/lib\libctru.a(svc.o)
                0x00109780                svcUnmapMemoryBlock
 .text.svcCreateAddressArbiter
                0x00109788       0x14 C:/devkitPro/libctru/lib\libctru.a(svc.o)
                0x00109788                svcCreateAddressArbiter
 .text.svcArbitrateAddressNoTimeout
                0x0010979c        0x8 C:/devkitPro/libctru/lib\libctru.a(svc.o)
                0x0010979c                svcArbitrateAddressNoTimeout
 .text.svcCloseHandle
                0x001097a4        0x8 C:/devkitPro/libctru/lib\libctru.a(svc.o)
                0x001097a4                svcCloseHandle
 .text.svcWaitSynchronization
                0x001097ac        0x8 C:/devkitPro/libctru/lib\libctru.a(svc.o)
                0x001097ac                svcWaitSynchronization
 .text.svcWaitSynchronizationN
                0x001097b4       0x28 C:/devkitPro/libctru/lib\libctru.a(svc.o)
                0x001097b4                svcWaitSynchronizationN
 .text.svcDuplicateHandle
                0x001097dc       0x14 C:/devkitPro/libctru/lib\libctru.a(svc.o)
                0x001097dc                svcDuplicateHandle
 .text.svcConnectToPort
                0x001097f0       0x14 C:/devkitPro/libctru/lib\libctru.a(svc.o)
                0x001097f0                svcConnectToPort
 .text.svcSendSyncRequest
                0x00109804        0x8 C:/devkitPro/libctru/lib\libctru.a(svc.o)
                0x00109804                svcSendSyncRequest
 .text.svcGetResourceLimit
                0x0010980c       0x14 C:/devkitPro/libctru/lib\libctru.a(svc.o)
                0x0010980c                svcGetResourceLimit
 .text.svcGetResourceLimitLimitValues
                0x00109820        0x8 C:/devkitPro/libctru/lib\libctru.a(svc.o)
                0x00109820                svcGetResourceLimitLimitValues
 .text.svcGetResourceLimitCurrentValues
                0x00109828        0x8 C:/devkitPro/libctru/lib\libctru.a(svc.o)
                0x00109828                svcGetResourceLimitCurrentValues
 .text.svcBreak
                0x00109830        0x8 C:/devkitPro/libctru/lib\libctru.a(svc.o)
                0x00109830                svcBreak
 .text.initSystem
                0x00109838       0x50 C:/devkitPro/libctru/lib\libctru.a(stack_adjust.o)
                0x00109838                initSystem
 .text.__ctru_exit
                0x00109888       0x14 C:/devkitPro/libctru/lib\libctru.a(stack_adjust.o)
                0x00109888                __ctru_exit
 .text._ZL21addrMapNodeComparatorPK11rbtree_nodeS1_
                0x0010989c       0x24 C:/devkitPro/libctru/lib\libctru.a(vram.o)
 .text._ZL21addrMapNodeDestructorP11rbtree_node
                0x001098c0        0x4 C:/devkitPro/libctru/lib\libctru.a(vram.o)
 .text.vramMemAlignAt
                0x001098c4      0x248 C:/devkitPro/libctru/lib\libctru.a(vram.o)
                0x001098c4                vramMemAlignAt
 .text.vramAlloc
                0x00109b0c        0xc C:/devkitPro/libctru/lib\libctru.a(vram.o)
                0x00109b0c                vramAlloc
 .text.vramFree
                0x00109b18       0x94 C:/devkitPro/libctru/lib\libctru.a(vram.o)
                0x00109b18                vramFree
 .text.envGetHandle
                0x00109bac       0x8c C:/devkitPro/libctru/lib\libctru.a(env.o)
                0x00109bac                envGetHandle
 .text.envDestroyHandles
                0x00109c38       0x50 C:/devkitPro/libctru/lib\libctru.a(env.o)
                0x00109c38                envDestroyHandles
 .text.osConvertVirtToPhys
                0x00109c88       0x74 C:/devkitPro/libctru/lib\libctru.a(os.o)
                0x00109c88                osConvertVirtToPhys
 .text.__ctru_speedup_config
                0x00109cfc       0x34 C:/devkitPro/libctru/lib\libctru.a(os.o)
                0x00109cfc                __ctru_speedup_config
 .text.srvInit  0x00109d30      0x164 C:/devkitPro/libctru/lib\libctru.a(srv.o)
                0x00109d30                srvInit
 .text.srvExit  0x00109e94       0x64 C:/devkitPro/libctru/lib\libctru.a(srv.o)
                0x00109e94                srvExit
 .text.srvEnableNotification
                0x00109ef8       0x60 C:/devkitPro/libctru/lib\libctru.a(srv.o)
                0x00109ef8                srvEnableNotification
 .text.srvGetServiceHandleDirect
                0x00109f58       0xa0 C:/devkitPro/libctru/lib\libctru.a(srv.o)
                0x00109f58                srvGetServiceHandleDirect
 .text.srvGetServiceHandle
                0x00109ff8       0x48 C:/devkitPro/libctru/lib\libctru.a(srv.o)
                0x00109ff8                srvGetServiceHandle
 .text.srvSubscribe
                0x0010a040       0x34 C:/devkitPro/libctru/lib\libctru.a(srv.o)
                0x0010a040                srvSubscribe
 .text.srvReceiveNotification
                0x0010a074       0x60 C:/devkitPro/libctru/lib\libctru.a(srv.o)
                0x0010a074                srvReceiveNotification
 .text.srvPublishToSubscriber
                0x0010a0d4       0x38 C:/devkitPro/libctru/lib\libctru.a(srv.o)
                0x0010a0d4                srvPublishToSubscriber
 .text.__sync_init
                0x0010a10c        0xc C:/devkitPro/libctru/lib\libctru.a(synchronization.o)
                0x0010a10c                __sync_init
 .text.__sync_fini
                0x0010a118       0x18 C:/devkitPro/libctru/lib\libctru.a(synchronization.o)
                0x0010a118                __sync_fini
 .text.syncArbitrateAddress
                0x0010a130       0x28 C:/devkitPro/libctru/lib\libctru.a(synchronization.o)
                0x0010a130                syncArbitrateAddress
 .text.LightLock_Init
                0x0010a158       0x1c C:/devkitPro/libctru/lib\libctru.a(synchronization.o)
                0x0010a158                LightLock_Init
 .text.LightLock_Lock
                0x0010a174       0xac C:/devkitPro/libctru/lib\libctru.a(synchronization.o)
                0x0010a174                LightLock_Lock
 .text.LightLock_Unlock
                0x0010a220       0x40 C:/devkitPro/libctru/lib\libctru.a(synchronization.o)
                0x0010a220                LightLock_Unlock
 .text.RecursiveLock_Lock
                0x0010a260       0x54 C:/devkitPro/libctru/lib\libctru.a(synchronization.o)
                0x0010a260                RecursiveLock_Lock
 .text.RecursiveLock_Unlock
                0x0010a2b4       0x54 C:/devkitPro/libctru/lib\libctru.a(synchronization.o)
                0x0010a2b4                RecursiveLock_Unlock
 .text.LightEvent_Init
                0x0010a308       0x44 C:/devkitPro/libctru/lib\libctru.a(synchronization.o)
                0x0010a308                LightEvent_Init
 .text.LightEvent_Clear
                0x0010a34c       0xb8 C:/devkitPro/libctru/lib\libctru.a(synchronization.o)
                0x0010a34c                LightEvent_Clear
 .text.LightEvent_Signal
                0x0010a404       0xdc C:/devkitPro/libctru/lib\libctru.a(synchronization.o)
                0x0010a404                LightEvent_Signal
 .text.LightEvent_TryWait
                0x0010a4e0       0x50 C:/devkitPro/libctru/lib\libctru.a(synchronization.o)
                0x0010a4e0                LightEvent_TryWait
 .text.LightEvent_Wait
                0x0010a530       0xac C:/devkitPro/libctru/lib\libctru.a(synchronization.o)
                0x0010a530                LightEvent_Wait
 .text.threadCreate
                0x0010a5dc      0x1fc C:/devkitPro/libctru/lib\libctru.a(thread.o)
                0x0010a5dc                threadCreate
 .text.threadFree
                0x0010a7d8       0x38 C:/devkitPro/libctru/lib\libctru.a(thread.o)
                0x0010a7d8                threadFree
 .text.threadJoin
                0x0010a810       0x24 C:/devkitPro/libctru/lib\libctru.a(thread.o)
                0x0010a810                threadJoin
 .text.threadGetCurrent
                0x0010a834       0x30 C:/devkitPro/libctru/lib\libctru.a(thread.o)
                0x0010a834                threadGetCurrent
 .text.threadExit
                0x0010a864       0x40 C:/devkitPro/libctru/lib\libctru.a(thread.o)
                0x0010a864                threadExit
 .text._thread_begin
                0x0010a8a4       0x20 C:/devkitPro/libctru/lib\libctru.a(thread.o)
 .text.mappableFindAddressWithin
                0x0010a8c4       0x90 C:/devkitPro/libctru/lib\libctru.a(mappable.o)
 .text.mappableInit
                0x0010a954       0x28 C:/devkitPro/libctru/lib\libctru.a(mappable.o)
                0x0010a954                mappableInit
 .text.mappableAlloc
                0x0010a97c       0x7c C:/devkitPro/libctru/lib\libctru.a(mappable.o)
                0x0010a97c                mappableAlloc
 .text.mappableFree
                0x0010a9f8        0x4 C:/devkitPro/libctru/lib\libctru.a(mappable.o)
                0x0010a9f8                mappableFree
 .text.ptmSysmInit
                0x0010a9fc       0x78 C:/devkitPro/libctru/lib\libctru.a(ptmsysm.o)
                0x0010a9fc                ptmSysmInit
 .text.ptmSysmExit
                0x0010aa74       0x3c C:/devkitPro/libctru/lib\libctru.a(ptmsysm.o)
                0x0010aa74                ptmSysmExit
 .text.PTMSYSM_ConfigureNew3DSCPU
                0x0010aab0       0x34 C:/devkitPro/libctru/lib\libctru.a(ptmsysm.o)
                0x0010aab0                PTMSYSM_ConfigureNew3DSCPU
 .text.srvPmGetSessionHandle
                0x0010aae4        0xc C:/devkitPro/libctru/lib\libctru.a(srvpm.o)
                0x0010aae4                srvPmGetSessionHandle
 .text.rbtree_node_next
                0x0010aaf0       0x60 C:/devkitPro/libctru/lib\libctru.a(rbtree_iterator.o)
                0x0010aaf0                rbtree_node_next
 .text.__appExit
                0x0010ab50       0x30 C:/devkitPro/libctru/lib\libctru.a(appExit.o)
                0x0010ab50                __appExit
 .text.__appInit
                0x0010ab80       0x30 C:/devkitPro/libctru/lib\libctru.a(appInit.o)
                0x0010ab80                __appInit
 .text.__libctru_exit
                0x0010abb0       0x90 C:/devkitPro/libctru/lib\libctru.a(ctru_exit.o)
                0x0010abb0                __libctru_exit
 .text.error_cmp
                0x0010ac40       0x24 C:/devkitPro/libctru/lib\libctru.a(archive_dev.o)
 .text.archive_translate_error
                0x0010ac64       0x50 C:/devkitPro/libctru/lib\libctru.a(archive_dev.o)
 .text.archive_seek
                0x0010acb4       0xc0 C:/devkitPro/libctru/lib\libctru.a(archive_dev.o)
 .text._archiveInit.part.0
                0x0010ad74       0x78 C:/devkitPro/libctru/lib\libctru.a(archive_dev.o)
 .text.archiveFindDevice.part.0
                0x0010adec      0x110 C:/devkitPro/libctru/lib\libctru.a(archive_dev.o)
 .text.archive_utf16path
                0x0010aefc      0x298 C:/devkitPro/libctru/lib\libctru.a(archive_dev.o)
 .text._archiveUnmountDeviceStruct.part.0
                0x0010b194       0x98 C:/devkitPro/libctru/lib\libctru.a(archive_dev.o)
 .text._archiveMountDevice
                0x0010b22c      0x178 C:/devkitPro/libctru/lib\libctru.a(archive_dev.o)
 .text.archive_diropen
                0x0010b3a4       0xf8 C:/devkitPro/libctru/lib\libctru.a(archive_dev.o)
 .text.archive_fstat
                0x0010b49c       0xac C:/devkitPro/libctru/lib\libctru.a(archive_dev.o)
 .text.archive_fsync
                0x0010b548       0x74 C:/devkitPro/libctru/lib\libctru.a(archive_dev.o)
 .text.archive_close
                0x0010b5bc       0x74 C:/devkitPro/libctru/lib\libctru.a(archive_dev.o)
 .text.archive_dirclose
                0x0010b630       0x78 C:/devkitPro/libctru/lib\libctru.a(archive_dev.o)
 .text.sdmc_statvfs
                0x0010b6a8       0xec C:/devkitPro/libctru/lib\libctru.a(archive_dev.o)
 .text.archive_chdir
                0x0010b794       0xf8 C:/devkitPro/libctru/lib\libctru.a(archive_dev.o)
 .text.archive_ftruncate
                0x0010b88c       0x8c C:/devkitPro/libctru/lib\libctru.a(archive_dev.o)
 .text.archive_read
                0x0010b918       0xbc C:/devkitPro/libctru/lib\libctru.a(archive_dev.o)
 .text.archive_unlink
                0x0010b9d4       0xa8 C:/devkitPro/libctru/lib\libctru.a(archive_dev.o)
 .text.archive_rmdir
                0x0010ba7c       0xc0 C:/devkitPro/libctru/lib\libctru.a(archive_dev.o)
 .text.archive_mkdir
                0x0010bb3c       0xd8 C:/devkitPro/libctru/lib\libctru.a(archive_dev.o)
 .text.archive_stat
                0x0010bc14      0x1a0 C:/devkitPro/libctru/lib\libctru.a(archive_dev.o)
 .text.archive_dirnext
                0x0010bdb4      0x164 C:/devkitPro/libctru/lib\libctru.a(archive_dev.o)
 .text.archive_write
                0x0010bf18      0x13c C:/devkitPro/libctru/lib\libctru.a(archive_dev.o)
 *fill*         0x0010c054        0x4 
 .text.archive_open
                0x0010c058      0x254 C:/devkitPro/libctru/lib\libctru.a(archive_dev.o)
 .text.archive_rename
                0x0010c2ac      0x270 C:/devkitPro/libctru/lib\libctru.a(archive_dev.o)
 .text.archiveMountSdmc
                0x0010c51c      0x1c8 C:/devkitPro/libctru/lib\libctru.a(archive_dev.o)
                0x0010c51c                archiveMountSdmc
 .text.archiveUnmountAll
                0x0010c6e4       0x54 C:/devkitPro/libctru/lib\libctru.a(archive_dev.o)
                0x0010c6e4                archiveUnmountAll
 .text.decode_utf8
                0x0010c738      0x140 C:/devkitPro/libctru/lib\libctru.a(decode_utf8.o)
                0x0010c738                decode_utf8
 .text.utf16_to_utf8
                0x0010c878       0xe8 C:/devkitPro/libctru/lib\libctru.a(utf16_to_utf8.o)
                0x0010c878                utf16_to_utf8
 .text.utf8_to_utf16
                0x0010c960       0xc0 C:/devkitPro/libctru/lib\libctru.a(utf8_to_utf16.o)
                0x0010c960                utf8_to_utf16
 .text.__aeabi_read_tp
                0x0010ca20        0xc C:/devkitPro/libctru/lib\libctru.a(readtp.o)
                0x0010ca20                __aeabi_read_tp
 .text.decode_utf16
                0x0010ca2c       0x54 C:/devkitPro/libctru/lib\libctru.a(decode_utf16.o)
                0x0010ca2c                decode_utf16
 .text.encode_utf16
                0x0010ca80       0x54 C:/devkitPro/libctru/lib\libctru.a(encode_utf16.o)
                0x0010ca80                encode_utf16
 .text.encode_utf8
                0x0010cad4       0xe0 C:/devkitPro/libctru/lib\libctru.a(encode_utf8.o)
                0x0010cad4                encode_utf8
 .text.strncat  0x0010cbb4       0xe4 C:/devkitPro/devkitARM/bin/../lib/gcc/arm-none-eabi/15.2.0/../../../../arm-none-eabi/lib/armv6k/fpu\libg.a(libc_a-strncat.o)
                0x0010cbb4                strncat
 .text.memcpy   0x0010cc98      0x128 C:/devkitPro/devkitARM/bin/../lib/gcc/arm-none-eabi/15.2.0/../../../../arm-none-eabi/lib/armv6k/fpu\libg.a(libc_a-memcpy-stub.o)
                0x0010cc98                memcpy
 .text.strlen   0x0010cdc0       0x8c C:/devkitPro/devkitARM/bin/../lib/gcc/arm-none-eabi/15.2.0/../../../../arm-none-eabi/lib/armv6k/fpu\libg.a(libc_a-strlen.o)
                0x0010cdc0                strlen
 .text.bsearch  0x0010ce4c       0x78 C:/devkitPro/devkitARM/bin/../lib/gcc/arm-none-eabi/15.2.0/../../../../arm-none-eabi/lib/armv6k/fpu\libg.a(libc_a-bsearch.o)
                0x0010ce4c                bsearch
 .text.memalign
                0x0010cec4       0x28 C:/devkitPro/devkitARM/bin/../lib/gcc/arm-none-eabi/15.2.0/../../../../arm-none-eabi/lib/armv6k/fpu\libg.a(libc_a-malign.o)
                0x0010cec4                memalign
 .text._strtoul_l.isra.0
                0x0010ceec      0x1ec C:/devkitPro/devkitARM/bin/../lib/gcc/arm-none-eabi/15.2.0/../../../../arm-none-eabi/lib/armv6k/fpu\libg.a(libc_a-strtoul.o)
 .text.strtoul  0x0010d0d8       0x3c C:/devkitPro/devkitARM/bin/../lib/gcc/arm-none-eabi/15.2.0/../../../../arm-none-eabi/lib/armv6k/fpu\libg.a(libc_a-strtoul.o)
                0x0010d0d8                strtoul
 .text._memalign_r
                0x0010d114      0x16c C:/devkitPro/devkitARM/bin/../lib/gcc/arm-none-eabi/15.2.0/../../../../arm-none-eabi/lib/armv6k/fpu\libg.a(libc_a-malignr.o)
                0x0010d114                _memalign_r
 .text.__errno  0x0010d280        0xc C:/devkitPro/devkitARM/bin/../lib/gcc/arm-none-eabi/15.2.0/../../../../arm-none-eabi/lib/armv6k/fpu\libg.a(libc_a-errno.o)
                0x0010d280                __errno
 .text.memset   0x0010d28c       0xe4 C:/devkitPro/devkitARM/bin/../lib/gcc/arm-none-eabi/15.2.0/../../../../arm-none-eabi/lib/armv6k/fpu\libg.a(libc_a-memset.o)
                0x0010d28c                memset
 .text.__sflush_r
                0x0010d370      0x22c C:/devkitPro/devkitARM/bin/../lib/gcc/arm-none-eabi/15.2.0/../../../../arm-none-eabi/lib/armv6k/fpu\libg.a(libc_a-fflush.o)
                0x0010d370                __sflush_r
 .text._fflush_r
                0x0010d59c       0xc4 C:/devkitPro/devkitARM/bin/../lib/gcc/arm-none-eabi/15.2.0/../../../../arm-none-eabi/lib/armv6k/fpu\libg.a(libc_a-fflush.o)
                0x0010d59c                _fflush_r
 .text._malloc_r
                0x0010d660      0x82c C:/devkitPro/devkitARM/bin/../lib/gcc/arm-none-eabi/15.2.0/../../../../arm-none-eabi/lib/armv6k/fpu\libg.a(libc_a-mallocr.o)
                0x0010d660                _malloc_r
 .text._malloc_trim_r
                0x0010de8c      0x114 C:/devkitPro/devkitARM/bin/../lib/gcc/arm-none-eabi/15.2.0/../../../../arm-none-eabi/lib/armv6k/fpu\libg.a(libc_a-freer.o)
                0x0010de8c                _malloc_trim_r
 .text._free_r  0x0010dfa0      0x314 C:/devkitPro/devkitARM/bin/../lib/gcc/arm-none-eabi/15.2.0/../../../../arm-none-eabi/lib/armv6k/fpu\libg.a(libc_a-freer.o)
                0x0010dfa0                _free_r
 .text.setvbuf  0x0010e2b4      0x294 C:/devkitPro/devkitARM/bin/../lib/gcc/arm-none-eabi/15.2.0/../../../../arm-none-eabi/lib/armv6k/fpu\libg.a(libc_a-setvbuf.o)
                0x0010e2b4                setvbuf
 .text.stdio_exit_handler
                0x0010e548       0x1c C:/devkitPro/devkitARM/bin/../lib/gcc/arm-none-eabi/15.2.0/../../../../arm-none-eabi/lib/armv6k/fpu\libg.a(libc_a-findfp.o)
 .text.cleanup_stdio
                0x0010e564       0x5c C:/devkitPro/devkitARM/bin/../lib/gcc/arm-none-eabi/15.2.0/../../../../arm-none-eabi/lib/armv6k/fpu\libg.a(libc_a-findfp.o)
 .text.global_stdio_init.part.0
                0x0010e5c0      0x154 C:/devkitPro/devkitARM/bin/../lib/gcc/arm-none-eabi/15.2.0/../../../../arm-none-eabi/lib/armv6k/fpu\libg.a(libc_a-findfp.o)
 .text.__sinit  0x0010e714       0x5c C:/devkitPro/devkitARM/bin/../lib/gcc/arm-none-eabi/15.2.0/../../../../arm-none-eabi/lib/armv6k/fpu\libg.a(libc_a-findfp.o)
                0x0010e714                __sinit
 .text.__sfp_lock_acquire
                0x0010e770        0xc C:/devkitPro/devkitARM/bin/../lib/gcc/arm-none-eabi/15.2.0/../../../../arm-none-eabi/lib/armv6k/fpu\libg.a(libc_a-findfp.o)
                0x0010e770                __sfp_lock_acquire
 .text.__sfp_lock_release
                0x0010e77c        0xc C:/devkitPro/devkitARM/bin/../lib/gcc/arm-none-eabi/15.2.0/../../../../arm-none-eabi/lib/armv6k/fpu\libg.a(libc_a-findfp.o)
                0x0010e77c                __sfp_lock_release
 .text.__libc_init_array
                0x0010e788       0x84 C:/devkitPro/devkitARM/bin/../lib/gcc/arm-none-eabi/15.2.0/../../../../arm-none-eabi/lib/armv6k/fpu\libg.a(libc_a-init.o)
                0x0010e788                __libc_init_array
 .text.strncpy  0x0010e80c       0xd4 C:/devkitPro/devkitARM/bin/../lib/gcc/arm-none-eabi/15.2.0/../../../../arm-none-eabi/lib/armv6k/fpu\libg.a(libc_a-strncpy.o)
                0x0010e80c                strncpy
 .text.malloc   0x0010e8e0       0x40 C:/devkitPro/devkitARM/bin/../lib/gcc/arm-none-eabi/15.2.0/../../../../arm-none-eabi/lib/armv6k/fpu\libg.a(libc_a-malloc.o)
                0x0010e8e0                malloc
 .text.free     0x0010e920       0x20 C:/devkitPro/devkitARM/bin/../lib/gcc/arm-none-eabi/15.2.0/../../../../arm-none-eabi/lib/armv6k/fpu\libg.a(libc_a-malloc.o)
                0x0010e920                free
 .text._puts_r  0x0010e940       0xe0 C:/devkitPro/devkitARM/bin/../lib/gcc/arm-none-eabi/15.2.0/../../../../arm-none-eabi/lib/armv6k/fpu\libg.a(libc_a-puts.o)
                0x0010e940                _puts_r
 .text.puts     0x0010ea20       0x20 C:/devkitPro/devkitARM/bin/../lib/gcc/arm-none-eabi/15.2.0/../../../../arm-none-eabi/lib/armv6k/fpu\libg.a(libc_a-puts.o)
                0x0010ea20                puts
 .text.__sread  0x0010ea40       0x44 C:/devkitPro/devkitARM/bin/../lib/gcc/arm-none-eabi/15.2.0/../../../../arm-none-eabi/lib/armv6k/fpu\libg.a(libc_a-stdio.o)
                0x0010ea40                __sread
 .text.__swrite
                0x0010ea84       0x68 C:/devkitPro/devkitARM/bin/../lib/gcc/arm-none-eabi/15.2.0/../../../../arm-none-eabi/lib/armv6k/fpu\libg.a(libc_a-stdio.o)
                0x0010ea84                __swrite
 .text.__sseek  0x0010eaec       0x40 C:/devkitPro/devkitARM/bin/../lib/gcc/arm-none-eabi/15.2.0/../../../../arm-none-eabi/lib/armv6k/fpu\libg.a(libc_a-stdio.o)
                0x0010eaec                __sseek
 .text.__sclose
                0x0010eb2c        0x8 C:/devkitPro/devkitARM/bin/../lib/gcc/arm-none-eabi/15.2.0/../../../../arm-none-eabi/lib/armv6k/fpu\libg.a(libc_a-stdio.o)
                0x0010eb2c                __sclose
 .text.__malloc_lock
                0x0010eb34        0xc C:/devkitPro/devkitARM/bin/../lib/gcc/arm-none-eabi/15.2.0/../../../../arm-none-eabi/lib/armv6k/fpu\libg.a(libc_a-mlock.o)
                0x0010eb34                __malloc_lock
 .text.__malloc_unlock
                0x0010eb40        0xc C:/devkitPro/devkitARM/bin/../lib/gcc/arm-none-eabi/15.2.0/../../../../arm-none-eabi/lib/armv6k/fpu\libg.a(libc_a-mlock.o)
                0x0010eb40                __malloc_unlock
 .text._fclose_r
                0x0010eb4c      0x148 C:/devkitPro/devkitARM/bin/../lib/gcc/arm-none-eabi/15.2.0/../../../../arm-none-eabi/lib/armv6k/fpu\libg.a(libc_a-fclose.o)
                0x0010eb4c                _fclose_r
 .text.__call_exitprocs
                0x0010ec94        0x4 C:/devkitPro/devkitARM/bin/../lib/gcc/arm-none-eabi/15.2.0/../../../../arm-none-eabi/lib/armv6k/fpu\libg.a(libc_a-exit.o)
                0x0010ec94                __call_exitprocs
 .text.exit     0x0010ec98       0x30 C:/devkitPro/devkitARM/bin/../lib/gcc/arm-none-eabi/15.2.0/../../../../arm-none-eabi/lib/armv6k/fpu\libg.a(libc_a-exit.o)
                0x0010ec98                exit
 .text.__libc_fini_array
                0x0010ecc8       0x3c C:/devkitPro/devkitARM/bin/../lib/gcc/arm-none-eabi/15.2.0/../../../../arm-none-eabi/lib/armv6k/fpu\libg.a(libc_a-fini.o)
                0x0010ecc8                __libc_fini_array
 .text.strnlen  0x0010ed04       0x3c C:/devkitPro/devkitARM/bin/../lib/gcc/arm-none-eabi/15.2.0/../../../../arm-none-eabi/lib/armv6k/fpu\libg.a(libc_a-strnlen.o)
                0x0010ed04                strnlen
 .text.strncmp  0x0010ed40       0xd8 C:/devkitPro/devkitARM/bin/../lib/gcc/arm-none-eabi/15.2.0/../../../../arm-none-eabi/lib/armv6k/fpu\libg.a(libc_a-strncmp.o)
                0x0010ed40                strncmp
 .text._fwalk_sglue
                0x0010ee18       0x70 C:/devkitPro/devkitARM/bin/../lib/gcc/arm-none-eabi/15.2.0/../../../../arm-none-eabi/lib/armv6k/fpu\libg.a(libc_a-fwalk.o)
                0x0010ee18                _fwalk_sglue
 .text.__sfvwrite_r
                0x0010ee88      0x4a4 C:/devkitPro/devkitARM/bin/../lib/gcc/arm-none-eabi/15.2.0/../../../../arm-none-eabi/lib/armv6k/fpu\libg.a(libc_a-fvwrite.o)
                0x0010ee88                __sfvwrite_r
 .text.__smakebuf_r
                0x0010f32c      0x164 C:/devkitPro/devkitARM/bin/../lib/gcc/arm-none-eabi/15.2.0/../../../../arm-none-eabi/lib/armv6k/fpu\libg.a(libc_a-makebuf.o)
                0x0010f32c                __smakebuf_r
 .text.__swhatbuf_r
                0x0010f490       0x90 C:/devkitPro/devkitARM/bin/../lib/gcc/arm-none-eabi/15.2.0/../../../../arm-none-eabi/lib/armv6k/fpu\libg.a(libc_a-makebuf.o)
                0x0010f490                __swhatbuf_r
 .text.memchr   0x0010f520       0xe8 C:/devkitPro/devkitARM/bin/../lib/gcc/arm-none-eabi/15.2.0/../../../../arm-none-eabi/lib/armv6k/fpu\libg.a(libc_a-memchr-stub.o)
                0x0010f520                memchr
 .text.__swsetup_r
                0x0010f608      0x140 C:/devkitPro/devkitARM/bin/../lib/gcc/arm-none-eabi/15.2.0/../../../../arm-none-eabi/lib/armv6k/fpu\libg.a(libc_a-wsetup.o)
                0x0010f608                __swsetup_r
 .text.memmove  0x0010f748      0x1a8 C:/devkitPro/devkitARM/bin/../lib/gcc/arm-none-eabi/15.2.0/../../../../arm-none-eabi/lib/armv6k/fpu\libg.a(libc_a-memmove.o)
                0x0010f748                memmove
 .text._realloc_r
                0x0010f8f0      0x4f0 C:/devkitPro/devkitARM/bin/../lib/gcc/arm-none-eabi/15.2.0/../../../../arm-none-eabi/lib/armv6k/fpu\libg.a(libc_a-reallocr.o)
                0x0010f8f0                _realloc_r
 .text._exit    0x0010fde0       0x20 C:/devkitPro/devkitARM/bin/../lib/gcc/arm-none-eabi/15.2.0/../../../../arm-none-eabi/lib/armv6k/fpu\libsysbase.a(libsysbase_libsysbase_a-_exit.o)
                0x0010fde0                _exit
 .text.chdir    0x0010fe00      0x140 C:/devkitPro/devkitARM/bin/../lib/gcc/arm-none-eabi/15.2.0/../../../../arm-none-eabi/lib/armv6k/fpu\libsysbase.a(libsysbase_libsysbase_a-chdir.o)
                0x0010fe00                chdir
 .text._concatenate_path
                0x0010ff40      0x1c8 C:/devkitPro/devkitARM/bin/../lib/gcc/arm-none-eabi/15.2.0/../../../../arm-none-eabi/lib/armv6k/fpu\libsysbase.a(libsysbase_libsysbase_a-concatenate.o)
                0x0010ff40                _concatenate_path
 .text._fstat_r
                0x00110108       0x9c C:/devkitPro/devkitARM/bin/../lib/gcc/arm-none-eabi/15.2.0/../../../../arm-none-eabi/lib/armv6k/fpu\libsysbase.a(libsysbase_libsysbase_a-fstat.o)
                0x00110108                _fstat_r
 .text.__getreent
                0x001101a4       0x2c C:/devkitPro/devkitARM/bin/../lib/gcc/arm-none-eabi/15.2.0/../../../../arm-none-eabi/lib/armv6k/fpu\libsysbase.a(libsysbase_libsysbase_a-getreent.o)
                0x001101a4                __getreent
 .text.__get_handle
                0x001101d0       0x58 C:/devkitPro/devkitARM/bin/../lib/gcc/arm-none-eabi/15.2.0/../../../../arm-none-eabi/lib/armv6k/fpu\libsysbase.a(libsysbase_libsysbase_a-handle_manager.o)
                0x001101d0                __get_handle
 .text._close_r
                0x00110228      0x110 C:/devkitPro/devkitARM/bin/../lib/gcc/arm-none-eabi/15.2.0/../../../../arm-none-eabi/lib/armv6k/fpu\libsysbase.a(libsysbase_libsysbase_a-handle_manager.o)
                0x00110228                _close_r
 .text.null_write
                0x00110338        0x8 C:/devkitPro/devkitARM/bin/../lib/gcc/arm-none-eabi/15.2.0/../../../../arm-none-eabi/lib/armv6k/fpu\libsysbase.a(libsysbase_libsysbase_a-iosupport.o)
 .text.setDefaultDevice
                0x00110340       0x18 C:/devkitPro/devkitARM/bin/../lib/gcc/arm-none-eabi/15.2.0/../../../../arm-none-eabi/lib/armv6k/fpu\libsysbase.a(libsysbase_libsysbase_a-iosupport.o)
                0x00110340                setDefaultDevice
 .text.FindDevice
                0x00110358       0x98 C:/devkitPro/devkitARM/bin/../lib/gcc/arm-none-eabi/15.2.0/../../../../arm-none-eabi/lib/armv6k/fpu\libsysbase.a(libsysbase_libsysbase_a-iosupport.o)
                0x00110358                FindDevice
 .text.RemoveDevice
                0x001103f0       0x24 C:/devkitPro/devkitARM/bin/../lib/gcc/arm-none-eabi/15.2.0/../../../../arm-none-eabi/lib/armv6k/fpu\libsysbase.a(libsysbase_libsysbase_a-iosupport.o)
                0x001103f0                RemoveDevice
 .text.AddDevice
                0x00110414       0x88 C:/devkitPro/devkitARM/bin/../lib/gcc/arm-none-eabi/15.2.0/../../../../arm-none-eabi/lib/armv6k/fpu\libsysbase.a(libsysbase_libsysbase_a-iosupport.o)
                0x00110414                AddDevice
 .text.GetDeviceOpTab
                0x0011049c       0x20 C:/devkitPro/devkitARM/bin/../lib/gcc/arm-none-eabi/15.2.0/../../../../arm-none-eabi/lib/armv6k/fpu\libsysbase.a(libsysbase_libsysbase_a-iosupport.o)
                0x0011049c                GetDeviceOpTab
 .text._isatty_r
                0x001104bc        0x8 C:/devkitPro/devkitARM/bin/../lib/gcc/arm-none-eabi/15.2.0/../../../../arm-none-eabi/lib/armv6k/fpu\libsysbase.a(libsysbase_libsysbase_a-isatty.o)
                0x001104bc                _isatty_r
 .text._lseek_r
                0x001104c4       0x94 C:/devkitPro/devkitARM/bin/../lib/gcc/arm-none-eabi/15.2.0/../../../../arm-none-eabi/lib/armv6k/fpu\libsysbase.a(libsysbase_libsysbase_a-lseek.o)
                0x001104c4                _lseek_r
 .text._read_r  0x00110558       0x94 C:/devkitPro/devkitARM/bin/../lib/gcc/arm-none-eabi/15.2.0/../../../../arm-none-eabi/lib/armv6k/fpu\libsysbase.a(libsysbase_libsysbase_a-read.o)
                0x00110558                _read_r
 .text._sbrk_r  0x001105ec       0x78 C:/devkitPro/devkitARM/bin/../lib/gcc/arm-none-eabi/15.2.0/../../../../arm-none-eabi/lib/armv6k/fpu\libsysbase.a(libsysbase_libsysbase_a-sbrk.o)
                0x001105ec                _sbrk_r
 .text.__libc_lock_acquire
                0x00110664       0x1c C:/devkitPro/devkitARM/bin/../lib/gcc/arm-none-eabi/15.2.0/../../../../arm-none-eabi/lib/armv6k/fpu\libsysbase.a(libsysbase_libsysbase_a-syscall_support.o)
                0x00110664                __libc_lock_acquire
 .text.__libc_lock_release
                0x00110680       0x1c C:/devkitPro/devkitARM/bin/../lib/gcc/arm-none-eabi/15.2.0/../../../../arm-none-eabi/lib/armv6k/fpu\libsysbase.a(libsysbase_libsysbase_a-syscall_support.o)
                0x00110680                __libc_lock_release
 .text.__libc_lock_acquire_recursive
                0x0011069c       0x1c C:/devkitPro/devkitARM/bin/../lib/gcc/arm-none-eabi/15.2.0/../../../../arm-none-eabi/lib/armv6k/fpu\libsysbase.a(libsysbase_libsysbase_a-syscall_support.o)
                0x0011069c                __libc_lock_acquire_recursive
 .text.__libc_lock_release_recursive
                0x001106b8       0x1c C:/devkitPro/devkitARM/bin/../lib/gcc/arm-none-eabi/15.2.0/../../../../arm-none-eabi/lib/armv6k/fpu\libsysbase.a(libsysbase_libsysbase_a-syscall_support.o)
                0x001106b8                __libc_lock_release_recursive
 .text._write_r
                0x001106d4       0x94 C:/devkitPro/devkitARM/bin/../lib/gcc/arm-none-eabi/15.2.0/../../../../arm-none-eabi/lib/armv6k/fpu\libsysbase.a(libsysbase_libsysbase_a-write.o)
                0x001106d4                _write_r
 .text.strchr   0x00110768      0x140 C:/devkitPro/devkitARM/bin/../lib/gcc/arm-none-eabi/15.2.0/../../../../arm-none-eabi/lib/armv6k/fpu\libg.a(libc_a-strchr.o)
                0x00110768                strchr
 .text.strrchr  0x001108a8       0x48 C:/devkitPro/devkitARM/bin/../lib/gcc/arm-none-eabi/15.2.0/../../../../arm-none-eabi/lib/armv6k/fpu\libg.a(libc_a-strrchr.o)
                0x001108a8                strrchr
 *(.glue_7)
 .glue_7        0x001108f0        0x0 linker stubs
 *(.glue_7t)
 .glue_7t       0x001108f0        0x0 linker stubs
 *(.stub)
 *(.gnu.warning)
 *(.gnu.linkonce.t*)
                0x001108f0                        . = ALIGN (0x4)
 *(.fini)
 .fini          0x001108f0        0xc C:/devkitPro/devkitARM/bin/../lib/gcc/arm-none-eabi/15.2.0/armv6k/fpu/crti.o
                0x001108f0                _fini
 .fini          0x001108fc        0xc C:/devkitPro/devkitARM/bin/../lib/gcc/arm-none-eabi/15.2.0/armv6k/fpu/crtn.o
                0x00110908                        . = ALIGN (0x4)

.vfp11_veneer   0x00110908        0x0
 .vfp11_veneer  0x00110908        0x0 linker stubs

.v4_bx          0x00110908        0x0
 .v4_bx         0x00110908        0x0 linker stubs

.iplt           0x00110908        0x0
 .iplt          0x00110908        0x0 C:/devkitPro/devkitARM/bin/../lib/gcc/arm-none-eabi/15.2.0/../../../../arm-none-eabi/lib/armv6k/fpu/3dsx_crt0.o
                0x00111000                        . = ALIGN (0x1000)

.rodata         0x00111000      0xebc
 *(.rodata)
 .rodata        0x00111000       0x18 C:/devkitPro/libctru/lib\libctru.a(ndsp.o)
 .rodata        0x00111018        0xc C:/devkitPro/libctru/lib\libctru.a(archive_dev.o)
 *(.roda)
 *(.rodata.*)
 .rodata.str1.4
                0x00111024       0xfa main.o
                                 0x26 (size before relaxing)
 .rodata.consolePrintChar
                0x0011111e        0x6 C:/devkitPro/libctru/lib\libctru.a(console.o)
 .rodata.con_write
                0x00111124      0x23c C:/devkitPro/libctru/lib\libctru.a(console.o)
 .rodata.str1.4
                0x00111360        0x0 C:/devkitPro/libctru/lib\libctru.a(console.o)
                                 0x10 (size before relaxing)
 .rodata.dotab_stdout
                0x00111360       0x80 C:/devkitPro/libctru/lib\libctru.a(console.o)
 .rodata.grayScale
                0x001113e0       0x18 C:/devkitPro/libctru/lib\libctru.a(console.o)
 .rodata.colorCube
                0x001113f8        0x6 C:/devkitPro/libctru/lib\libctru.a(console.o)
 *fill*         0x001113fe        0x2 
 .rodata.colorTable
                0x00111400       0x30 C:/devkitPro/libctru/lib\libctru.a(console.o)
 .rodata.ndspInit.str1.4
                0x00111430        0x0 C:/devkitPro/libctru/lib\libctru.a(ndsp.o)
                                  0x8 (size before relaxing)
 .rodata.dsp_filename.0
                0x00111430       0x11 C:/devkitPro/libctru/lib\libctru.a(ndsp.o)
 .rodata.str1.4
                0x00111441        0x0 C:/devkitPro/libctru/lib\libctru.a(ndsp.o)
                                  0x1 (size before relaxing)
 .rodata.aptEventHandler
                0x00111441        0xb C:/devkitPro/libctru/lib\libctru.a(apt.o)
 .rodata.aptWaitForWakeUp.isra.0
                0x0011144c       0x11 C:/devkitPro/libctru/lib\libctru.a(apt.o)
 *fill*         0x0011145d        0x3 
 .rodata.morton_y.2
                0x00111460        0x8 C:/devkitPro/libctru/lib\libctru.a(apt.o)
 .rodata.morton_x.3
                0x00111468        0x8 C:/devkitPro/libctru/lib\libctru.a(apt.o)
 .rodata.s_sleepWakeEvents.4
                0x00111470        0x8 C:/devkitPro/libctru/lib\libctru.a(apt.o)
 .rodata.str1.4
                0x00111478        0x0 C:/devkitPro/libctru/lib\libctru.a(apt.o)
                                 0x16 (size before relaxing)
 .rodata.serviceNameTable.5
                0x00111478        0xc C:/devkitPro/libctru/lib\libctru.a(apt.o)
 .rodata.cfguInit.str1.4
                0x00111484        0x0 C:/devkitPro/libctru/lib\libctru.a(cfgu.o)
                                 0x16 (size before relaxing)
 .rodata.dspInit.str1.4
                0x00111484        0x0 C:/devkitPro/libctru/lib\libctru.a(dsp.o)
                                  0x9 (size before relaxing)
 .rodata.fsInit.str1.4
                0x00111484        0x0 C:/devkitPro/libctru/lib\libctru.a(fs.o)
                                  0x8 (size before relaxing)
 .rodata.gspInit.str1.4
                0x00111484        0x0 C:/devkitPro/libctru/lib\libctru.a(gspgpu.o)
                                  0x9 (size before relaxing)
 .rodata.hidInit.str1.4
                0x00111484        0x0 C:/devkitPro/libctru/lib\libctru.a(hid.o)
                                 0x15 (size before relaxing)
 .rodata.irrstInit.str1.4
                0x00111484        0x0 C:/devkitPro/libctru/lib\libctru.a(irrst.o)
                                  0x7 (size before relaxing)
 .rodata.micInit.str1.4
                0x00111484        0x0 C:/devkitPro/libctru/lib\libctru.a(mic.o)
                                  0x6 (size before relaxing)
 .rodata.__system_initArgv.str1.4
                0x00111484        0x0 C:/devkitPro/libctru/lib\libctru.a(initArgv.o)
                                  0xa (size before relaxing)
 .rodata.default_font_bin
                0x00111484      0x800 C:/devkitPro/libctru/lib\libctru.a(default_font.bin.o)
                0x00111484                default_font_bin
                0x00111c84                default_font_bin_end
 .rodata.srvInit.str1.4
                0x00111c84        0x0 C:/devkitPro/libctru/lib\libctru.a(srv.o)
                                  0x5 (size before relaxing)
 .rodata.ptmSysmInit.str1.4
                0x00111c84        0x0 C:/devkitPro/libctru/lib\libctru.a(ptmsysm.o)
                                  0x9 (size before relaxing)
 .rodata.archive_utf16path.str1.4
                0x00111c84        0x0 C:/devkitPro/libctru/lib\libctru.a(archive_dev.o)
                                  0x2 (size before relaxing)
 .rodata._archiveUnmountDeviceStruct.part.0.str1.4
                0x00111c84        0x0 C:/devkitPro/libctru/lib\libctru.a(archive_dev.o)
                                  0x2 (size before relaxing)
 .rodata._archiveMountDevice.str1.4
                0x00111c84        0x0 C:/devkitPro/libctru/lib\libctru.a(archive_dev.o)
                                  0xc (size before relaxing)
 .rodata.archiveMountSdmc.str1.4
                0x00111c84        0x0 C:/devkitPro/libctru/lib\libctru.a(archive_dev.o)
                                  0x5 (size before relaxing)
 .rodata.error_table
                0x00111c84       0x30 C:/devkitPro/libctru/lib\libctru.a(archive_dev.o)
 .rodata.str1.4
                0x00111cb4        0x0 C:/devkitPro/libctru/lib\libctru.a(archive_dev.o)
                                  0x8 (size before relaxing)
 .rodata.archive_devoptab
                0x00111cb4       0x80 C:/devkitPro/libctru/lib\libctru.a(archive_dev.o)
 .rodata._puts_r.str1.4
                0x00111d34        0x0 C:/devkitPro/devkitARM/bin/../lib/gcc/arm-none-eabi/15.2.0/../../../../arm-none-eabi/lib/armv6k/fpu\libg.a(libc_a-puts.o)
                                  0x2 (size before relaxing)
 .rodata._ctype_
                0x00111d34      0x101 C:/devkitPro/devkitARM/bin/../lib/gcc/arm-none-eabi/15.2.0/../../../../arm-none-eabi/lib/armv6k/fpu\libg.a(libc_a-ctype_.o)
                0x00111d34                _ctype_
 .rodata.str1.4
                0x00111e35        0x0 C:/devkitPro/devkitARM/bin/../lib/gcc/arm-none-eabi/15.2.0/../../../../arm-none-eabi/lib/armv6k/fpu\libsysbase.a(libsysbase_libsysbase_a-iosupport.o)
                                  0x8 (size before relaxing)
 *fill*         0x00111e35        0x3 
 .rodata.dotab_stdnull
                0x00111e38       0x80 C:/devkitPro/devkitARM/bin/../lib/gcc/arm-none-eabi/15.2.0/../../../../arm-none-eabi/lib/armv6k/fpu\libsysbase.a(libsysbase_libsysbase_a-iosupport.o)
                0x00111e38                dotab_stdnull
 *all.rodata*(*)
 *(.gnu.linkonce.r*)
                0x00111eb8                        . = ALIGN (0x4)
                0x00111eb8                        __tdata_align = .
                0x00111eb8        0x4 LONG 0x4 ALIGNOF (.tdata)
                0x00111ebc                        . = ALIGN (0x4)

.eh_frame       0x00111ebc        0x0
 .eh_frame      0x00111ebc        0x0 C:/devkitPro/devkitARM/bin/../lib/gcc/arm-none-eabi/15.2.0/armv6k/fpu/crtbegin.o

.rel.dyn        0x00111ebc        0x0
 .rel.iplt      0x00111ebc        0x0 C:/devkitPro/devkitARM/bin/../lib/gcc/arm-none-eabi/15.2.0/../../../../arm-none-eabi/lib/armv6k/fpu/3dsx_crt0.o
 .rel.got       0x00111ebc        0x0 C:/devkitPro/devkitARM/bin/../lib/gcc/arm-none-eabi/15.2.0/../../../../arm-none-eabi/lib/armv6k/fpu/3dsx_crt0.o

.ARM.extab
 *(.ARM.extab* .gnu.linkonce.armextab.*)
                0x00111ebc                        __exidx_start = .

.ARM.exidx
 *(.ARM.exidx* .gnu.linkonce.armexidx.*)
                0x00111ebc                        __exidx_end = .
                0x00112000                        . = ALIGN (0x1000)

.data           0x00112000     0x1b3c
 *(.data)
 *(.data.*)
 .data.firstConsoleInit.0
                0x00112000        0x1 C:/devkitPro/libctru/lib\libctru.a(console.o)
 *fill*         0x00112001        0x3 
 .data.currentConsole
                0x00112004        0x4 C:/devkitPro/libctru/lib\libctru.a(console.o)
                0x00112004                currentConsole
 .data.defaultConsole
                0x00112008       0x48 C:/devkitPro/libctru/lib\libctru.a(console.o)
                0x00112008                defaultConsole
 .data.aptChainloadDeliverArgSize
                0x00112050        0x4 C:/devkitPro/libctru/lib\libctru.a(apt.o)
 .data.kCount   0x00112054        0x4 C:/devkitPro/libctru/lib\libctru.a(hid.o)
 .data.kInterval
                0x00112058        0x4 C:/devkitPro/libctru/lib\libctru.a(hid.o)
 .data.kDelay   0x0011205c        0x4 C:/devkitPro/libctru/lib\libctru.a(hid.o)
 .data.__stacksize__
                0x00112060        0x4 C:/devkitPro/libctru/lib\libctru.a(stack_adjust.o)
                0x00112060                __stacksize__
 .data._impure_ptr
                0x00112064        0x4 C:/devkitPro/devkitARM/bin/../lib/gcc/arm-none-eabi/15.2.0/../../../../arm-none-eabi/lib/armv6k/fpu\libg.a(libc_a-impure.o)
                0x00112064                _impure_ptr
 .data._impure_data
                0x00112068      0x200 C:/devkitPro/devkitARM/bin/../lib/gcc/arm-none-eabi/15.2.0/../../../../arm-none-eabi/lib/armv6k/fpu\libg.a(libc_a-impure.o)
                0x00112068                _impure_data
 .data.__malloc_sbrk_base
                0x00112268        0x4 C:/devkitPro/devkitARM/bin/../lib/gcc/arm-none-eabi/15.2.0/../../../../arm-none-eabi/lib/armv6k/fpu\libg.a(libc_a-mallocr.o)
                0x00112268                __malloc_sbrk_base
 .data.__malloc_trim_threshold
                0x0011226c        0x4 C:/devkitPro/devkitARM/bin/../lib/gcc/arm-none-eabi/15.2.0/../../../../arm-none-eabi/lib/armv6k/fpu\libg.a(libc_a-mallocr.o)
                0x0011226c                __malloc_trim_threshold
 .data.__malloc_av_
                0x00112270      0x408 C:/devkitPro/devkitARM/bin/../lib/gcc/arm-none-eabi/15.2.0/../../../../arm-none-eabi/lib/armv6k/fpu\libg.a(libc_a-mallocr.o)
                0x00112270                __malloc_av_
 .data.__sglue  0x00112678        0xc C:/devkitPro/devkitARM/bin/../lib/gcc/arm-none-eabi/15.2.0/../../../../arm-none-eabi/lib/armv6k/fpu\libg.a(libc_a-findfp.o)
                0x00112678                __sglue
 .data._current_working_directory
                0x00112684      0x400 C:/devkitPro/devkitARM/bin/../lib/gcc/arm-none-eabi/15.2.0/../../../../arm-none-eabi/lib/armv6k/fpu\libsysbase.a(libsysbase_libsysbase_a-chdir.o)
 *fill*         0x00112a84        0x4 
 .data.handles  0x00112a88     0x1000 C:/devkitPro/devkitARM/bin/../lib/gcc/arm-none-eabi/15.2.0/../../../../arm-none-eabi/lib/armv6k/fpu\libsysbase.a(libsysbase_libsysbase_a-handle_manager.o)
 .data.__stderr_handle
                0x00113a88        0xc C:/devkitPro/devkitARM/bin/../lib/gcc/arm-none-eabi/15.2.0/../../../../arm-none-eabi/lib/armv6k/fpu\libsysbase.a(libsysbase_libsysbase_a-handle_manager.o)
 .data.__stdout_handle
                0x00113a94        0xc C:/devkitPro/devkitARM/bin/../lib/gcc/arm-none-eabi/15.2.0/../../../../arm-none-eabi/lib/armv6k/fpu\libsysbase.a(libsysbase_libsysbase_a-handle_manager.o)
 .data.__stdin_handle
                0x00113aa0        0xc C:/devkitPro/devkitARM/bin/../lib/gcc/arm-none-eabi/15.2.0/../../../../arm-none-eabi/lib/armv6k/fpu\libsysbase.a(libsysbase_libsysbase_a-handle_manager.o)
 .data.devoptab_list
                0x00113aac       0x8c C:/devkitPro/devkitARM/bin/../lib/gcc/arm-none-eabi/15.2.0/../../../../arm-none-eabi/lib/armv6k/fpu\libsysbase.a(libsysbase_libsysbase_a-iosupport.o)
                0x00113aac                devoptab_list
 .data.defaultDevice
                0x00113b38        0x4 C:/devkitPro/devkitARM/bin/../lib/gcc/arm-none-eabi/15.2.0/../../../../arm-none-eabi/lib/armv6k/fpu\libsysbase.a(libsysbase_libsysbase_a-iosupport.o)
 *(.gnu.linkonce.d*)
                0x00113b3c                        . = ALIGN (0x4)

.igot.plt       0x00113b3c        0x0
 .igot.plt      0x00113b3c        0x0 C:/devkitPro/devkitARM/bin/../lib/gcc/arm-none-eabi/15.2.0/../../../../arm-none-eabi/lib/armv6k/fpu/3dsx_crt0.o

.got            0x00113b3c        0x8
 .got           0x00113b3c        0x8 C:/devkitPro/devkitARM/bin/../lib/gcc/arm-none-eabi/15.2.0/../../../../arm-none-eabi/lib/armv6k/fpu/3dsx_crt0.o

.got.plt        0x00113b44        0xc
 .got.plt       0x00113b44        0xc C:/devkitPro/devkitARM/bin/../lib/gcc/arm-none-eabi/15.2.0/../../../../arm-none-eabi/lib/armv6k/fpu/3dsx_crt0.o
                0x00113b44                _GLOBAL_OFFSET_TABLE_

.tdata          0x00113b50        0x0
                0x00113b50                        __tdata_lma = .
 *(.tdata)
 *(.tdata.*)
 *(.gnu.linkonce.td.*)
                0x00113b50                        . = ALIGN (0x4)
                0x00113b50                        __tdata_lma_end = .

.tbss           0x00113b50      0xc08
 *(.tbss)
 *(.tbss.*)
 .tbss.__ctru_dev_utf16_buf
                0x00113b50      0x802 C:/devkitPro/libctru/lib\libctru.a(path_buf.o)
                0x00113b50                __ctru_dev_utf16_buf
 *fill*         0x00114352        0x2 
 .tbss.__ctru_dev_path_buf
                0x00114354      0x401 C:/devkitPro/libctru/lib\libctru.a(path_buf.o)
                0x00114354                __ctru_dev_path_buf
 *(.gnu.linkonce.tb.*)
 *(.tcommon)
                0x00114758                        . = ALIGN (0x4)
 *fill*         0x00114755        0x3 

.preinit_array  0x00113b50        0x0
                0x00113b50                        PROVIDE (__preinit_array_start = .)
 *(.preinit_array)
                0x00113b50                        PROVIDE (__preinit_array_end = .)

.init_array     0x00113b50        0x4
                0x00113b50                        PROVIDE (__init_array_start = .)
 *(SORT_BY_NAME(.init_array.*))
 *(.init_array)
 .init_array    0x00113b50        0x4 C:/devkitPro/devkitARM/bin/../lib/gcc/arm-none-eabi/15.2.0/armv6k/fpu/crtbegin.o
                0x00113b54                        PROVIDE (__init_array_end = .)

.fini_array     0x00113b54        0x4
                0x00113b54                        PROVIDE (__fini_array_start = .)
 *(.fini_array)
 .fini_array    0x00113b54        0x4 C:/devkitPro/devkitARM/bin/../lib/gcc/arm-none-eabi/15.2.0/armv6k/fpu/crtbegin.o
 *(SORT_BY_NAME(.fini_array.*))
                0x00113b58                        PROVIDE (__fini_array_end = .)

.ctors
 *crtbegin.o(.ctors)
 *(EXCLUDE_FILE(*crtend.o) .ctors)
 *(SORT_BY_NAME(.ctors.*))
 *(.ctors)

.dtors
 *crtbegin.o(.dtors)
 *(EXCLUDE_FILE(*crtend.o) .dtors)
 *(SORT_BY_NAME(.dtors.*))
 *(.dtors)
                0x00113b58                        __bss_start__ = .

.bss            0x00113b58     0x4c60
 *(.dynbss)
 *(.bss)
 *(.bss.*)
 .bss.completed.1
                0x00113b58        0x1 C:/devkitPro/devkitARM/bin/../lib/gcc/arm-none-eabi/15.2.0/armv6k/fpu/crtbegin.o
 *fill*         0x00113b59        0x3 
 .bss.object.0  0x00113b5c       0x18 C:/devkitPro/devkitARM/bin/../lib/gcc/arm-none-eabi/15.2.0/armv6k/fpu/crtbegin.o
 *fill*         0x00113b74        0x4 
 .bss._ZL11sLinearPool
                0x00113b78        0x8 C:/devkitPro/libctru/lib\libctru.a(linear.o)
 .bss._ZL8sAddrMap
                0x00113b80        0xc C:/devkitPro/libctru/lib\libctru.a(linear.o)
 .bss.escapeSeq
                0x00113b8c       0x64 C:/devkitPro/libctru/lib\libctru.a(console.o)
 .bss.currentCopy
                0x00113bf0       0x48 C:/devkitPro/libctru/lib\libctru.a(console.o)
                0x00113bf0                currentCopy
 .bss.screenAlloc
                0x00113c38        0x4 C:/devkitPro/libctru/lib\libctru.a(gfx.o)
 .bss.screenFree
                0x00113c3c        0x4 C:/devkitPro/libctru/lib\libctru.a(gfx.o)
 .bss.gfxIsDoubleBuf
                0x00113c40        0x2 C:/devkitPro/libctru/lib\libctru.a(gfx.o)
 *fill*         0x00113c42        0x2 
 .bss.gfxCurBuf
                0x00113c44        0x2 C:/devkitPro/libctru/lib\libctru.a(gfx.o)
 .bss.gfxIsVram
                0x00113c46        0x1 C:/devkitPro/libctru/lib\libctru.a(gfx.o)
 .bss.gfxTopMode
                0x00113c47        0x1 C:/devkitPro/libctru/lib\libctru.a(gfx.o)
 .bss.gfxFramebufferFormats
                0x00113c48        0x2 C:/devkitPro/libctru/lib\libctru.a(gfx.o)
 *fill*         0x00113c4a        0x2 
 .bss.gfxBottomFramebufferMaxSize
                0x00113c4c        0x4 C:/devkitPro/libctru/lib\libctru.a(gfx.o)
 .bss.gfxTopFramebufferMaxSize
                0x00113c50        0x4 C:/devkitPro/libctru/lib\libctru.a(gfx.o)
 *fill*         0x00113c54        0x4 
 .bss.gfxBottomFramebuffers
                0x00113c58        0x8 C:/devkitPro/libctru/lib\libctru.a(gfx.o)
 .bss.gfxTopFramebuffers
                0x00113c60        0x8 C:/devkitPro/libctru/lib\libctru.a(gfx.o)
 .bss.ndspRefCount
                0x00113c68        0x4 C:/devkitPro/libctru/lib\libctru.a(ndsp.o)
 .bss.ndspMaster
                0x00113c6c       0x48 C:/devkitPro/libctru/lib\libctru.a(ndsp.o)
 .bss.ndspThread
                0x00113cb4        0x4 C:/devkitPro/libctru/lib\libctru.a(ndsp.o)
 .bss.ndspThreadRun
                0x00113cb8        0x1 C:/devkitPro/libctru/lib\libctru.a(ndsp.o)
 *fill*         0x00113cb9        0x3 
 .bss.dspVar5Backup
                0x00113cbc     0x1080 C:/devkitPro/libctru/lib\libctru.a(ndsp.o)
 .bss.ndspMutex
                0x00114d3c        0x4 C:/devkitPro/libctru/lib\libctru.a(ndsp.o)
 .bss.sleepEvent
                0x00114d40        0x8 C:/devkitPro/libctru/lib\libctru.a(ndsp.o)
 .bss.dspSem    0x00114d48        0x4 C:/devkitPro/libctru/lib\libctru.a(ndsp.o)
 .bss.irqEvent  0x00114d4c        0x4 C:/devkitPro/libctru/lib\libctru.a(ndsp.o)
 .bss.ndspHookCookie
                0x00114d50        0x8 C:/devkitPro/libctru/lib\libctru.a(ndsp.o)
 .bss.componentFree
                0x00114d58        0x1 C:/devkitPro/libctru/lib\libctru.a(ndsp.o)
 *fill*         0x00114d59        0x1 
 .bss.componentDataMask
                0x00114d5a        0x2 C:/devkitPro/libctru/lib\libctru.a(ndsp.o)
 .bss.componentProgMask
                0x00114d5c        0x2 C:/devkitPro/libctru/lib\libctru.a(ndsp.o)
 *fill*         0x00114d5e        0x2 
 .bss.componentSize
                0x00114d60        0x4 C:/devkitPro/libctru/lib\libctru.a(ndsp.o)
 .bss.componentBin
                0x00114d64        0x4 C:/devkitPro/libctru/lib\libctru.a(ndsp.o)
 .bss.frameCount
                0x00114d68        0x4 C:/devkitPro/libctru/lib\libctru.a(ndsp.o)
 .bss.droppedFrames
                0x00114d6c        0x4 C:/devkitPro/libctru/lib\libctru.a(ndsp.o)
 .bss.bCancelReceived
                0x00114d70        0x1 C:/devkitPro/libctru/lib\libctru.a(ndsp.o)
 .bss.bSleeping
                0x00114d71        0x1 C:/devkitPro/libctru/lib\libctru.a(ndsp.o)
 .bss.bEnteringSleep
                0x00114d72        0x1 C:/devkitPro/libctru/lib\libctru.a(ndsp.o)
 .bss.bDspReady
                0x00114d73        0x1 C:/devkitPro/libctru/lib\libctru.a(ndsp.o)
 .bss.ndspVars  0x00114d74       0x80 C:/devkitPro/libctru/lib\libctru.a(ndsp.o)
                0x00114d74                ndspVars
 .bss.ndspBufferId
                0x00114df4        0x2 C:/devkitPro/libctru/lib\libctru.a(ndsp.o)
                0x00114df4                ndspBufferId
 .bss.ndspBufferCurId
                0x00114df6        0x2 C:/devkitPro/libctru/lib\libctru.a(ndsp.o)
                0x00114df6                ndspBufferCurId
 .bss.ndspFrameId
                0x00114df8        0x2 C:/devkitPro/libctru/lib\libctru.a(ndsp.o)
                0x00114df8                ndspFrameId
 *fill*         0x00114dfa        0x6 
 .bss.ndspChn   0x00114e00      0xc60 C:/devkitPro/libctru/lib\libctru.a(ndsp-channel.o)
 .bss.flagValue.0
                0x00115a60        0x1 C:/devkitPro/libctru/lib\libctru.a(apt.o)
 .bss.flagInit.1
                0x00115a61        0x1 C:/devkitPro/libctru/lib\libctru.a(apt.o)
 *fill*         0x00115a62        0x2 
 .bss.serviceName.6
                0x00115a64        0x4 C:/devkitPro/libctru/lib\libctru.a(apt.o)
 .bss.aptChainloadFlags
                0x00115a68        0x1 C:/devkitPro/libctru/lib\libctru.a(apt.o)
 .bss.aptChainloadMediatype
                0x00115a69        0x1 C:/devkitPro/libctru/lib\libctru.a(apt.o)
 *fill*         0x00115a6a        0x2 
 .bss.aptChainloadHmac
                0x00115a6c       0x20 C:/devkitPro/libctru/lib\libctru.a(apt.o)
 .bss.aptChainloadDeliverArg
                0x00115a8c      0x300 C:/devkitPro/libctru/lib\libctru.a(apt.o)
 *fill*         0x00115d8c        0x4 
 .bss.aptChainloadTid
                0x00115d90        0x8 C:/devkitPro/libctru/lib\libctru.a(apt.o)
 .bss.aptParameters
                0x00115d98     0x1000 C:/devkitPro/libctru/lib\libctru.a(apt.o)
 .bss.aptFlags  0x00116d98        0x4 C:/devkitPro/libctru/lib\libctru.a(apt.o)
 .bss.aptHomeButtonState
                0x00116d9c        0x1 C:/devkitPro/libctru/lib\libctru.a(apt.o)
 *fill*         0x00116d9d        0x3 
 .bss.aptMessageFuncData
                0x00116da0        0x4 C:/devkitPro/libctru/lib\libctru.a(apt.o)
 .bss.aptMessageFunc
                0x00116da4        0x4 C:/devkitPro/libctru/lib\libctru.a(apt.o)
 .bss.aptFirstHook
                0x00116da8        0xc C:/devkitPro/libctru/lib\libctru.a(apt.o)
 .bss.aptEventHandlerThreadQuit
                0x00116db4        0x1 C:/devkitPro/libctru/lib\libctru.a(apt.o)
 *fill*         0x00116db5        0x3 
 .bss.aptEventHandlerThread
                0x00116db8        0x4 C:/devkitPro/libctru/lib\libctru.a(apt.o)
 .bss.aptSleepEvent
                0x00116dbc        0x8 C:/devkitPro/libctru/lib\libctru.a(apt.o)
 .bss.aptReceiveEvent
                0x00116dc4        0x8 C:/devkitPro/libctru/lib\libctru.a(apt.o)
 .bss.aptEvents
                0x00116dcc        0x8 C:/devkitPro/libctru/lib\libctru.a(apt.o)
 .bss.aptLockHandle
                0x00116dd4        0x4 C:/devkitPro/libctru/lib\libctru.a(apt.o)
 .bss.aptRefCount
                0x00116dd8        0x4 C:/devkitPro/libctru/lib\libctru.a(apt.o)
 .bss.cfguRefCount
                0x00116ddc        0x4 C:/devkitPro/libctru/lib\libctru.a(cfgu.o)
 .bss.cfguHandle
                0x00116de0        0x4 C:/devkitPro/libctru/lib\libctru.a(cfgu.o)
 .bss.dspSavedCompDataMask
                0x00116de4        0x2 C:/devkitPro/libctru/lib\libctru.a(dsp.o)
 .bss.dspSavedCompProgMask
                0x00116de6        0x2 C:/devkitPro/libctru/lib\libctru.a(dsp.o)
 .bss.dspSavedCompSize
                0x00116de8        0x4 C:/devkitPro/libctru/lib\libctru.a(dsp.o)
 .bss.dspSavedCompBin
                0x00116dec        0x4 C:/devkitPro/libctru/lib\libctru.a(dsp.o)
 .bss.dspSleeping
                0x00116df0        0x1 C:/devkitPro/libctru/lib\libctru.a(dsp.o)
 .bss.dspComponentLoaded
                0x00116df1        0x1 C:/devkitPro/libctru/lib\libctru.a(dsp.o)
 *fill*         0x00116df2        0x2 
 .bss.dspFirstHook
                0x00116df4        0x8 C:/devkitPro/libctru/lib\libctru.a(dsp.o)
 .bss.dspRefCount
                0x00116dfc        0x4 C:/devkitPro/libctru/lib\libctru.a(dsp.o)
 .bss.dspHandle
                0x00116e00        0x4 C:/devkitPro/libctru/lib\libctru.a(dsp.o)
 *fill*         0x00116e04        0x4 
 .bss.fsExemptArchives
                0x00116e08       0x80 C:/devkitPro/libctru/lib\libctru.a(fs.o)
 .bss.fsuRefCount
                0x00116e88        0x4 C:/devkitPro/libctru/lib\libctru.a(fs.o)
 .bss.fsuHandle
                0x00116e8c        0x4 C:/devkitPro/libctru/lib\libctru.a(fs.o)
 .bss.gspEventCbOneShot
                0x00116e90        0x7 C:/devkitPro/libctru/lib\libctru.a(gspgpu.o)
 *fill*         0x00116e97        0x1 
 .bss.gspEventCbData
                0x00116e98       0x1c C:/devkitPro/libctru/lib\libctru.a(gspgpu.o)
 .bss.gspEventCb
                0x00116eb4       0x1c C:/devkitPro/libctru/lib\libctru.a(gspgpu.o)
 .bss.gspEvents
                0x00116ed0       0x38 C:/devkitPro/libctru/lib\libctru.a(gspgpu.o)
 .bss.gspLastEvent
                0x00116f08        0x4 C:/devkitPro/libctru/lib\libctru.a(gspgpu.o)
 .bss.gspRunEvents
                0x00116f0c        0x1 C:/devkitPro/libctru/lib\libctru.a(gspgpu.o)
 *fill*         0x00116f0d        0x3 
 .bss.gspEventThread
                0x00116f10        0x4 C:/devkitPro/libctru/lib\libctru.a(gspgpu.o)
 .bss.gspEvent  0x00116f14        0x4 C:/devkitPro/libctru/lib\libctru.a(gspgpu.o)
 .bss.gspGpuRight
                0x00116f18        0x1 C:/devkitPro/libctru/lib\libctru.a(gspgpu.o)
 .bss.gspThreadId
                0x00116f19        0x1 C:/devkitPro/libctru/lib\libctru.a(gspgpu.o)
 *fill*         0x00116f1a        0x2 
 .bss.gspSharedMem
                0x00116f1c        0x4 C:/devkitPro/libctru/lib\libctru.a(gspgpu.o)
 .bss.gspSharedMemHandle
                0x00116f20        0x4 C:/devkitPro/libctru/lib\libctru.a(gspgpu.o)
 .bss.gspRefCount
                0x00116f24        0x4 C:/devkitPro/libctru/lib\libctru.a(gspgpu.o)
 .bss.gspGpuHandle
                0x00116f28        0x4 C:/devkitPro/libctru/lib\libctru.a(gspgpu.o)
 .bss.usingIrrst
                0x00116f2c        0x1 C:/devkitPro/libctru/lib\libctru.a(hid.o)
 *fill*         0x00116f2d        0x3 
 .bss.hidRefCount
                0x00116f30        0x4 C:/devkitPro/libctru/lib\libctru.a(hid.o)
 .bss.gRate     0x00116f34        0x6 C:/devkitPro/libctru/lib\libctru.a(hid.o)
 *fill*         0x00116f3a        0x2 
 .bss.aVec      0x00116f3c        0x6 C:/devkitPro/libctru/lib\libctru.a(hid.o)
 *fill*         0x00116f42        0x2 
 .bss.cPos      0x00116f44        0x4 C:/devkitPro/libctru/lib\libctru.a(hid.o)
 .bss.tPos      0x00116f48        0x4 C:/devkitPro/libctru/lib\libctru.a(hid.o)
 .bss.kRepeat   0x00116f4c        0x4 C:/devkitPro/libctru/lib\libctru.a(hid.o)
 .bss.kUp       0x00116f50        0x4 C:/devkitPro/libctru/lib\libctru.a(hid.o)
 .bss.kDown     0x00116f54        0x4 C:/devkitPro/libctru/lib\libctru.a(hid.o)
 .bss.kHeld     0x00116f58        0x4 C:/devkitPro/libctru/lib\libctru.a(hid.o)
 .bss.kOld      0x00116f5c        0x4 C:/devkitPro/libctru/lib\libctru.a(hid.o)
 .bss.hidSharedMem
                0x00116f60        0x4 C:/devkitPro/libctru/lib\libctru.a(hid.o)
                0x00116f60                hidSharedMem
 .bss.hidEvents
                0x00116f64       0x14 C:/devkitPro/libctru/lib\libctru.a(hid.o)
                0x00116f64                hidEvents
 .bss.hidMemHandle
                0x00116f78        0x4 C:/devkitPro/libctru/lib\libctru.a(hid.o)
                0x00116f78                hidMemHandle
 .bss.hidHandle
                0x00116f7c        0x4 C:/devkitPro/libctru/lib\libctru.a(hid.o)
                0x00116f7c                hidHandle
 .bss.irrstRefCount
                0x00116f80        0x4 C:/devkitPro/libctru/lib\libctru.a(irrst.o)
 .bss.csPos     0x00116f84        0x4 C:/devkitPro/libctru/lib\libctru.a(irrst.o)
 .bss.kHeld     0x00116f88        0x4 C:/devkitPro/libctru/lib\libctru.a(irrst.o)
 .bss.irrstSharedMem
                0x00116f8c        0x4 C:/devkitPro/libctru/lib\libctru.a(irrst.o)
                0x00116f8c                irrstSharedMem
 .bss.irrstEvent
                0x00116f90        0x4 C:/devkitPro/libctru/lib\libctru.a(irrst.o)
                0x00116f90                irrstEvent
 .bss.irrstMemHandle
                0x00116f94        0x4 C:/devkitPro/libctru/lib\libctru.a(irrst.o)
                0x00116f94                irrstMemHandle
 .bss.irrstHandle
                0x00116f98        0x4 C:/devkitPro/libctru/lib\libctru.a(irrst.o)
                0x00116f98                irrstHandle
 .bss.micSharedMemHandle
                0x00116f9c        0x4 C:/devkitPro/libctru/lib\libctru.a(mic.o)
 .bss.micSharedMemSize
                0x00116fa0        0x4 C:/devkitPro/libctru/lib\libctru.a(mic.o)
 .bss.micSharedMem
                0x00116fa4        0x4 C:/devkitPro/libctru/lib\libctru.a(mic.o)
 .bss.micRefCount
                0x00116fa8        0x4 C:/devkitPro/libctru/lib\libctru.a(mic.o)
 .bss.micHandle
                0x00116fac        0x4 C:/devkitPro/libctru/lib\libctru.a(mic.o)
 .bss.__ctru_linear_heap_size
                0x00116fb0        0x4 C:/devkitPro/libctru/lib\libctru.a(allocateHeaps.o)
                0x00116fb0                __ctru_linear_heap_size
 .bss.__ctru_heap_size
                0x00116fb4        0x4 C:/devkitPro/libctru/lib\libctru.a(allocateHeaps.o)
                0x00116fb4                __ctru_heap_size
 .bss.__ctru_linear_heap
                0x00116fb8        0x4 C:/devkitPro/libctru/lib\libctru.a(allocateHeaps.o)
                0x00116fb8                __ctru_linear_heap
 .bss.__ctru_heap
                0x00116fbc        0x4 C:/devkitPro/libctru/lib\libctru.a(allocateHeaps.o)
                0x00116fbc                __ctru_heap
 .bss.__system_retAddr
                0x00116fc0        0x4 C:/devkitPro/libctru/lib\libctru.a(ctru_init.o)
                0x00116fc0                __system_retAddr
 .bss.__system_argv
                0x00116fc4        0x4 C:/devkitPro/libctru/lib\libctru.a(initArgv.o)
                0x00116fc4                __system_argv
 .bss.__system_argc
                0x00116fc8        0x4 C:/devkitPro/libctru/lib\libctru.a(initArgv.o)
                0x00116fc8                __system_argc
 .bss.saved_stack.42
                0x00116fcc        0x8 C:/devkitPro/libctru/lib\libctru.a(stack_adjust.o)
 *fill*         0x00116fd4        0x4 
 .bss._ZL10sVramPoolB
                0x00116fd8        0x8 C:/devkitPro/libctru/lib\libctru.a(vram.o)
 .bss._ZL10sVramPoolA
                0x00116fe0        0x8 C:/devkitPro/libctru/lib\libctru.a(vram.o)
 .bss._ZL8sAddrMap
                0x00116fe8        0xc C:/devkitPro/libctru/lib\libctru.a(vram.o)
 .bss.__3dslink_host
                0x00116ff4        0x4 C:/devkitPro/libctru/lib\libctru.a(3dslink.o)
                0x00116ff4                __3dslink_host
 .bss.__ctru_speedup
                0x00116ff8        0x1 C:/devkitPro/libctru/lib\libctru.a(os.o)
                0x00116ff8                __ctru_speedup
 *fill*         0x00116ff9        0x3 
 .bss.srvRefCount
                0x00116ffc        0x4 C:/devkitPro/libctru/lib\libctru.a(srv.o)
 .bss.srvHandle
                0x00117000        0x4 C:/devkitPro/libctru/lib\libctru.a(srv.o)
 .bss.arbiter   0x00117004        0x4 C:/devkitPro/libctru/lib\libctru.a(synchronization.o)
 .bss.currentAddr
                0x00117008        0x4 C:/devkitPro/libctru/lib\libctru.a(mappable.o)
 .bss.maxAddr   0x0011700c        0x4 C:/devkitPro/libctru/lib\libctru.a(mappable.o)
 .bss.minAddr   0x00117010        0x4 C:/devkitPro/libctru/lib\libctru.a(mappable.o)
 .bss.ptmSysmRefCount
                0x00117014        0x4 C:/devkitPro/libctru/lib\libctru.a(ptmsysm.o)
 .bss.ptmSysmHandle
                0x00117018        0x4 C:/devkitPro/libctru/lib\libctru.a(ptmsysm.o)
 .bss.srvPmHandle
                0x0011701c        0x4 C:/devkitPro/libctru/lib\libctru.a(srvpm.o)
 .bss.archive_devices
                0x00117020      0x5c0 C:/devkitPro/libctru/lib\libctru.a(archive_dev.o)
 .bss.archive_device_cwd
                0x001175e0        0x4 C:/devkitPro/libctru/lib\libctru.a(archive_dev.o)
 .bss.archive_initialized
                0x001175e4        0x1 C:/devkitPro/libctru/lib\libctru.a(archive_dev.o)
 *fill*         0x001175e5        0x3 
 .bss.__malloc_current_mallinfo
                0x001175e8       0x28 C:/devkitPro/devkitARM/bin/../lib/gcc/arm-none-eabi/15.2.0/../../../../arm-none-eabi/lib/armv6k/fpu\libg.a(libc_a-mallocr.o)
                0x001175e8                __malloc_current_mallinfo
 .bss.__malloc_max_total_mem
                0x00117610        0x4 C:/devkitPro/devkitARM/bin/../lib/gcc/arm-none-eabi/15.2.0/../../../../arm-none-eabi/lib/armv6k/fpu\libg.a(libc_a-mallocr.o)
                0x00117610                __malloc_max_total_mem
 .bss.__malloc_max_sbrked_mem
                0x00117614        0x4 C:/devkitPro/devkitARM/bin/../lib/gcc/arm-none-eabi/15.2.0/../../../../arm-none-eabi/lib/armv6k/fpu\libg.a(libc_a-mallocr.o)
                0x00117614                __malloc_max_sbrked_mem
 .bss.__malloc_top_pad
                0x00117618        0x4 C:/devkitPro/devkitARM/bin/../lib/gcc/arm-none-eabi/15.2.0/../../../../arm-none-eabi/lib/armv6k/fpu\libg.a(libc_a-mallocr.o)
                0x00117618                __malloc_top_pad
 .bss.__sfp_recursive_mutex
                0x0011761c        0xc C:/devkitPro/devkitARM/bin/../lib/gcc/arm-none-eabi/15.2.0/../../../../arm-none-eabi/lib/armv6k/fpu\libg.a(libc_a-findfp.o)
 .bss.__sf      0x00117628      0x168 C:/devkitPro/devkitARM/bin/../lib/gcc/arm-none-eabi/15.2.0/../../../../arm-none-eabi/lib/armv6k/fpu\libg.a(libc_a-findfp.o)
                0x00117628                __sf
 .bss.__stdio_exit_handler
                0x00117790        0x4 C:/devkitPro/devkitARM/bin/../lib/gcc/arm-none-eabi/15.2.0/../../../../arm-none-eabi/lib/armv6k/fpu\libg.a(libc_a-findfp.o)
                0x00117790                __stdio_exit_handler
 .bss.__malloc_recursive_mutex