Archive member included to satisfy reference by file (symbol)

C:/devkitPro/libctru/lib\libctru.a(linear.o)
                              audio_engine.o (linearAlloc)
C:/devkitPro/libctru/lib\libctru.a(mem_pool.o)
                              C:/devkitPro/libctru/lib\libctru.a(linear.o) (_ZN7MemPool8AllocateER8MemChunkmi)
C:/devkitPro/libctru/lib\libctru.a(console.o)
                              main.o (consoleInit)
C:/devkitPro/libctru/lib\libctru.a(gfx.o)
                              C:/devkitPro/libctru/lib\libctru.a(console.o) (gfxIsWide)
C:/devkitPro/libctru/lib\libctru.a(ndsp.o)
                              audio_engine.o (ndspInit)
C:/devkitPro/libctru/lib\libctru.a(ndsp-channel.o)
                              audio_engine.o (ndspChnReset)
C:/devkitPro/libctru/lib\libctru.a(apt.o)
                              main.o (aptMainLoop)
C:/devkitPro/libctru/lib\libctru.a(cfgu.o)
                              C:/devkitPro/libctru/lib\libctru.a(ndsp.o) (cfguInit)
C:/devkitPro/libctru/lib\libctru.a(dsp.o)
                              C:/devkitPro/libctru/lib\libctru.a(ndsp.o) (dspInit)
C:/devkitPro/libctru/lib\libctru.a(fs.o)
                              C:/devkitPro/libctru/lib\libctru.a(ndsp.o) (FSUSER_OpenFileDirectly)
C:/devkitPro/libctru/lib\libctru.a(gspgpu.o)
                              C:/devkitPro/libctru/lib\libctru.a(gfx.o) (gspInit)
C:/devkitPro/libctru/lib\libctru.a(hid.o)
                              main.o (hidScanInput)
C:/devkitPro/libctru/lib\libctru.a(irrst.o)
                              C:/devkitPro/libctru/lib\libctru.a(hid.o) (irrstInit)
C:/devkitPro/libctru/lib\libctru.a(rbtree_find.o)
                              C:/devkitPro/libctru/lib\libctru.a(linear.o) (rbtree_find)
C:/devkitPro/libctru/lib\libctru.a(rbtree_init.o)
                              C:/devkitPro/libctru/lib\libctru.a(linear.o) (rbtree_init)
C:/devkitPro/libctru/lib\libctru.a(rbtree_insert.o)
                              C:/devkitPro/libctru/lib\libctru.a(linear.o) (rbtree_insert)
C:/devkitPro/libctru/lib\libctru.a(rbtree_remove.o)
                              C:/devkitPro/libctru/lib\libctru.a(linear.o) (rbtree_remove)
C:/devkitPro/libctru/lib\libctru.a(rbtree_rotate.o)
                              C:/devkitPro/libctru/lib\libctru.a(rbtree_insert.o) (rbtree_rotate)
C:/devkitPro/libctru/lib\libctru.a(allocateHeaps.o)
                              C:/devkitPro/libctru/lib\libctru.a(linear.o) (__ctru_linear_heap_size)
C:/devkitPro/libctru/lib\libctru.a(ctru_init.o)
                              C:/devkitPro/libctru/lib\libctru.a(apt.o) (__system_retAddr)
C:/devkitPro/libctru/lib\libctru.a(initArgv.o)
                              C:/devkitPro/libctru/lib\libctru.a(ctru_init.o) (__system_initArgv)
C:/devkitPro/libctru/lib\libctru.a(syscalls.o)
                              C:/devkitPro/libctru/lib\libctru.a(ctru_init.o) (__system_initSyscalls)
C:/devkitPro/libctru/lib\libctru.a(svc.o)
                              C:/devkitPro/libctru/lib\libctru.a(allocateHeaps.o) (svcControlMemory)
C:/devkitPro/libctru/lib\libctru.a(stack_adjust.o)
                              C:/devkitPro/devkitARM/bin/../lib/gcc/arm-none-eabi/15.2.0/../../../../arm-none-eabi/lib/armv6k/fpu/3dsx_crt0.o (initSystem)
C:/devkitPro/libctru/lib\libctru.a(default_font.bin.o)
                              C:/devkitPro/libctru/lib\libctru.a(console.o) (default_font_bin)
C:/devkitPro/libctru/lib\libctru.a(vram.o)
                              C:/devkitPro/libctru/lib\libctru.a(gfx.o) (vramAlloc)
C:/devkitPro/libctru/lib\libctru.a(3dslink.o)
                              C:/devkitPro/libctru/lib\libctru.a(initArgv.o) (__3dslink_host)
C:/devkitPro/libctru/lib\libctru.a(env.o)
                              C:/devkitPro/libctru/lib\libctru.a(ndsp.o) (envGetHandle)
C:/devkitPro/libctru/lib\libctru.a(os.o)
                              C:/devkitPro/libctru/lib\libctru.a(ndsp-channel.o) (osConvertVirtToPhys)
C:/devkitPro/libctru/lib\libctru.a(srv.o)
                              C:/devkitPro/libctru/lib\libctru.a(apt.o) (srvInit)
C:/devkitPro/libctru/lib\libctru.a(synchronization.o)
                              C:/devkitPro/libctru/lib\libctru.a(ctru_init.o) (__sync_init)
C:/devkitPro/libctru/lib\libctru.a(thread.o)
                              C:/devkitPro/libctru/lib\libctru.a(ndsp.o) (threadCreate)
C:/devkitPro/libctru/lib\libctru.a(mappable.o)
                              C:/devkitPro/libctru/lib\libctru.a(allocateHeaps.o) (mappableInit)
C:/devkitPro/libctru/lib\libctru.a(ptmsysm.o)
                              C:/devkitPro/libctru/lib\libctru.a(os.o) (ptmSysmInit)
C:/devkitPro/libctru/lib\libctru.a(srvpm.o)
                              C:/devkitPro/libctru/lib\libctru.a(srv.o) (srvPmGetSessionHandle)
C:/devkitPro/libctru/lib\libctru.a(soc_connect.o)
                              C:/devkitPro/libctru/lib\libctru.a(3dslink.o) (connect)
C:/devkitPro/libctru/lib\libctru.a(soc_socket.o)
[...]
Memory Configuration

Name             Origin             Length             Attributes
*default*        0x00000000         0xffffffff

Linker script and memory map

                0x00000000                        __sync_synchronize = __sync_synchronize_dmb
                0x00100000                        PROVIDE (__start__ = 0x100000)
                0x00100000                        . = __start__

.text           0x00100000    0x14b14
 *(.crt0)
 .crt0          0x00100000       0x94 C:/devkitPro/devkitARM/bin/../lib/gcc/arm-none-eabi/15.2.0/../../../../arm-none-eabi/lib/armv6k/fpu/3dsx_crt0.o
                0x00100000                _start
                0x00100008                __service_ptr
                0x0010000c                __apt_appid
                0x00100010                __heap_size
                0x00100014                __linear_heap_size
                0x00100018                __system_arglist
                0x0010001c                __system_runflags
 *(.init)
 .init          0x00100094        0xc C:/devkitPro/devkitARM/bin/../lib/gcc/arm-none-eabi/15.2.0/armv6k/fpu/crti.o
                0x00100094                _init
 .init          0x001000a0        0xc C:/devkitPro/devkitARM/bin/../lib/gcc/arm-none-eabi/15.2.0/armv6k/fpu/crtn.o
                0x001000ac                        . = ALIGN (0x4)
 *(.text)
 .text          0x001000ac      0x20c C:/devkitPro/devkitARM/bin/../lib/gcc/arm-none-eabi/15.2.0/armv6k/fpu\libgcc.a(_udivsi3.o)
                0x001000ac                __aeabi_uidiv
                0x001000ac                __udivsi3
                0x00100298                __aeabi_uidivmod
 .text          0x001002b8      0x240 C:/devkitPro/devkitARM/bin/../lib/gcc/arm-none-eabi/15.2.0/armv6k/fpu\libgcc.a(_divsi3.o)
                0x001002b8                __divsi3
                0x001002b8                __aeabi_idiv
                0x001004d8                __aeabi_idivmod
 .text          0x001004f8        0x4 C:/devkitPro/devkitARM/bin/../lib/gcc/arm-none-eabi/15.2.0/armv6k/fpu\libgcc.a(_dvmd_tls.o)
                0x001004f8                __aeabi_idiv0
                0x001004f8                __aeabi_ldiv0
 .text          0x001004fc      0x3c0 C:/devkitPro/devkitARM/bin/../lib/gcc/arm-none-eabi/15.2.0/armv6k/fpu\libgcc.a(_arm_addsubdf3.o)
                0x001004fc                __aeabi_drsub
                0x00100504                __aeabi_dsub
                0x00100504                __subdf3
                0x00100508                __aeabi_dadd
                0x00100508                __adddf3
                0x001007b4                __floatunsidf
                0x001007b4                __aeabi_ui2d
                0x001007d8                __floatsidf
                0x001007d8                __aeabi_i2d
                0x00100800                __aeabi_f2d
                0x00100800                __extendsfdf2
                0x00100848                __floatundidf
                0x00100848                __aeabi_ul2d
                0x0010085c                __floatdidf
                0x0010085c                __aeabi_l2d
 .text          0x001008bc      0x1a8 C:/devkitPro/devkitARM/bin/../lib/gcc/arm-none-eabi/15.2.0/armv6k/fpu\libgcc.a(libunwind.o)
                0x001008bc                __restore_core_regs
                0x001008bc                restore_core_regs
                0x001008d0                __gnu_Unwind_Restore_VFP
                0x001008d8                __gnu_Unwind_Save_VFP
                0x001008e0                __gnu_Unwind_Restore_VFP_D
                0x001008e8                __gnu_Unwind_Save_VFP_D
                0x001008f0                __gnu_Unwind_Restore_VFP_D_16_to_31
                0x001008f8                __gnu_Unwind_Save_VFP_D_16_to_31
                0x00100900                __gnu_Unwind_Restore_WMMXD
                0x00100944                __gnu_Unwind_Save_WMMXD
                0x00100988                __gnu_Unwind_Restore_WMMXC
                0x0010099c                __gnu_Unwind_Save_WMMXC
                0x001009b0                ___Unwind_RaiseException
                0x001009b0                _Unwind_RaiseException
                0x001009d4                _Unwind_Resume
                0x001009d4                ___Unwind_Resume
                0x001009f8                _Unwind_Resume_or_Rethrow
                0x001009f8                ___Unwind_Resume_or_Rethrow
                0x00100a1c                _Unwind_ForcedUnwind
                0x00100a1c                ___Unwind_ForcedUnwind
                0x00100a40                ___Unwind_Backtrace
                0x00100a40                _Unwind_Backtrace
 *fill*         0x00100a64       0x1c 
 .text          0x00100a80      0x390 C:/devkitPro/devkitARM/bin/../lib/gcc/arm-none-eabi/15.2.0/../../../../arm-none-eabi/lib/armv6k/fpu\libg.a(libc_a-strcmp.o)
                0x00100a88                strcmp
 *(.text.*)
 .text.__do_global_dtors_aux
                0x00100e10       0x50 C:/devkitPro/devkitARM/bin/../lib/gcc/arm-none-eabi/15.2.0/armv6k/fpu/crtbegin.o
 .text.frame_dummy
                0x00100e60       0x2c C:/devkitPro/devkitARM/bin/../lib/gcc/arm-none-eabi/15.2.0/armv6k/fpu/crtbegin.o
 .text._ZN11AudioEngineC2Ej
                0x00100e8c       0x8c audio_engine.o
                0x00100e8c                _ZN11AudioEngineC2Ej
                0x00100e8c                _ZN11AudioEngineC1Ej
 .text._ZN11AudioEngineD2Ev
                0x00100f18       0x44 audio_engine.o
                0x00100f18                _ZN11AudioEngineD2Ev
                0x00100f18                _ZN11AudioEngineD1Ev
 .text._ZN11AudioEngine4initEv
                0x00100f5c       0x98 audio_engine.o
                0x00100f5c                _ZN11AudioEngine4initEv
 .text._ZN11AudioEngine12fillTestToneEv
                0x00100ff4       0x70 audio_engine.o
                0x00100ff4                _ZN11AudioEngine12fillTestToneEv
 .text._ZN11AudioEngine6updateEv
                0x00101064       0xd4 audio_engine.o
                0x00101064                _ZN11AudioEngine6updateEv
 .text.startup.main
                0x00101138       0x84 main.o
                0x00101138                main
 .text._ZL21addrMapNodeComparatorPK11rbtree_nodeS1_
                0x001011bc       0x24 C:/devkitPro/libctru/lib\libctru.a(linear.o)
 .text._ZL21addrMapNodeDestructorP11rbtree_node
                0x001011e0        0x4 C:/devkitPro/libctru/lib\libctru.a(linear.o)
 .text.linearMemAlign
                0x001011e4      0x12c C:/devkitPro/libctru/lib\libctru.a(linear.o)
                0x001011e4                linearMemAlign
 .text.linearAlloc
                0x00101310        0x8 C:/devkitPro/libctru/lib\libctru.a(linear.o)
                0x00101310                linearAlloc
 .text.linearFree
                0x00101318       0x5c C:/devkitPro/libctru/lib\libctru.a(linear.o)
                0x00101318                linearFree
 .text._ZN7MemPool13CoalesceRightEP8MemBlock
                0x00101374       0x88 C:/devkitPro/libctru/lib\libctru.a(mem_pool.o)
                0x00101374                _ZN7MemPool13CoalesceRightEP8MemBlock
 .text._ZN7MemPool8AllocateER8MemChunkmi
                0x001013fc      0x178 C:/devkitPro/libctru/lib\libctru.a(mem_pool.o)
                0x001013fc                _ZN7MemPool8AllocateER8MemChunkmi
 .text._ZN7MemPool10DeallocateERK8MemChunk
                0x00101574      0x118 C:/devkitPro/libctru/lib\libctru.a(mem_pool.o)
                0x00101574                _ZN7MemPool10DeallocateERK8MemChunk
 .text._ZN7MemPool12GetFreeSpaceEv
                0x0010168c       0x30 C:/devkitPro/libctru/lib\libctru.a(mem_pool.o)
                0x0010168c                _ZN7MemPool12GetFreeSpaceEv
 .text.consoleDrawChar
                0x001016bc      0x1c8 C:/devkitPro/libctru/lib\libctru.a(console.o)
                0x001016bc                consoleDrawChar
 .text.consolePrintChar
                0x00101884      0x170 C:/devkitPro/libctru/lib\libctru.a(console.o)
                0x00101884                consolePrintChar
 .text.con_write
                0x001019f4      0xcc8 C:/devkitPro/libctru/lib\libctru.a(console.o)
                0x001019f4                con_write
 .text.newRow   0x001026bc       0xfc C:/devkitPro/libctru/lib\libctru.a(console.o)
 .text.consoleInit
                0x001027b8      0x180 C:/devkitPro/libctru/lib\libctru.a(console.o)
                0x001027b8                consoleInit
 .text.gfxPresentFramebuffer
                0x00102938       0xcc C:/devkitPro/libctru/lib\libctru.a(gfx.o)
 .text.gfxIsWide
                0x00102a04       0x1c C:/devkitPro/libctru/lib\libctru.a(gfx.o)
                0x00102a04                gfxIsWide
 .text.gfxSetScreenFormat
                0x00102a20       0xf8 C:/devkitPro/libctru/lib\libctru.a(gfx.o)
                0x00102a20                gfxSetScreenFormat
 .text.gfxSetDoubleBuffering
                0x00102b18       0x10 C:/devkitPro/libctru/lib\libctru.a(gfx.o)
                0x00102b18                gfxSetDoubleBuffering
 .text.gfxInit  0x00102b28       0xd8 C:/devkitPro/libctru/lib\libctru.a(gfx.o)
                0x00102b28                gfxInit
 .text.gfxInitDefault
                0x00102c00       0x10 C:/devkitPro/libctru/lib\libctru.a(gfx.o)
                0x00102c00                gfxInitDefault
 .text.gfxExit  0x00102c10       0xb8 C:/devkitPro/libctru/lib\libctru.a(gfx.o)
                0x00102c10                gfxExit
 .text.gfxGetFramebuffer
                0x00102cc8       0xa0 C:/devkitPro/libctru/lib\libctru.a(gfx.o)
                0x00102cc8                gfxGetFramebuffer
 .text.gfxFlushBuffers
                0x00102d68      0x100 C:/devkitPro/libctru/lib\libctru.a(gfx.o)
                0x00102d68                gfxFlushBuffers
 .text.gfxSwapBuffersGpu
                0x00102e68       0x50 C:/devkitPro/libctru/lib\libctru.a(gfx.o)
                0x00102e68                gfxSwapBuffersGpu
 .text.ndspUpdateMaster
                0x00102eb8      0x158 C:/devkitPro/libctru/lib\libctru.a(ndsp.o)
 .text.ndspFinalize
                0x00103010      0x108 C:/devkitPro/libctru/lib\libctru.a(ndsp.o)
 .text.ndspInitialize.part.0
                0x00103118      0x25c C:/devkitPro/libctru/lib\libctru.a(ndsp.o)
 .text.ndspHookCallback
                0x00103374      0x108 C:/devkitPro/libctru/lib\libctru.a(ndsp.o)
 *fill*         0x0010347c        0x4 
 .text.ndspThreadMain
                0x00103480      0x318 C:/devkitPro/libctru/lib\libctru.a(ndsp.o)
 .text.ndspInit
                0x00103798      0x3f0 C:/devkitPro/libctru/lib\libctru.a(ndsp.o)
                0x00103798                ndspInit
 .text.ndspExit
                0x00103b88       0xd8 C:/devkitPro/libctru/lib\libctru.a(ndsp.o)
                0x00103b88                ndspExit
 .text.ndspSetOutputMode
                0x00103c60       0x34 C:/devkitPro/libctru/lib\libctru.a(ndsp.o)
                0x00103c60                ndspSetOutputMode
 .text.ndspChnReset
                0x00103c94       0xe0 C:/devkitPro/libctru/lib\libctru.a(ndsp-channel.o)
                0x00103c94                ndspChnReset
 .text.ndspChnSetFormat
                0x00103d74       0x18 C:/devkitPro/libctru/lib\libctru.a(ndsp-channel.o)
                0x00103d74                ndspChnSetFormat
 .text.ndspChnSetInterp
                0x00103d8c       0x50 C:/devkitPro/libctru/lib\libctru.a(ndsp-channel.o)
                0x00103d8c                ndspChnSetInterp
 .text.ndspChnSetRate
                0x00103ddc       0x60 C:/devkitPro/libctru/lib\libctru.a(ndsp-channel.o)
                0x00103ddc                ndspChnSetRate
 .text.ndspChnWaveBufAdd
                0x00103e3c       0xc8 C:/devkitPro/libctru/lib\libctru.a(ndsp-channel.o)
                0x00103e3c                ndspChnWaveBufAdd
 .text.ndspiInitChn
                0x00103f04       0x40 C:/devkitPro/libctru/lib\libctru.a(ndsp-channel.o)
                0x00103f04                ndspiInitChn
 .text.ndspiDirtyChn
                0x00103f44       0x2c C:/devkitPro/libctru/lib\libctru.a(ndsp-channel.o)
                0x00103f44                ndspiDirtyChn
 .text.ndspiUpdateChn
                0x00103f70      0x43c C:/devkitPro/libctru/lib\libctru.a(ndsp-channel.o)
                0x00103f70                ndspiUpdateChn
 .text.ndspiReadChnState
                0x001043ac      0x180 C:/devkitPro/libctru/lib\libctru.a(ndsp-channel.o)
                0x001043ac                ndspiReadChnState
 .text.aptConvertScreenForCapture
                0x0010452c      0x180 C:/devkitPro/libctru/lib\libctru.a(apt.o)
 .text.aptSendCommand
                0x001046ac      0x138 C:/devkitPro/libctru/lib\libctru.a(apt.o)
                0x001046ac                aptSendCommand
 *fill*         0x001047e4        0x4 
 .text.aptExitProcess
                0x001047e8       0x44 C:/devkitPro/libctru/lib\libctru.a(apt.o)
 .text.aptExit  0x0010482c      0x394 C:/devkitPro/libctru/lib\libctru.a(apt.o)
                0x0010482c                aptExit
 .text.aptHandleSleep
                0x00104bc0       0xd8 C:/devkitPro/libctru/lib\libctru.a(apt.o)
                0x00104bc0                aptHandleSleep
 .text.APT_SleepIfShellClosed
                0x00104c98       0x84 C:/devkitPro/libctru/lib\libctru.a(apt.o)
                0x00104c98                APT_SleepIfShellClosed
 .text.aptSetSleepAllowed
                0x00104d1c       0x78 C:/devkitPro/libctru/lib\libctru.a(apt.o)
                0x00104d1c                aptSetSleepAllowed
 .text.APT_UnlockTransition
                0x00104d94       0x84 C:/devkitPro/libctru/lib\libctru.a(apt.o)
                0x00104d94                APT_UnlockTransition
 .text.aptEventHandler
                0x00104e18      0x470 C:/devkitPro/libctru/lib\libctru.a(apt.o)
 .text.APT_ReceiveParameter
                0x00105288       0xbc C:/devkitPro/libctru/lib\libctru.a(apt.o)
                0x00105288                APT_ReceiveParameter
 .text.aptReceiveParameter.constprop.0
                0x00105344       0xb0 C:/devkitPro/libctru/lib\libctru.a(apt.o)
 *fill*         0x001053f4        0x4 
 .text.aptScreenTransfer
                0x001053f8      0x294 C:/devkitPro/libctru/lib\libctru.a(apt.o)
 .text.aptWaitForWakeUp.isra.0
                0x0010568c      0x2d0 C:/devkitPro/libctru/lib\libctru.a(apt.o)
 .text.aptJumpToHomeMenu
                0x0010595c       0xf4 C:/devkitPro/libctru/lib\libctru.a(apt.o)
                0x0010595c                aptJumpToHomeMenu
 .text.aptMainLoop
                0x00105a50       0x58 C:/devkitPro/libctru/lib\libctru.a(apt.o)
                0x00105a50                aptMainLoop
 .text.aptInit  0x00105aa8      0x240 C:/devkitPro/libctru/lib\libctru.a(apt.o)
                0x00105aa8                aptInit
 .text.APT_CheckNew3DS
                0x00105ce8       0x90 C:/devkitPro/libctru/lib\libctru.a(apt.o)
                0x00105ce8                APT_CheckNew3DS
 .text.cfguInit
                0x00105d78       0xa8 C:/devkitPro/libctru/lib\libctru.a(cfgu.o)
                0x00105d78                cfguInit
 .text.cfguExit
                0x00105e20       0x3c C:/devkitPro/libctru/lib\libctru.a(cfgu.o)
                0x00105e20                cfguExit
 .text.CFGU_GetConfigInfoBlk2
                0x00105e5c       0x4c C:/devkitPro/libctru/lib\libctru.a(cfgu.o)
                0x00105e5c                CFGU_GetConfigInfoBlk2
 .text.DSP_LoadComponent.part.0
                0x00105ea8       0xa4 C:/devkitPro/libctru/lib\libctru.a(dsp.o)
 .text.dspInit  0x00105f4c       0xfc C:/devkitPro/libctru/lib\libctru.a(dsp.o)
                0x00105f4c                dspInit
 .text.dspExit  0x00106048       0x8c C:/devkitPro/libctru/lib\libctru.a(dsp.o)
                0x00106048                dspExit
 .text.dspHook  0x001060d4       0x24 C:/devkitPro/libctru/lib\libctru.a(dsp.o)
                0x001060d4                dspHook
 .text.dspUnhook
                0x001060f8       0x30 C:/devkitPro/libctru/lib\libctru.a(dsp.o)
                0x001060f8                dspUnhook
 .text.aptDspSleep
                0x00106128       0xb4 C:/devkitPro/libctru/lib\libctru.a(dsp.o)
                0x00106128                aptDspSleep
 .text.aptDspWakeup
                0x001061dc       0xb4 C:/devkitPro/libctru/lib\libctru.a(dsp.o)
                0x001061dc                aptDspWakeup
 .text.aptDspCancel
                0x00106290       0x44 C:/devkitPro/libctru/lib\libctru.a(dsp.o)
                0x00106290                aptDspCancel
 .text.DSP_FlushDataCache
                0x001062d4       0x50 C:/devkitPro/libctru/lib\libctru.a(dsp.o)
                0x001062d4                DSP_FlushDataCache
 .text.DSP_SetSemaphore
                0x00106324       0x34 C:/devkitPro/libctru/lib\libctru.a(dsp.o)
                0x00106324                DSP_SetSemaphore
 .text.DSP_SetSemaphoreMask
                0x00106358       0x34 C:/devkitPro/libctru/lib\libctru.a(dsp.o)
                0x00106358                DSP_SetSemaphoreMask
 .text.DSP_GetSemaphoreHandle
                0x0010638c       0x38 C:/devkitPro/libctru/lib\libctru.a(dsp.o)
                0x0010638c                DSP_GetSemaphoreHandle
 .text.DSP_LoadComponent
                0x001063c4       0x3c C:/devkitPro/libctru/lib\libctru.a(dsp.o)
                0x001063c4                DSP_LoadComponent
 .text.DSP_RegisterInterruptEvents
                0x00106400       0x44 C:/devkitPro/libctru/lib\libctru.a(dsp.o)
                0x00106400                DSP_RegisterInterruptEvents
 .text.DSP_ReadPipeIfPossible
                0x00106444       0x78 C:/devkitPro/libctru/lib\libctru.a(dsp.o)
                0x00106444                DSP_ReadPipeIfPossible
 .text.DSP_WriteProcessPipe
                0x001064bc       0x4c C:/devkitPro/libctru/lib\libctru.a(dsp.o)
                0x001064bc                DSP_WriteProcessPipe
 .text.DSP_ConvertProcessAddressFromDspDram
                0x00106508       0x44 C:/devkitPro/libctru/lib\libctru.a(dsp.o)
                0x00106508                DSP_ConvertProcessAddressFromDspDram
 .text.DSP_RecvData
                0x0010654c       0x44 C:/devkitPro/libctru/lib\libctru.a(dsp.o)
                0x0010654c                DSP_RecvData
 .text.DSP_RecvDataIsReady
                0x00106590       0x50 C:/devkitPro/libctru/lib\libctru.a(dsp.o)
                0x00106590                DSP_RecvDataIsReady
 .text.fsInit   0x001065e0      0x104 C:/devkitPro/libctru/lib\libctru.a(fs.o)
                0x001065e0                fsInit
 .text.fsExit   0x001066e4       0x3c C:/devkitPro/libctru/lib\libctru.a(fs.o)
                0x001066e4                fsExit
 .text.fsExemptFromSession
                0x00106720       0x68 C:/devkitPro/libctru/lib\libctru.a(fs.o)
                0x00106720                fsExemptFromSession
 .text.fsUnexemptFromSession
                0x00106788       0x50 C:/devkitPro/libctru/lib\libctru.a(fs.o)
                0x00106788                fsUnexemptFromSession
 .text.FSUSER_OpenFile
                0x001067d8       0xcc C:/devkitPro/libctru/lib\libctru.a(fs.o)
                0x001067d8                FSUSER_OpenFile
 .text.FSUSER_OpenFileDirectly
                0x001068a4       0xcc C:/devkitPro/libctru/lib\libctru.a(fs.o)
                0x001068a4                FSUSER_OpenFileDirectly
 .text.FSUSER_DeleteFile
                0x00106970       0xb8 C:/devkitPro/libctru/lib\libctru.a(fs.o)
                0x00106970                FSUSER_DeleteFile
 .text.FSUSER_RenameFile
                0x00106a28       0xf4 C:/devkitPro/libctru/lib\libctru.a(fs.o)
                0x00106a28                FSUSER_RenameFile
 .text.FSUSER_DeleteDirectory
                0x00106b1c       0xb8 C:/devkitPro/libctru/lib\libctru.a(fs.o)
                0x00106b1c                FSUSER_DeleteDirectory
 .text.FSUSER_CreateFile
                0x00106bd4       0xd0 C:/devkitPro/libctru/lib\libctru.a(fs.o)
                0x00106bd4                FSUSER_CreateFile
 .text.FSUSER_CreateDirectory
                0x00106ca4       0xc0 C:/devkitPro/libctru/lib\libctru.a(fs.o)
                0x00106ca4                FSUSER_CreateDirectory
 .text.FSUSER_RenameDirectory
                0x00106d64       0xf4 C:/devkitPro/libctru/lib\libctru.a(fs.o)
                0x00106d64                FSUSER_RenameDirectory
 .text.FSUSER_OpenDirectory
                0x00106e58       0xb4 C:/devkitPro/libctru/lib\libctru.a(fs.o)
                0x00106e58                FSUSER_OpenDirectory
 .text.FSUSER_OpenArchive
                0x00106f0c       0x90 C:/devkitPro/libctru/lib\libctru.a(fs.o)
                0x00106f0c                FSUSER_OpenArchive
 .text.FSUSER_CloseArchive
                0x00106f9c       0x8c C:/devkitPro/libctru/lib\libctru.a(fs.o)
                0x00106f9c                FSUSER_CloseArchive
 .text.FSUSER_GetSdmcArchiveResource
                0x00107028       0x74 C:/devkitPro/libctru/lib\libctru.a(fs.o)
                0x00107028                FSUSER_GetSdmcArchiveResource
 .text.FSUSER_IsSdmcWritable
                0x0010709c       0x64 C:/devkitPro/libctru/lib\libctru.a(fs.o)
                0x0010709c                FSUSER_IsSdmcWritable
 .text.FSFILE_Read
                0x00107100       0x64 C:/devkitPro/libctru/lib\libctru.a(fs.o)
                0x00107100                FSFILE_Read
 .text.FSFILE_Write
                0x00107164       0x6c C:/devkitPro/libctru/lib\libctru.a(fs.o)
                0x00107164                FSFILE_Write
 .text.FSFILE_GetSize
                0x001071d0       0x44 C:/devkitPro/libctru/lib\libctru.a(fs.o)
                0x001071d0                FSFILE_GetSize
 .text.FSFILE_SetSize
                0x00107214       0x28 C:/devkitPro/libctru/lib\libctru.a(fs.o)
                0x00107214                FSFILE_SetSize
 .text.FSFILE_Close
                0x0010723c       0x3c C:/devkitPro/libctru/lib\libctru.a(fs.o)
                0x0010723c                FSFILE_Close
 .text.FSFILE_Flush
                0x00107278       0x24 C:/devkitPro/libctru/lib\libctru.a(fs.o)
                0x00107278                FSFILE_Flush
 .text.FSDIR_Read
                0x0010729c       0x60 C:/devkitPro/libctru/lib\libctru.a(fs.o)
                0x0010729c                FSDIR_Read
 .text.FSDIR_Close
                0x001072fc       0x3c C:/devkitPro/libctru/lib\libctru.a(fs.o)
                0x001072fc                FSDIR_Close
 .text.gspHardwareInit
                0x00107338      0xc70 C:/devkitPro/libctru/lib\libctru.a(gspgpu.o)
 .text.gspInit  0x00107fa8      0x288 C:/devkitPro/libctru/lib\libctru.a(gspgpu.o)
                0x00107fa8                gspInit
 .text.gspExit  0x00108230      0x104 C:/devkitPro/libctru/lib\libctru.a(gspgpu.o)
                0x00108230                gspExit
 .text.gspHasGpuRight
                0x00108334       0x10 C:/devkitPro/libctru/lib\libctru.a(gspgpu.o)
                0x00108334                gspHasGpuRight
 .text.gspPresentBuffer
                0x00108344       0xa4 C:/devkitPro/libctru/lib\libctru.a(gspgpu.o)
                0x00108344                gspPresentBuffer
 .text.gspWaitForEvent
                0x001083e8       0x50 C:/devkitPro/libctru/lib\libctru.a(gspgpu.o)
                0x001083e8                gspWaitForEvent
 .text.gxCmdQueueInterrupt
                0x00108438        0x4 C:/devkitPro/libctru/lib\libctru.a(gspgpu.o)
                0x00108438                gxCmdQueueInterrupt
 .text.gspEventThreadMain
                0x0010843c      0x154 C:/devkitPro/libctru/lib\libctru.a(gspgpu.o)
 .text.GSPGPU_FlushDataCache
                0x00108590       0x50 C:/devkitPro/libctru/lib\libctru.a(gspgpu.o)
                0x00108590                GSPGPU_FlushDataCache
 .text.GSPGPU_SetLcdForceBlack
                0x001085e0       0x34 C:/devkitPro/libctru/lib\libctru.a(gspgpu.o)
                0x001085e0                GSPGPU_SetLcdForceBlack
 .text.GSPGPU_AcquireRight
                0x00108614       0x84 C:/devkitPro/libctru/lib\libctru.a(gspgpu.o)
                0x00108614                GSPGPU_AcquireRight
 .text.GSPGPU_ReleaseRight
                0x00108698       0x64 C:/devkitPro/libctru/lib\libctru.a(gspgpu.o)
                0x00108698                GSPGPU_ReleaseRight
 .text.GSPGPU_ImportDisplayCaptureInfo
                0x001086fc       0x7c C:/devkitPro/libctru/lib\libctru.a(gspgpu.o)
                0x001086fc                GSPGPU_ImportDisplayCaptureInfo
 .text.GSPGPU_SaveVramSysArea
                0x00108778       0x2c C:/devkitPro/libctru/lib\libctru.a(gspgpu.o)
                0x00108778                GSPGPU_SaveVramSysArea
 .text.GSPGPU_RestoreVramSysArea
                0x001087a4       0x2c C:/devkitPro/libctru/lib\libctru.a(gspgpu.o)
                0x001087a4                GSPGPU_RestoreVramSysArea
 .text.hidShouldUseIrrst
                0x001087d0       0x24 C:/devkitPro/libctru/lib\libctru.a(hid.o)
                0x001087d0                hidShouldUseIrrst
 .text.hidInit  0x001087f4      0x1cc C:/devkitPro/libctru/lib\libctru.a(hid.o)
                0x001087f4                hidInit
 .text.hidExit  0x001089c0       0xe8 C:/devkitPro/libctru/lib\libctru.a(hid.o)
                0x001089c0                hidExit
 .text.hidScanInput
                0x00108aa8      0x2a0 C:/devkitPro/libctru/lib\libctru.a(hid.o)
                0x00108aa8                hidScanInput
 .text.hidKeysDown
                0x00108d48       0x10 C:/devkitPro/libctru/lib\libctru.a(hid.o)
                0x00108d48                hidKeysDown
 .text.irrstInit
                0x00108d58      0x1a4 C:/devkitPro/libctru/lib\libctru.a(irrst.o)
                0x00108d58                irrstInit
 .text.irrstExit
                0x00108efc       0xdc C:/devkitPro/libctru/lib\libctru.a(irrst.o)
                0x00108efc                irrstExit
 .text.irrstScanInput
                0x00108fd8       0xb4 C:/devkitPro/libctru/lib\libctru.a(irrst.o)
                0x00108fd8                irrstScanInput
 .text.irrstKeysHeld
                0x0010908c       0x24 C:/devkitPro/libctru/lib\libctru.a(irrst.o)
                0x0010908c                irrstKeysHeld
 .text.rbtree_find
                0x001090b0       0x74 C:/devkitPro/libctru/lib\libctru.a(rbtree_find.o)
                0x001090b0                rbtree_find
 .text.rbtree_init
                0x00109124       0x10 C:/devkitPro/libctru/lib\libctru.a(rbtree_init.o)
                0x00109124                rbtree_init
 .text.do_insert
                0x00109134      0x198 C:/devkitPro/libctru/lib\libctru.a(rbtree_insert.o)
 .text.rbtree_insert
                0x001092cc        0x8 C:/devkitPro/libctru/lib\libctru.a(rbtree_insert.o)
                0x001092cc                rbtree_insert
 .text.rbtree_remove
                0x001092d4      0x310 C:/devkitPro/libctru/lib\libctru.a(rbtree_remove.o)
                0x001092d4                rbtree_remove
 .text.rbtree_rotate
                0x001095e4       0x90 C:/devkitPro/libctru/lib\libctru.a(rbtree_rotate.o)
                0x001095e4                rbtree_rotate
 *fill*         0x00109674        0x4 
 .text.__system_allocateHeaps
                0x00109678      0x1e8 C:/devkitPro/libctru/lib\libctru.a(allocateHeaps.o)
                0x00109678                __system_allocateHeaps
 .text.__libctru_init
                0x00109860       0x38 C:/devkitPro/libctru/lib\libctru.a(ctru_init.o)
                0x00109860                __libctru_init
 .text.__system_initArgv
                0x00109898      0x16c C:/devkitPro/libctru/lib\libctru.a(initArgv.o)
                0x00109898                __system_initArgv
 .text.__syscall_getreent
                0x00109a04       0x30 C:/devkitPro/libctru/lib\libctru.a(syscalls.o)
                0x00109a04                __syscall_getreent
 .text.__syscall_lock_acquire
                0x00109a34        0x4 C:/devkitPro/libctru/lib\libctru.a(syscalls.o)
                0x00109a34                __syscall_lock_acquire
 .text.__syscall_lock_release
                0x00109a38        0x4 C:/devkitPro/libctru/lib\libctru.a(syscalls.o)
                0x00109a38                __syscall_lock_release
 .text.__syscall_lock_acquire_recursive
                0x00109a3c        0x4 C:/devkitPro/libctru/lib\libctru.a(syscalls.o)
                0x00109a3c                __syscall_lock_acquire_recursive
 .text.__syscall_lock_release_recursive
                0x00109a40        0x4 C:/devkitPro/libctru/lib\libctru.a(syscalls.o)
                0x00109a40                __syscall_lock_release_recursive
 .text.__syscall_exit
                0x00109a44        0x4 C:/devkitPro/libctru/lib\libctru.a(syscalls.o)
                0x00109a44                __syscall_exit
 .text.initThreadVars
                0x00109a48       0x54 C:/devkitPro/libctru/lib\libctru.a(syscalls.o)
                0x00109a48                initThreadVars
 .text.__system_initSyscalls
                0x00109a9c       0x80 C:/devkitPro/libctru/lib\libctru.a(syscalls.o)
                0x00109a9c                __system_initSyscalls
 .text.svcControlMemory
                0x00109b1c       0x20 C:/devkitPro/libctru/lib\libctru.a(svc.o)
                0x00109b1c                svcControlMemory
 .text.svcQueryMemory
                0x00109b3c       0x30 C:/devkitPro/libctru/lib\libctru.a(svc.o)
                0x00109b3c                svcQueryMemory
 .text.svcExitProcess
                0x00109b6c        0x8 C:/devkitPro/libctru/lib\libctru.a(svc.o)
                0x00109b6c                svcExitProcess
 .text.svcCreateThread
                0x00109b74       0x20 C:/devkitPro/libctru/lib\libctru.a(svc.o)
                0x00109b74                svcCreateThread
 .text.svcExitThread
                0x00109b94        0x8 C:/devkitPro/libctru/lib\libctru.a(svc.o)
                0x00109b94                svcExitThread
 .text.svcSleepThread
                0x00109b9c        0x8 C:/devkitPro/libctru/lib\libctru.a(svc.o)
                0x00109b9c                svcSleepThread
 .text.svcReleaseMutex
                0x00109ba4        0x8 C:/devkitPro/libctru/lib\libctru.a(svc.o)
                0x00109ba4                svcReleaseMutex
 .text.svcCreateEvent
                0x00109bac       0x14 C:/devkitPro/libctru/lib\libctru.a(svc.o)
                0x00109bac                svcCreateEvent
 .text.svcSignalEvent
                0x00109bc0        0x8 C:/devkitPro/libctru/lib\libctru.a(svc.o)
                0x00109bc0                svcSignalEvent
 .text.svcClearEvent
                0x00109bc8        0x8 C:/devkitPro/libctru/lib\libctru.a(svc.o)
                0x00109bc8                svcClearEvent
 .text.svcMapMemoryBlock
                0x00109bd0        0x8 C:/devkitPro/libctru/lib\libctru.a(svc.o)
                0x00109bd0                svcMapMemoryBlock
 .text.svcUnmapMemoryBlock
                0x00109bd8        0x8 C:/devkitPro/libctru/lib\libctru.a(svc.o)
                0x00109bd8                svcUnmapMemoryBlock
 .text.svcCreateAddressArbiter
                0x00109be0       0x14 C:/devkitPro/libctru/lib\libctru.a(svc.o)
                0x00109be0                svcCreateAddressArbiter
 .text.svcArbitrateAddressNoTimeout
                0x00109bf4        0x8 C:/devkitPro/libctru/lib\libctru.a(svc.o)
                0x00109bf4                svcArbitrateAddressNoTimeout
 .text.svcCloseHandle
                0x00109bfc        0x8 C:/devkitPro/libctru/lib\libctru.a(svc.o)
                0x00109bfc                svcCloseHandle
 .text.svcWaitSynchronization
                0x00109c04        0x8 C:/devkitPro/libctru/lib\libctru.a(svc.o)
                0x00109c04                svcWaitSynchronization
 .text.svcWaitSynchronizationN
                0x00109c0c       0x28 C:/devkitPro/libctru/lib\libctru.a(svc.o)
                0x00109c0c                svcWaitSynchronizationN
 .text.svcDuplicateHandle
                0x00109c34       0x14 C:/devkitPro/libctru/lib\libctru.a(svc.o)
                0x00109c34                svcDuplicateHandle
 .text.svcConnectToPort
                0x00109c48       0x14 C:/devkitPro/libctru/lib\libctru.a(svc.o)
                0x00109c48                svcConnectToPort
 .text.svcSendSyncRequest
                0x00109c5c        0x8 C:/devkitPro/libctru/lib\libctru.a(svc.o)
                0x00109c5c                svcSendSyncRequest
 .text.svcGetResourceLimit
                0x00109c64       0x14 C:/devkitPro/libctru/lib\libctru.a(svc.o)
                0x00109c64                svcGetResourceLimit
 .text.svcGetResourceLimitLimitValues
                0x00109c78        0x8 C:/devkitPro/libctru/lib\libctru.a(svc.o)
                0x00109c78                svcGetResourceLimitLimitValues
 .text.svcGetResourceLimitCurrentValues
                0x00109c80        0x8 C:/devkitPro/libctru/lib\libctru.a(svc.o)
                0x00109c80                svcGetResourceLimitCurrentValues
 .text.svcBreak
                0x00109c88        0x8 C:/devkitPro/libctru/lib\libctru.a(svc.o)
                0x00109c88                svcBreak
 .text.initSystem
                0x00109c90       0x50 C:/devkitPro/libctru/lib\libctru.a(stack_adjust.o)
                0x00109c90                initSystem
 .text.__ctru_exit
                0x00109ce0       0x14 C:/devkitPro/libctru/lib\libctru.a(stack_adjust.o)
                0x00109ce0                __ctru_exit
 .text._ZL21addrMapNodeComparatorPK11rbtree_nodeS1_
                0x00109cf4       0x24 C:/devkitPro/libctru/lib\libctru.a(vram.o)
 .text._ZL21addrMapNodeDestructorP11rbtree_node
                0x00109d18        0x4 C:/devkitPro/libctru/lib\libctru.a(vram.o)
 .text.vramMemAlignAt
                0x00109d1c      0x248 C:/devkitPro/libctru/lib\libctru.a(vram.o)
                0x00109d1c                vramMemAlignAt
 .text.vramAlloc
                0x00109f64        0xc C:/devkitPro/libctru/lib\libctru.a(vram.o)
                0x00109f64                vramAlloc
 .text.vramFree
                0x00109f70       0x94 C:/devkitPro/libctru/lib\libctru.a(vram.o)
                0x00109f70                vramFree
 .text.envGetHandle
                0x0010a004       0x8c C:/devkitPro/libctru/lib\libctru.a(env.o)
                0x0010a004                envGetHandle
 .text.envDestroyHandles
                0x0010a090       0x50 C:/devkitPro/libctru/lib\libctru.a(env.o)
                0x0010a090                envDestroyHandles
 .text.osConvertVirtToPhys
                0x0010a0e0       0x74 C:/devkitPro/libctru/lib\libctru.a(os.o)
                0x0010a0e0                osConvertVirtToPhys
 .text.__ctru_speedup_config
                0x0010a154       0x34 C:/devkitPro/libctru/lib\libctru.a(os.o)
                0x0010a154                __ctru_speedup_config
 .text.srvInit  0x0010a188      0x164 C:/devkitPro/libctru/lib\libctru.a(srv.o)
                0x0010a188                srvInit
 .text.srvExit  0x0010a2ec       0x64 C:/devkitPro/libctru/lib\libctru.a(srv.o)
                0x0010a2ec                srvExit
 .text.srvEnableNotification
                0x0010a350       0x60 C:/devkitPro/libctru/lib\libctru.a(srv.o)
                0x0010a350                srvEnableNotification
 .text.srvGetServiceHandleDirect
                0x0010a3b0       0xa0 C:/devkitPro/libctru/lib\libctru.a(srv.o)
                0x0010a3b0                srvGetServiceHandleDirect
 .text.srvGetServiceHandle
                0x0010a450       0x48 C:/devkitPro/libctru/lib\libctru.a(srv.o)
                0x0010a450                srvGetServiceHandle
 .text.srvSubscribe
                0x0010a498       0x34 C:/devkitPro/libctru/lib\libctru.a(srv.o)
                0x0010a498                srvSubscribe
 .text.srvReceiveNotification
                0x0010a4cc       0x60 C:/devkitPro/libctru/lib\libctru.a(srv.o)
                0x0010a4cc                srvReceiveNotification
 .text.srvPublishToSubscriber
                0x0010a52c       0x38 C:/devkitPro/libctru/lib\libctru.a(srv.o)
                0x0010a52c                srvPublishToSubscriber
 .text.__sync_init
                0x0010a564        0xc C:/devkitPro/libctru/lib\libctru.a(synchronization.o)
                0x0010a564                __sync_init
 .text.__sync_fini
                0x0010a570       0x18 C:/devkitPro/libctru/lib\libctru.a(synchronization.o)
                0x0010a570                __sync_fini
 .text.syncArbitrateAddress
                0x0010a588       0x28 C:/devkitPro/libctru/lib\libctru.a(synchronization.o)
                0x0010a588                syncArbitrateAddress
 .text.LightLock_Init
                0x0010a5b0       0x1c C:/devkitPro/libctru/lib\libctru.a(synchronization.o)
                0x0010a5b0                LightLock_Init
 .text.LightLock_Lock
                0x0010a5cc       0xac C:/devkitPro/libctru/lib\libctru.a(synchronization.o)
                0x0010a5cc                LightLock_Lock
 .text.LightLock_Unlock
                0x0010a678       0x40 C:/devkitPro/libctru/lib\libctru.a(synchronization.o)
                0x0010a678                LightLock_Unlock
 .text.RecursiveLock_Lock
                0x0010a6b8       0x54 C:/devkitPro/libctru/lib\libctru.a(synchronization.o)
                0x0010a6b8                RecursiveLock_Lock
 .text.RecursiveLock_Unlock
                0x0010a70c       0x54 C:/devkitPro/libctru/lib\libctru.a(synchronization.o)
                0x0010a70c                RecursiveLock_Unlock
 .text.LightEvent_Init
                0x0010a760       0x44 C:/devkitPro/libctru/lib\libctru.a(synchronization.o)
                0x0010a760                LightEvent_Init
 .text.LightEvent_Clear
                0x0010a7a4       0xb8 C:/devkitPro/libctru/lib\libctru.a(synchronization.o)
                0x0010a7a4                LightEvent_Clear
 .text.LightEvent_Signal
                0x0010a85c       0xdc C:/devkitPro/libctru/lib\libctru.a(synchronization.o)
                0x0010a85c                LightEvent_Signal
 .text.LightEvent_TryWait
                0x0010a938       0x50 C:/devkitPro/libctru/lib\libctru.a(synchronization.o)
                0x0010a938                LightEvent_TryWait
 .text.LightEvent_Wait
                0x0010a988       0xac C:/devkitPro/libctru/lib\libctru.a(synchronization.o)
                0x0010a988                LightEvent_Wait
 .text.threadCreate
                0x0010aa34      0x1fc C:/devkitPro/libctru/lib\libctru.a(thread.o)
                0x0010aa34                threadCreate
 .text.threadFree
                0x0010ac30       0x38 C:/devkitPro/libctru/lib\libctru.a(thread.o)
                0x0010ac30                threadFree
 .text.threadJoin
                0x0010ac68       0x24 C:/devkitPro/libctru/lib\libctru.a(thread.o)
                0x0010ac68                threadJoin
 .text.threadGetCurrent
                0x0010ac8c       0x30 C:/devkitPro/libctru/lib\libctru.a(thread.o)
                0x0010ac8c                threadGetCurrent
 .text.threadExit
                0x0010acbc       0x40 C:/devkitPro/libctru/lib\libctru.a(thread.o)
                0x0010acbc                threadExit
 .text._thread_begin
                0x0010acfc       0x20 C:/devkitPro/libctru/lib\libctru.a(thread.o)
 .text.mappableFindAddressWithin
                0x0010ad1c       0x90 C:/devkitPro/libctru/lib\libctru.a(mappable.o)
 .text.mappableInit
                0x0010adac       0x28 C:/devkitPro/libctru/lib\libctru.a(mappable.o)
                0x0010adac                mappableInit
 .text.mappableAlloc
                0x0010add4       0x7c C:/devkitPro/libctru/lib\libctru.a(mappable.o)
                0x0010add4                mappableAlloc
 .text.mappableFree
                0x0010ae50        0x4 C:/devkitPro/libctru/lib\libctru.a(mappable.o)
                0x0010ae50                mappableFree
 .text.ptmSysmInit
                0x0010ae54       0x78 C:/devkitPro/libctru/lib\libctru.a(ptmsysm.o)
                0x0010ae54                ptmSysmInit
 .text.ptmSysmExit
                0x0010aecc       0x3c C:/devkitPro/libctru/lib\libctru.a(ptmsysm.o)
                0x0010aecc                ptmSysmExit
 .text.PTMSYSM_ConfigureNew3DSCPU
                0x0010af08       0x34 C:/devkitPro/libctru/lib\libctru.a(ptmsysm.o)
                0x0010af08                PTMSYSM_ConfigureNew3DSCPU
 .text.srvPmGetSessionHandle
                0x0010af3c        0xc C:/devkitPro/libctru/lib\libctru.a(srvpm.o)
                0x0010af3c                srvPmGetSessionHandle
 .text.rbtree_node_next
                0x0010af48       0x60 C:/devkitPro/libctru/lib\libctru.a(rbtree_iterator.o)
                0x0010af48                rbtree_node_next
 .text.__appExit
                0x0010afa8       0x30 C:/devkitPro/libctru/lib\libctru.a(appExit.o)
                0x0010afa8                __appExit
 .text.__appInit
                0x0010afd8       0x30 C:/devkitPro/libctru/lib\libctru.a(appInit.o)
                0x0010afd8                __appInit
 .text.__libctru_exit
                0x0010b008       0x90 C:/devkitPro/libctru/lib\libctru.a(ctru_exit.o)
                0x0010b008                __libctru_exit
 .text.error_cmp
                0x0010b098       0x24 C:/devkitPro/libctru/lib\libctru.a(archive_dev.o)
 .text.archive_translate_error
                0x0010b0bc       0x50 C:/devkitPro/libctru/lib\libctru.a(archive_dev.o)
 .text.archive_seek
                0x0010b10c       0xc0 C:/devkitPro/libctru/lib\libctru.a(archive_dev.o)
 .text._archiveInit.part.0
                0x0010b1cc       0x78 C:/devkitPro/libctru/lib\libctru.a(archive_dev.o)
 .text.archiveFindDevice.part.0
                0x0010b244      0x110 C:/devkitPro/libctru/lib\libctru.a(archive_dev.o)
 .text.archive_utf16path
                0x0010b354      0x298 C:/devkitPro/libctru/lib\libctru.a(archive_dev.o)
 .text._archiveUnmountDeviceStruct.part.0
                0x0010b5ec       0x98 C:/devkitPro/libctru/lib\libctru.a(archive_dev.o)
 .text._archiveMountDevice
                0x0010b684      0x178 C:/devkitPro/libctru/lib\libctru.a(archive_dev.o)
 .text.archive_diropen
                0x0010b7fc       0xf8 C:/devkitPro/libctru/lib\libctru.a(archive_dev.o)
 .text.archive_fstat
                0x0010b8f4       0xac C:/devkitPro/libctru/lib\libctru.a(archive_dev.o)
 .text.archive_fsync
                0x0010b9a0       0x74 C:/devkitPro/libctru/lib\libctru.a(archive_dev.o)
 .text.archive_close
                0x0010ba14       0x74 C:/devkitPro/libctru/lib\libctru.a(archive_dev.o)
 .text.archive_dirclose
                0x0010ba88       0x78 C:/devkitPro/libctru/lib\libctru.a(archive_dev.o)
 .text.sdmc_statvfs
                0x0010bb00       0xec C:/devkitPro/libctru/lib\libctru.a(archive_dev.o)
 .text.archive_chdir
                0x0010bbec       0xf8 C:/devkitPro/libctru/lib\libctru.a(archive_dev.o)
 .text.archive_ftruncate
                0x0010bce4       0x8c C:/devkitPro/libctru/lib\libctru.a(archive_dev.o)
 .text.archive_read
                0x0010bd70       0xbc C:/devkitPro/libctru/lib\libctru.a(archive_dev.o)
 .text.archive_unlink
                0x0010be2c       0xa8 C:/devkitPro/libctru/lib\libctru.a(archive_dev.o)
 .text.archive_rmdir
                0x0010bed4       0xc0 C:/devkitPro/libctru/lib\libctru.a(archive_dev.o)
 .text.archive_mkdir
                0x0010bf94       0xd8 C:/devkitPro/libctru/lib\libctru.a(archive_dev.o)
 .text.archive_stat
                0x0010c06c      0x1a0 C:/devkitPro/libctru/lib\libctru.a(archive_dev.o)
 .text.archive_dirnext
                0x0010c20c      0x164 C:/devkitPro/libctru/lib\libctru.a(archive_dev.o)
 .text.archive_write
                0x0010c370      0x13c C:/devkitPro/libctru/lib\libctru.a(archive_dev.o)
 *fill*         0x0010c4ac        0x4 
 .text.archive_open
                0x0010c4b0      0x254 C:/devkitPro/libctru/lib\libctru.a(archive_dev.o)
 .text.archive_rename
                0x0010c704      0x270 C:/devkitPro/libctru/lib\libctru.a(archive_dev.o)
 .text.archiveMountSdmc
                0x0010c974      0x1c8 C:/devkitPro/libctru/lib\libctru.a(archive_dev.o)
                0x0010c974                archiveMountSdmc
 .text.archiveUnmountAll
                0x0010cb3c       0x54 C:/devkitPro/libctru/lib\libctru.a(archive_dev.o)
                0x0010cb3c                archiveUnmountAll
 .text.decode_utf8
                0x0010cb90      0x140 C:/devkitPro/libctru/lib\libctru.a(decode_utf8.o)
                0x0010cb90                decode_utf8
 .text.utf16_to_utf8
                0x0010ccd0       0xe8 C:/devkitPro/libctru/lib\libctru.a(utf16_to_utf8.o)
                0x0010ccd0                utf16_to_utf8
 .text.utf8_to_utf16
                0x0010cdb8       0xc0 C:/devkitPro/libctru/lib\libctru.a(utf8_to_utf16.o)
                0x0010cdb8                utf8_to_utf16
 .text.__aeabi_read_tp
                0x0010ce78        0xc C:/devkitPro/libctru/lib\libctru.a(readtp.o)
                0x0010ce78                __aeabi_read_tp
 .text.decode_utf16
                0x0010ce84       0x54 C:/devkitPro/libctru/lib\libctru.a(decode_utf16.o)
                0x0010ce84                decode_utf16
 .text.encode_utf16
                0x0010ced8       0x54 C:/devkitPro/libctru/lib\libctru.a(encode_utf16.o)
                0x0010ced8                encode_utf16
 .text.encode_utf8
                0x0010cf2c       0xe0 C:/devkitPro/libctru/lib\libctru.a(encode_utf8.o)
                0x0010cf2c                encode_utf8
 .text._ZdlPv   0x0010d00c        0x4 C:/devkitPro/devkitARM/bin/../lib/gcc/arm-none-eabi/15.2.0/../../../../arm-none-eabi/lib/armv6k/fpu\libstdc++.a(del_op.o)
                0x0010d00c                _ZdlPv
 .text._Znwj    0x0010d010       0x5c C:/devkitPro/devkitARM/bin/../lib/gcc/arm-none-eabi/15.2.0/../../../../arm-none-eabi/lib/armv6k/fpu\libstdc++.a(new_op.o)
                0x0010d010                _Znwj
 .text.unlikely._ZSt19__throw_logic_errorPKc
                0x0010d06c       0x40 C:/devkitPro/devkitARM/bin/../lib/gcc/arm-none-eabi/15.2.0/../../../../arm-none-eabi/lib/armv6k/fpu\libstdc++.a(functexcept.o)
                0x0010d06c                _ZSt19__throw_logic_errorPKc
 .text.unlikely._ZSt20__throw_length_errorPKc
                0x0010d0ac       0x40 C:/devkitPro/devkitARM/bin/../lib/gcc/arm-none-eabi/15.2.0/../../../../arm-none-eabi/lib/armv6k/fpu\libstdc++.a(functexcept.o)
                0x0010d0ac                _ZSt20__throw_length_errorPKc
 .text._ZNKSt9bad_alloc4whatEv
                0x0010d0ec        0xc C:/devkitPro/devkitARM/bin/../lib/gcc/arm-none-eabi/15.2.0/../../../../arm-none-eabi/lib/armv6k/fpu\libstdc++.a(bad_alloc.o)
                0x0010d0ec                _ZNKSt9bad_alloc4whatEv
 .text._ZNSt9bad_allocD2Ev
                0x0010d0f8       0x20 C:/devkitPro/devkitARM/bin/../lib/gcc/arm-none-eabi/15.2.0/../../../../arm-none-eabi/lib/armv6k/fpu\libstdc++.a(bad_alloc.o)
                0x0010d0f8                _ZNSt9bad_allocD1Ev
                0x0010d0f8                _ZNSt9bad_allocD2Ev
 .text._ZNSt9bad_allocD0Ev
                0x0010d118       0x2c C:/devkitPro/devkitARM/bin/../lib/gcc/arm-none-eabi/15.2.0/../../../../arm-none-eabi/lib/armv6k/fpu\libstdc++.a(bad_alloc.o)
                0x0010d118                _ZNSt9bad_allocD0Ev
 .text._ZdlPvj  0x0010d144        0x4 C:/devkitPro/devkitARM/bin/../lib/gcc/arm-none-eabi/15.2.0/../../../../arm-none-eabi/lib/armv6k/fpu\libstdc++.a(del_ops.o)
                0x0010d144                _ZdlPvj
 .text._ZNK9__gnu_cxx24__concurrence_lock_error4whatEv
                0x0010d148        0xc C:/devkitPro/devkitARM/bin/../lib/gcc/arm-none-eabi/15.2.0/../../../../arm-none-eabi/lib/armv6k/fpu\libstdc++.a(eh_alloc.o)
                0x0010d148                _ZNK9__gnu_cxx24__concurrence_lock_error4whatEv
 .text._ZNK9__gnu_cxx26__concurrence_unlock_error4whatEv
                0x0010d154        0xc C:/devkitPro/devkitARM/bin/../lib/gcc/arm-none-eabi/15.2.0/../../../../arm-none-eabi/lib/armv6k/fpu\libstdc++.a(eh_alloc.o)
                0x0010d154                _ZNK9__gnu_cxx26__concurrence_unlock_error4whatEv
 .text._ZN9__gnu_cxx24__concurrence_lock_errorD2Ev
                0x0010d160       0x20 C:/devkitPro/devkitARM/bin/../lib/gcc/arm-none-eabi/15.2.0/../../../../arm-none-eabi/lib/armv6k/fpu\libstdc++.a(eh_alloc.o)
                0x0010d160                _ZN9__gnu_cxx24__concurrence_lock_errorD1Ev
                0x0010d160                _ZN9__gnu_cxx24__concurrence_lock_errorD2Ev
 .text._ZN9__gnu_cxx24__concurrence_lock_errorD0Ev
                0x0010d180       0x2c C:/devkitPro/devkitARM/bin/../lib/gcc/arm-none-eabi/15.2.0/../../../../arm-none-eabi/lib/armv6k/fpu\libstdc++.a(eh_alloc.o)
                0x0010d180                _ZN9__gnu_cxx24__concurrence_lock_errorD0Ev
 .text._ZN9__gnu_cxx26__concurrence_unlock_errorD2Ev
                0x0010d1ac       0x20 C:/devkitPro/devkitARM/bin/../lib/gcc/arm-none-eabi/15.2.0/../../../../arm-none-eabi/lib/armv6k/fpu\libstdc++.a(eh_alloc.o)
                0x0010d1ac                _ZN9__gnu_cxx26__concurrence_unlock_errorD2Ev
                0x0010d1ac                _ZN9__gnu_cxx26__concurrence_unlock_errorD1Ev
 .text._ZN9__gnu_cxx26__concurrence_unlock_errorD0Ev
                0x0010d1cc       0x2c C:/devkitPro/devkitARM/bin/../lib/gcc/arm-none-eabi/15.2.0/../../../../arm-none-eabi/lib/armv6k/fpu\libstdc++.a(eh_alloc.o)
                0x0010d1cc                _ZN9__gnu_cxx26__concurrence_unlock_errorD0Ev
 .text.unlikely._ZN9__gnu_cxx30__throw_concurrence_lock_errorEv
                0x0010d1f8       0x2c C:/devkitPro/devkitARM/bin/../lib/gcc/arm-none-eabi/15.2.0/../../../../arm-none-eabi/lib/armv6k/fpu\libstdc++.a(eh_alloc.o)
                0x0010d1f8                _ZN9__gnu_cxx30__throw_concurrence_lock_errorEv
 .text.unlikely._ZN9__gnu_cxx32__throw_concurrence_unlock_errorEv
                0x0010d224       0x2c C:/devkitPro/devkitARM/bin/../lib/gcc/arm-none-eabi/15.2.0/../../../../arm-none-eabi/lib/armv6k/fpu\libstdc++.a(eh_alloc.o)
                0x0010d224                _ZN9__gnu_cxx32__throw_concurrence_unlock_errorEv
 .text._ZN12_GLOBAL__N_14pool4freeEPv.constprop.0
                0x0010d250      0x100 C:/devkitPro/devkitARM/bin/../lib/gcc/arm-none-eabi/15.2.0/../../../../arm-none-eabi/lib/armv6k/fpu\libstdc++.a(eh_alloc.o)
 .text._ZN12_GLOBAL__N_14pool8allocateEj.constprop.0
                0x0010d350       0xc0 C:/devkitPro/devkitARM/bin/../lib/gcc/arm-none-eabi/15.2.0/../../../../arm-none-eabi/lib/armv6k/fpu\libstdc++.a(eh_alloc.o)
 .text.__cxa_allocate_exception
                0x0010d410       0x44 C:/devkitPro/devkitARM/bin/../lib/gcc/arm-none-eabi/15.2.0/../../../../arm-none-eabi/lib/armv6k/fpu\libstdc++.a(eh_alloc.o)
                0x0010d410                __cxa_allocate_exception
 .text.__cxa_free_exception
                0x0010d454       0x28 C:/devkitPro/devkitARM/bin/../lib/gcc/arm-none-eabi/15.2.0/../../../../arm-none-eabi/lib/armv6k/fpu\libstdc++.a(eh_alloc.o)
                0x0010d454                __cxa_free_exception
 .text.startup._GLOBAL__sub_I__ZN9__gnu_cxx9__freeresEv
                0x0010d47c      0x1a4 C:/devkitPro/devkitARM/bin/../lib/gcc/arm-none-eabi/15.2.0/../../../../arm-none-eabi/lib/armv6k/fpu\libstdc++.a(eh_alloc.o)
 .text.exit._GLOBAL__sub_D__ZN9__gnu_cxx9__freeresEv
                0x0010d620       0x18 C:/devkitPro/devkitARM/bin/../lib/gcc/arm-none-eabi/15.2.0/../../../../arm-none-eabi/lib/armv6k/fpu\libstdc++.a(eh_alloc.o)
 .text.__cxa_end_cleanup
                0x0010d638       0x10 C:/devkitPro/devkitARM/bin/../lib/gcc/arm-none-eabi/15.2.0/../../../../arm-none-eabi/lib/armv6k/fpu\libstdc++.a(eh_arm.o)
                0x0010d638                __cxa_end_cleanup
 .text.__cxa_type_match
                0x0010d648      0x138 C:/devkitPro/devkitARM/bin/../lib/gcc/arm-none-eabi/15.2.0/../../../../arm-none-eabi/lib/armv6k/fpu\libstdc++.a(eh_arm.o)
                0x0010d648                __cxa_type_match
 .text.__cxa_begin_cleanup
                0x0010d780       0xb4 C:/devkitPro/devkitARM/bin/../lib/gcc/arm-none-eabi/15.2.0/../../../../arm-none-eabi/lib/armv6k/fpu\libstdc++.a(eh_arm.o)
                0x0010d780                __cxa_begin_cleanup
 .text.__gnu_end_cleanup
                0x0010d834       0xb4 C:/devkitPro/devkitARM/bin/../lib/gcc/arm-none-eabi/15.2.0/../../../../arm-none-eabi/lib/armv6k/fpu\libstdc++.a(eh_arm.o)
                0x0010d834                __gnu_end_cleanup
 .text._ZNSt9exceptionD2Ev
                0x0010d8e8        0x4 C:/devkitPro/devkitARM/bin/../lib/gcc/arm-none-eabi/15.2.0/../../../../arm-none-eabi/lib/armv6k/fpu\libstdc++.a(eh_exception.o)
                0x0010d8e8                _ZNSt9exceptionD1Ev
                0x0010d8e8                _ZNSt9exceptionD2Ev
 .text._ZNSt13bad_exceptionD2Ev
                0x0010d8ec        0x4 C:/devkitPro/devkitARM/bin/../lib/gcc/arm-none-eabi/15.2.0/../../../../arm-none-eabi/lib/armv6k/fpu\libstdc++.a(eh_exception.o)
                0x0010d8ec                _ZNSt13bad_exceptionD1Ev
                0x0010d8ec                _ZNSt13bad_exceptionD2Ev
 .text._ZNKSt13bad_exception4whatEv
                0x0010d8f0        0xc C:/devkitPro/devkitARM/bin/../lib/gcc/arm-none-eabi/15.2.0/../../../../arm-none-eabi/lib/armv6k/fpu\libstdc++.a(eh_exception.o)
                0x0010d8f0                _ZNKSt13bad_exception4whatEv
                0x0010d8f0                _ZGTtNKSt13bad_exception4whatEv
 .text._ZNSt13bad_exceptionD0Ev
                0x0010d8fc       0x20 C:/devkitPro/devkitARM/bin/../lib/gcc/arm-none-eabi/15.2.0/../../../../arm-none-eabi/lib/armv6k/fpu\libstdc++.a(eh_exception.o)
                0x0010d8fc                _ZNSt13bad_exceptionD0Ev
 .text._ZL15eh_globals_dtorPv
                0x0010d91c       0x38 C:/devkitPro/devkitARM/bin/../lib/gcc/arm-none-eabi/15.2.0/../../../../arm-none-eabi/lib/armv6k/fpu\libstdc++.a(eh_globals.o)
 .text.__cxa_get_globals_fast
                0x0010d954       0x38 C:/devkitPro/devkitARM/bin/../lib/gcc/arm-none-eabi/15.2.0/../../../../arm-none-eabi/lib/armv6k/fpu\libstdc++.a(eh_globals.o)
                0x0010d954                __cxa_get_globals_fast
 .text.__cxa_get_globals
                0x0010d98c       0x90 C:/devkitPro/devkitARM/bin/../lib/gcc/arm-none-eabi/15.2.0/../../../../arm-none-eabi/lib/armv6k/fpu\libstdc++.a(eh_globals.o)
                0x0010d98c                __cxa_get_globals
 .text.startup._GLOBAL__sub_I__ZN17__eh_globals_init7_S_initE
                0x0010da1c       0x30 C:/devkitPro/devkitARM/bin/../lib/gcc/arm-none-eabi/15.2.0/../../../../arm-none-eabi/lib/armv6k/fpu\libstdc++.a(eh_globals.o)
 .text.exit._GLOBAL__sub_D__ZN17__eh_globals_init7_S_initE
                0x0010da4c       0x34 C:/devkitPro/devkitARM/bin/../lib/gcc/arm-none-eabi/15.2.0/../../../../arm-none-eabi/lib/armv6k/fpu\libstdc++.a(eh_globals.o)
 .text._ZL28read_encoded_value_with_basehjPKhPj
                0x0010da80      0x150 C:/devkitPro/devkitARM/bin/../lib/gcc/arm-none-eabi/15.2.0/../../../../arm-none-eabi/lib/armv6k/fpu\libstdc++.a(eh_personality.o)
 .text._ZL21base_of_encoded_valuehP15_Unwind_Context
                0x0010dbd0       0x5c C:/devkitPro/devkitARM/bin/../lib/gcc/arm-none-eabi/15.2.0/../../../../arm-none-eabi/lib/armv6k/fpu\libstdc++.a(eh_personality.o)
 .text._ZL17parse_lsda_headerP15_Unwind_ContextPKhP16lsda_header_info
                0x0010dc2c       0xf0 C:/devkitPro/devkitARM/bin/../lib/gcc/arm-none-eabi/15.2.0/../../../../arm-none-eabi/lib/armv6k/fpu\libstdc++.a(eh_personality.o)
 .text.__gxx_personality_v0
                0x0010dd1c      0x6c8 C:/devkitPro/devkitARM/bin/../lib/gcc/arm-none-eabi/15.2.0/../../../../arm-none-eabi/lib/armv6k/fpu\libstdc++.a(eh_personality.o)
                0x0010dd1c                __gxx_personality_v0
 .text._ZN10__cxxabiv111__terminateEPFvvE
                0x0010e3e4       0x14 C:/devkitPro/devkitARM/bin/../lib/gcc/arm-none-eabi/15.2.0/../../../../arm-none-eabi/lib/armv6k/fpu\libstdc++.a(eh_terminate.o)
                0x0010e3e4                _ZN10__cxxabiv111__terminateEPFvvE
 .text.unlikely._ZSt9terminatev
                0x0010e3f8       0x18 C:/devkitPro/devkitARM/bin/../lib/gcc/arm-none-eabi/15.2.0/../../../../arm-none-eabi/lib/armv6k/fpu\libstdc++.a(eh_terminate.o)
                0x0010e3f8                _ZSt9terminatev
 .text._ZN10__cxxabiv112__unexpectedEPFvvE
                0x0010e410        0xc C:/devkitPro/devkitARM/bin/../lib/gcc/arm-none-eabi/15.2.0/../../../../arm-none-eabi/lib/armv6k/fpu\libstdc++.a(eh_terminate.o)
                0x0010e410                _ZN10__cxxabiv112__unexpectedEPFvvE
 .text.unlikely._ZSt10unexpectedv
                0x0010e41c       0x18 C:/devkitPro/devkitARM/bin/../lib/gcc/arm-none-eabi/15.2.0/../../../../arm-none-eabi/lib/armv6k/fpu\libstdc++.a(eh_terminate.o)
                0x0010e41c                _ZSt10unexpectedv
 .text._ZSt13get_terminatev
                0x0010e434       0x14 C:/devkitPro/devkitARM/bin/../lib/gcc/arm-none-eabi/15.2.0/../../../../arm-none-eabi/lib/armv6k/fpu\libstdc++.a(eh_terminate.o)
                0x0010e434                _ZSt13get_terminatev
 .text._ZSt14get_unexpectedv
                0x0010e448       0x14 C:/devkitPro/devkitARM/bin/../lib/gcc/arm-none-eabi/15.2.0/../../../../arm-none-eabi/lib/armv6k/fpu\libstdc++.a(eh_terminate.o)
                0x0010e448                _ZSt14get_unexpectedv
 .text._ZL23__gxx_exception_cleanup19_Unwind_Reason_CodeP21_Unwind_Control_Block
                0x0010e45c       0x70 C:/devkitPro/devkitARM/bin/../lib/gcc/arm-none-eabi/15.2.0/../../../../arm-none-eabi/lib/armv6k/fpu\libstdc++.a(eh_throw.o)
 .text.__cxa_init_primary_exception
                0x0010e4cc       0x54 C:/devkitPro/devkitARM/bin/../lib/gcc/arm-none-eabi/15.2.0/../../../../arm-none-eabi/lib/armv6k/fpu\libstdc++.a(eh_throw.o)
                0x0010e4cc                __cxa_init_primary_exception
 .text.__cxa_throw
                0x0010e520       0x54 C:/devkitPro/devkitARM/bin/../lib/gcc/arm-none-eabi/15.2.0/../../../../arm-none-eabi/lib/armv6k/fpu\libstdc++.a(eh_throw.o)
                0x0010e520                __cxa_throw
 .text.__cxa_rethrow
                0x0010e574       0xb0 C:/devkitPro/devkitARM/bin/../lib/gcc/arm-none-eabi/15.2.0/../../../../arm-none-eabi/lib/armv6k/fpu\libstdc++.a(eh_throw.o)
                0x0010e574                __cxa_rethrow
 .text._ZSt15get_new_handlerv
                0x0010e624       0x14 C:/devkitPro/devkitARM/bin/../lib/gcc/arm-none-eabi/15.2.0/../../../../arm-none-eabi/lib/armv6k/fpu\libstdc++.a(new_handler.o)
                0x0010e624                _ZSt15get_new_handlerv
 .text._ZN10__cxxabiv120__si_class_type_infoD2Ev
                0x0010e638       0x20 C:/devkitPro/devkitARM/bin/../lib/gcc/arm-none-eabi/15.2.0/../../../../arm-none-eabi/lib/armv6k/fpu\libstdc++.a(si_class_type_info.o)
                0x0010e638                _ZN10__cxxabiv120__si_class_type_infoD1Ev
                0x0010e638                _ZN10__cxxabiv120__si_class_type_infoD2Ev
 .text._ZN10__cxxabiv120__si_class_type_infoD0Ev
                0x0010e658       0x2c C:/devkitPro/devkitARM/bin/../lib/gcc/arm-none-eabi/15.2.0/../../../../arm-none-eabi/lib/armv6k/fpu\libstdc++.a(si_class_type_info.o)
                0x0010e658                _ZN10__cxxabiv120__si_class_type_infoD0Ev
 .text._ZNK10__cxxabiv120__si_class_type_info20__do_find_public_srcEiPKvPKNS_17__class_type_infoES2_
                0x0010e684       0x6c C:/devkitPro/devkitARM/bin/../lib/gcc/arm-none-eabi/15.2.0/../../../../arm-none-eabi/lib/armv6k/fpu\libstdc++.a(si_class_type_info.o)
                0x0010e684                _ZNK10__cxxabiv120__si_class_type_info20__do_find_public_srcEiPKvPKNS_17__class_type_infoES2_
 .text._ZNK10__cxxabiv120__si_class_type_info12__do_dyncastEiNS_17__class_type_info10__sub_kindEPKS1_PKvS4_S6_RNS1_16__dyncast_resultE
                0x0010e6f0       0xe4 C:/devkitPro/devkitARM/bin/../lib/gcc/arm-none-eabi/15.2.0/../../../../arm-none-eabi/lib/armv6k/fpu\libstdc++.a(si_class_type_info.o)
                0x0010e6f0                _ZNK10__cxxabiv120__si_class_type_info12__do_dyncastEiNS_17__class_type_info10__sub_kindEPKS1_PKvS4_S6_RNS1_16__dyncast_resultE
 .text._ZNK10__cxxabiv120__si_class_type_info11__do_upcastEPKNS_17__class_type_infoEPKvRNS1_15__upcast_resultE
                0x0010e7d4       0x44 C:/devkitPro/devkitARM/bin/../lib/gcc/arm-none-eabi/15.2.0/../../../../arm-none-eabi/lib/armv6k/fpu\libstdc++.a(si_class_type_info.o)
                0x0010e7d4                _ZNK10__cxxabiv120__si_class_type_info11__do_upcastEPKNS_17__class_type_infoEPKvRNS1_15__upcast_resultE
 .text._ZNSt9type_infoD2Ev
                0x0010e818        0x4 C:/devkitPro/devkitARM/bin/../lib/gcc/arm-none-eabi/15.2.0/../../../../arm-none-eabi/lib/armv6k/fpu\libstdc++.a(tinfo.o)
                0x0010e818                _ZNSt9type_infoD2Ev
                0x0010e818                _ZNSt9type_infoD1Ev
 .text._ZNKSt9type_info14__is_pointer_pEv
                0x0010e81c        0x8 C:/devkitPro/devkitARM/bin/../lib/gcc/arm-none-eabi/15.2.0/../../../../arm-none-eabi/lib/armv6k/fpu\libstdc++.a(tinfo.o)
                0x0010e81c                _ZNKSt9type_info14__is_pointer_pEv
                0x0010e81c                _ZNKSt9type_info15__is_function_pEv
 .text._ZNKSt9type_infoeqERKS_
                0x0010e824       0x4c C:/devkitPro/devkitARM/bin/../lib/gcc/arm-none-eabi/15.2.0/../../../../arm-none-eabi/lib/armv6k/fpu\libstdc++.a(tinfo.o)
                0x0010e824                _ZNKSt9type_infoeqERKS_
                0x0010e824                _ZNKSt9type_info7__equalERKS_
 .text._ZNKSt11logic_error4whatEv
                0x0010e870        0x8 C:/devkitPro/devkitARM/bin/../lib/gcc/arm-none-eabi/15.2.0/../../../../arm-none-eabi/lib/armv6k/fpu\libstdc++.a(stdexcept.o)
                0x0010e870                _ZNKSt11logic_error4whatEv
                0x0010e870                _ZNKSt13runtime_error4whatEv
 .text._ZNSt11logic_errorD2Ev
                0x0010e878       0x78 C:/devkitPro/devkitARM/bin/../lib/gcc/arm-none-eabi/15.2.0/../../../../arm-none-eabi/lib/armv6k/fpu\libstdc++.a(stdexcept.o)
                0x0010e878                _ZNSt11logic_errorD1Ev
                0x0010e878                _ZNSt11logic_errorD2Ev
 .text._ZNSt12length_errorD2Ev
                0x0010e8f0       0x78 C:/devkitPro/devkitARM/bin/../lib/gcc/arm-none-eabi/15.2.0/../../../../arm-none-eabi/lib/armv6k/fpu\libstdc++.a(stdexcept.o)
                0x0010e8f0                _ZNSt12length_errorD1Ev
                0x0010e8f0                _ZNSt12length_errorD2Ev
 .text._ZNSt11logic_errorD0Ev
                0x0010e968       0x80 C:/devkitPro/devkitARM/bin/../lib/gcc/arm-none-eabi/15.2.0/../../../../arm-none-eabi/lib/armv6k/fpu\libstdc++.a(stdexcept.o)
                0x0010e968                _ZNSt11logic_errorD0Ev
 .text._ZNSt12length_errorD0Ev
                0x0010e9e8       0x80 C:/devkitPro/devkitARM/bin/../lib/gcc/arm-none-eabi/15.2.0/../../../../arm-none-eabi/lib/armv6k/fpu\libstdc++.a(stdexcept.o)
                0x0010e9e8                _ZNSt12length_errorD0Ev
 .text._ZNSt11logic_errorC2EPKc
                0x0010ea68       0xd8 C:/devkitPro/devkitARM/bin/../lib/gcc/arm-none-eabi/15.2.0/../../../../arm-none-eabi/lib/armv6k/fpu\libstdc++.a(cow-stdexcept.o)
                0x0010ea68                _ZNSt11logic_errorC1EPKc
                0x0010ea68                _ZNSt11logic_errorC2EPKc
 .text._ZNSt12length_errorC2EPKc
                0x0010eb40       0x20 C:/devkitPro/devkitARM/bin/../lib/gcc/arm-none-eabi/15.2.0/../../../../arm-none-eabi/lib/armv6k/fpu\libstdc++.a(cow-stdexcept.o)
                0x0010eb40                _ZNSt12length_errorC1EPKc
                0x0010eb40                _ZNSt12length_errorC2EPKc
 .text._ZNSs4_Rep9_S_createEjjRKSaIcE
                0x0010eb60       0x88 C:/devkitPro/devkitARM/bin/../lib/gcc/arm-none-eabi/15.2.0/../../../../arm-none-eabi/lib/armv6k/fpu\libstdc++.a(cow-string-inst.o)
                0x0010eb60                _ZNSs4_Rep9_S_createEjjRKSaIcE
 .text._ZNSs4_Rep10_M_destroyERKSaIcE
                0x0010ebe8        0x4 C:/devkitPro/devkitARM/bin/../lib/gcc/arm-none-eabi/15.2.0/../../../../arm-none-eabi/lib/armv6k/fpu\libstdc++.a(cow-string-inst.o)
                0x0010ebe8                _ZNSs4_Rep10_M_destroyERKSaIcE
 .text._ZNK10__cxxabiv117__class_type_info11__do_upcastEPKS0_PPv
                0x0010ebec       0x5c C:/devkitPro/devkitARM/bin/../lib/gcc/arm-none-eabi/15.2.0/../../../../arm-none-eabi/lib/armv6k/fpu\libstdc++.a(class_type_info.o)
                0x0010ebec                _ZNK10__cxxabiv117__class_type_info11__do_upcastEPKS0_PPv
 .text._ZNK10__cxxabiv117__class_type_info20__do_find_public_srcEiPKvPKS0_S2_
                0x0010ec48       0x14 C:/devkitPro/devkitARM/bin/../lib/gcc/arm-none-eabi/15.2.0/../../../../arm-none-eabi/lib/armv6k/fpu\libstdc++.a(class_type_info.o)
                0x0010ec48                _ZNK10__cxxabiv117__class_type_info20__do_find_public_srcEiPKvPKS0_S2_
 .text._ZN10__cxxabiv117__class_type_infoD2Ev
                0x0010ec5c       0x20 C:/devkitPro/devkitARM/bin/../lib/gcc/arm-none-eabi/15.2.0/../../../../arm-none-eabi/lib/armv6k/fpu\libstdc++.a(class_type_info.o)
                0x0010ec5c                _ZN10__cxxabiv117__class_type_infoD2Ev
                0x0010ec5c                _ZN10__cxxabiv117__class_type_infoD1Ev
 .text._ZN10__cxxabiv117__class_type_infoD0Ev
                0x0010ec7c       0x2c C:/devkitPro/devkitARM/bin/../lib/gcc/arm-none-eabi/15.2.0/../../../../arm-none-eabi/lib/armv6k/fpu\libstdc++.a(class_type_info.o)
                0x0010ec7c                _ZN10__cxxabiv117__class_type_infoD0Ev
 .text._ZNK10__cxxabiv117__class_type_info12__do_dyncastEiNS0_10__sub_kindEPKS0_PKvS3_S5_RNS0_16__dyncast_resultE
                0x0010eca8       0x84 C:/devkitPro/devkitARM/bin/../lib/gcc/arm-none-eabi/15.2.0/../../../../arm-none-eabi/lib/armv6k/fpu\libstdc++.a(class_type_info.o)
                0x0010eca8                _ZNK10__cxxabiv117__class_type_info12__do_dyncastEiNS0_10__sub_kindEPKS0_PKvS3_S5_RNS0_16__dyncast_resultE
 .text._ZNK10__cxxabiv117__class_type_info11__do_upcastEPKS0_PKvRNS0_15__upcast_resultE
                0x0010ed2c       0x38 C:/devkitPro/devkitARM/bin/../lib/gcc/arm-none-eabi/15.2.0/../../../../arm-none-eabi/lib/armv6k/fpu\libstdc++.a(class_type_info.o)
                0x0010ed2c                _ZNK10__cxxabiv117__class_type_info11__do_upcastEPKS0_PKvRNS0_15__upcast_resultE
 .text._ZNK10__cxxabiv117__class_type_info10__do_catchEPKSt9type_infoPPvj
                0x0010ed64       0x44 C:/devkitPro/devkitARM/bin/../lib/gcc/arm-none-eabi/15.2.0/../../../../arm-none-eabi/lib/armv6k/fpu\libstdc++.a(class_type_info.o)
                0x0010ed64                _ZNK10__cxxabiv117__class_type_info10__do_catchEPKSt9type_infoPPvj
 .text.unlikely._ZN10__cxxabiv1L24__is_gxx_exception_classEPc
                0x0010eda8       0x70 C:/devkitPro/devkitARM/bin/../lib/gcc/arm-none-eabi/15.2.0/../../../../arm-none-eabi/lib/armv6k/fpu\libstdc++.a(eh_call.o)
 .text.unlikely.__cxa_call_terminate
                0x0010ee18       0x2c C:/devkitPro/devkitARM/bin/../lib/gcc/arm-none-eabi/15.2.0/../../../../arm-none-eabi/lib/armv6k/fpu\libstdc++.a(eh_call.o)
                0x0010ee18                __cxa_call_terminate
 .text.unlikely.__cxa_call_unexpected
                0x0010ee44      0x148 C:/devkitPro/devkitARM/bin/../lib/gcc/arm-none-eabi/15.2.0/../../../../arm-none-eabi/lib/armv6k/fpu\libstdc++.a(eh_call.o)
                0x0010ee44                __cxa_call_unexpected
 .text.__cxa_begin_catch
                0x0010ef8c       0xe0 C:/devkitPro/devkitARM/bin/../lib/gcc/arm-none-eabi/15.2.0/../../../../arm-none-eabi/lib/armv6k/fpu\libstdc++.a(eh_catch.o)
                0x0010ef8c                __cxa_begin_catch
 .text.__cxa_end_catch
                0x0010f06c       0xe0 C:/devkitPro/devkitARM/bin/../lib/gcc/arm-none-eabi/15.2.0/../../../../arm-none-eabi/lib/armv6k/fpu\libstdc++.a(eh_catch.o)
                0x0010f06c                __cxa_end_catch
 *fill*         0x0010f14c        0x4 
 .text.sinf     0x0010f150      0x264 C:/devkitPro/devkitARM/bin/../lib/gcc/arm-none-eabi/15.2.0/../../../../arm-none-eabi/lib/armv6k/fpu\libm.a(libm_a-sinf.o)
                0x0010f150                sinf
 .text.with_errnof
                0x0010f3b4       0x24 C:/devkitPro/devkitARM/bin/../lib/gcc/arm-none-eabi/15.2.0/../../../../arm-none-eabi/lib/armv6k/fpu\libm.a(libm_a-math_errf.o)
 .text.__math_invalidf
                0x0010f3d8       0x1c C:/devkitPro/devkitARM/bin/../lib/gcc/arm-none-eabi/15.2.0/../../../../arm-none-eabi/lib/armv6k/fpu\libm.a(libm_a-math_errf.o)
                0x0010f3d8                __math_invalidf
 .text.selfrel_offset31
                0x0010f3f4       0x18 C:/devkitPro/devkitARM/bin/../lib/gcc/arm-none-eabi/15.2.0/armv6k/fpu\libgcc.a(unwind-arm.o)
 .text.search_EIT_table
                0x0010f40c       0x90 C:/devkitPro/devkitARM/bin/../lib/gcc/arm-none-eabi/15.2.0/armv6k/fpu\libgcc.a(unwind-arm.o)
 .text.__gnu_unwind_get_pr_addr
                0x0010f49c       0x40 C:/devkitPro/devkitARM/bin/../lib/gcc/arm-none-eabi/15.2.0/armv6k/fpu\libgcc.a(unwind-arm.o)
 .text.get_eit_entry
                0x0010f4dc      0x110 C:/devkitPro/devkitARM/bin/../lib/gcc/arm-none-eabi/15.2.0/armv6k/fpu\libgcc.a(unwind-arm.o)
 .text.restore_non_core_regs
                0x0010f5ec       0x88 C:/devkitPro/devkitARM/bin/../lib/gcc/arm-none-eabi/15.2.0/armv6k/fpu\libgcc.a(unwind-arm.o)
 .text._Unwind_decode_typeinfo_ptr.constprop.0
                0x0010f674       0x14 C:/devkitPro/devkitARM/bin/../lib/gcc/arm-none-eabi/15.2.0/armv6k/fpu\libgcc.a(unwind-arm.o)
 .text._Unwind_DebugHook
                0x0010f688        0x4 C:/devkitPro/devkitARM/bin/../lib/gcc/arm-none-eabi/15.2.0/armv6k/fpu\libgcc.a(unwind-arm.o)
 .text.unwind_phase2
                0x0010f68c       0x64 C:/devkitPro/devkitARM/bin/../lib/gcc/arm-none-eabi/15.2.0/armv6k/fpu\libgcc.a(unwind-arm.o)
 .text.unwind_phase2_forced
                0x0010f6f0      0x13c C:/devkitPro/devkitARM/bin/../lib/gcc/arm-none-eabi/15.2.0/armv6k/fpu\libgcc.a(unwind-arm.o)
 .text.__gnu_Unwind_RaiseException
                0x0010f82c       0xa4 C:/devkitPro/devkitARM/bin/../lib/gcc/arm-none-eabi/15.2.0/armv6k/fpu\libgcc.a(unwind-arm.o)
                0x0010f82c                __gnu_Unwind_RaiseException
 .text.__gnu_Unwind_ForcedUnwind
                0x0010f8d0       0x20 C:/devkitPro/devkitARM/bin/../lib/gcc/arm-none-eabi/15.2.0/armv6k/fpu\libgcc.a(unwind-arm.o)
                0x0010f8d0                __gnu_Unwind_ForcedUnwind
 .text.__gnu_Unwind_Resume
                0x0010f8f0       0x74 C:/devkitPro/devkitARM/bin/../lib/gcc/arm-none-eabi/15.2.0/armv6k/fpu\libgcc.a(unwind-arm.o)
                0x0010f8f0                __gnu_Unwind_Resume
 .text.__gnu_Unwind_Resume_or_Rethrow
                0x0010f964       0x20 C:/devkitPro/devkitARM/bin/../lib/gcc/arm-none-eabi/15.2.0/armv6k/fpu\libgcc.a(unwind-arm.o)
                0x0010f964                __gnu_Unwind_Resume_or_Rethrow
 .text._Unwind_Complete
                0x0010f984        0x4 C:/devkitPro/devkitARM/bin/../lib/gcc/arm-none-eabi/15.2.0/armv6k/fpu\libgcc.a(unwind-arm.o)
                0x0010f984                _Unwind_Complete
 .text._Unwind_DeleteException
                0x0010f988       0x18 C:/devkitPro/devkitARM/bin/../lib/gcc/arm-none-eabi/15.2.0/armv6k/fpu\libgcc.a(unwind-arm.o)
                0x0010f988                _Unwind_DeleteException
 .text._Unwind_VRS_Get
                0x0010f9a0       0x64 C:/devkitPro/devkitARM/bin/../lib/gcc/arm-none-eabi/15.2.0/armv6k/fpu\libgcc.a(unwind-arm.o)
                0x0010f9a0                _Unwind_VRS_Get
 .text._Unwind_GetGR
                0x0010fa04       0x2c C:/devkitPro/devkitARM/bin/../lib/gcc/arm-none-eabi/15.2.0/armv6k/fpu\libgcc.a(unwind-arm.o)
 .text._Unwind_VRS_Set
                0x0010fa30       0x64 C:/devkitPro/devkitARM/bin/../lib/gcc/arm-none-eabi/15.2.0/armv6k/fpu\libgcc.a(unwind-arm.o)
                0x0010fa30                _Unwind_VRS_Set
 .text._Unwind_SetGR
                0x0010fa94       0x2c C:/devkitPro/devkitARM/bin/../lib/gcc/arm-none-eabi/15.2.0/armv6k/fpu\libgcc.a(unwind-arm.o)
 .text.__gnu_Unwind_Backtrace
                0x0010fac0       0xc0 C:/devkitPro/devkitARM/bin/../lib/gcc/arm-none-eabi/15.2.0/armv6k/fpu\libgcc.a(unwind-arm.o)
                0x0010fac0                __gnu_Unwind_Backtrace
 .text.__gnu_unwind_pr_common
                0x0010fb80      0x40c C:/devkitPro/devkitARM/bin/../lib/gcc/arm-none-eabi/15.2.0/armv6k/fpu\libgcc.a(unwind-arm.o)
 .text.__aeabi_unwind_cpp_pr0
                0x0010ff8c        0x8 C:/devkitPro/devkitARM/bin/../lib/gcc/arm-none-eabi/15.2.0/armv6k/fpu\libgcc.a(unwind-arm.o)
                0x0010ff8c                __aeabi_unwind_cpp_pr0
 .text.__aeabi_unwind_cpp_pr1
                0x0010ff94        0x8 C:/devkitPro/devkitARM/bin/../lib/gcc/arm-none-eabi/15.2.0/armv6k/fpu\libgcc.a(unwind-arm.o)
                0x0010ff94                __aeabi_unwind_cpp_pr1
 .text.__aeabi_unwind_cpp_pr2
                0x0010ff9c        0x8 C:/devkitPro/devkitARM/bin/../lib/gcc/arm-none-eabi/15.2.0/armv6k/fpu\libgcc.a(unwind-arm.o)
                0x0010ff9c                __aeabi_unwind_cpp_pr2
 .text._Unwind_VRS_Pop
                0x0010ffa4      0x458 C:/devkitPro/devkitARM/bin/../lib/gcc/arm-none-eabi/15.2.0/armv6k/fpu\libgcc.a(unwind-arm.o)
                0x0010ffa4                _Unwind_VRS_Pop
 .text.next_unwind_byte
                0x001103fc       0x64 C:/devkitPro/devkitARM/bin/../lib/gcc/arm-none-eabi/15.2.0/armv6k/fpu\libgcc.a(pr-support.o)
 .text._Unwind_GetGR.constprop.0
                0x00110460       0x2c C:/devkitPro/devkitARM/bin/../lib/gcc/arm-none-eabi/15.2.0/armv6k/fpu\libgcc.a(pr-support.o)
 .text.unwind_UCB_from_context
                0x0011048c        0x4 C:/devkitPro/devkitARM/bin/../lib/gcc/arm-none-eabi/15.2.0/armv6k/fpu\libgcc.a(pr-support.o)
 .text.__gnu_unwind_execute
                0x00110490      0x464 C:/devkitPro/devkitARM/bin/../lib/gcc/arm-none-eabi/15.2.0/armv6k/fpu\libgcc.a(pr-support.o)
                0x00110490                __gnu_unwind_execute
 .text.__gnu_unwind_frame
                0x001108f4       0x48 C:/devkitPro/devkitARM/bin/../lib/gcc/arm-none-eabi/15.2.0/armv6k/fpu\libgcc.a(pr-support.o)
                0x001108f4                __gnu_unwind_frame
 .text._Unwind_GetRegionStart
                0x0011093c       0x10 C:/devkitPro/devkitARM/bin/../lib/gcc/arm-none-eabi/15.2.0/armv6k/fpu\libgcc.a(pr-support.o)
                0x0011093c                _Unwind_GetRegionStart
 .text._Unwind_GetLanguageSpecificData
                0x0011094c       0x1c C:/devkitPro/devkitARM/bin/../lib/gcc/arm-none-eabi/15.2.0/armv6k/fpu\libgcc.a(pr-support.o)
                0x0011094c                _Unwind_GetLanguageSpecificData
 .text.unlikely._Unwind_GetDataRelBase
                0x00110968        0x8 C:/devkitPro/devkitARM/bin/../lib/gcc/arm-none-eabi/15.2.0/armv6k/fpu\libgcc.a(pr-support.o)
                0x00110968                _Unwind_GetDataRelBase
 .text.unlikely._Unwind_GetTextRelBase
                0x00110970        0x8 C:/devkitPro/devkitARM/bin/../lib/gcc/arm-none-eabi/15.2.0/armv6k/fpu\libgcc.a(pr-support.o)
                0x00110970                _Unwind_GetTextRelBase
 .text.strncat  0x00110978       0xe4 C:/devkitPro/devkitARM/bin/../lib/gcc/arm-none-eabi/15.2.0/../../../../arm-none-eabi/lib/armv6k/fpu\libg.a(libc_a-strncat.o)
                0x00110978                strncat
 .text.getenv   0x00110a5c       0x24 C:/devkitPro/devkitARM/bin/../lib/gcc/arm-none-eabi/15.2.0/../../../../arm-none-eabi/lib/armv6k/fpu\libg.a(libc_a-getenv.o)
                0x00110a5c                getenv
 .text.memcpy   0x00110a80      0x128 C:/devkitPro/devkitARM/bin/../lib/gcc/arm-none-eabi/15.2.0/../../../../arm-none-eabi/lib/armv6k/fpu\libg.a(libc_a-memcpy-stub.o)
                0x00110a80                memcpy
 .text.strlen   0x00110ba8       0x8c C:/devkitPro/devkitARM/bin/../lib/gcc/arm-none-eabi/15.2.0/../../../../arm-none-eabi/lib/armv6k/fpu\libg.a(libc_a-strlen.o)
                0x00110ba8                strlen
 .text.bsearch  0x00110c34       0x78 C:/devkitPro/devkitARM/bin/../lib/gcc/arm-none-eabi/15.2.0/../../../../arm-none-eabi/lib/armv6k/fpu\libg.a(libc_a-bsearch.o)
                0x00110c34                bsearch
 .text.memalign
                0x00110cac       0x28 C:/devkitPro/devkitARM/bin/../lib/gcc/arm-none-eabi/15.2.0/../../../../arm-none-eabi/lib/armv6k/fpu\libg.a(libc_a-malign.o)
                0x00110cac                memalign
 .text._strtoul_l.isra.0
                0x00110cd4      0x1ec C:/devkitPro/devkitARM/bin/../lib/gcc/arm-none-eabi/15.2.0/../../../../arm-none-eabi/lib/armv6k/fpu\libg.a(libc_a-strtoul.o)
 .text.strtoul  0x00110ec0       0x3c C:/devkitPro/devkitARM/bin/../lib/gcc/arm-none-eabi/15.2.0/../../../../arm-none-eabi/lib/armv6k/fpu\libg.a(libc_a-strtoul.o)
                0x00110ec0                strtoul
 .text.strchr   0x00110efc      0x140 C:/devkitPro/devkitARM/bin/../lib/gcc/arm-none-eabi/15.2.0/../../../../arm-none-eabi/lib/armv6k/fpu\libg.a(libc_a-strchr.o)
                0x00110efc                strchr
 .text.memcmp   0x0011103c       0xd8 C:/devkitPro/devkitARM/bin/../lib/gcc/arm-none-eabi/15.2.0/../../../../arm-none-eabi/lib/armv6k/fpu\libg.a(libc_a-memcmp.o)
                0x0011103c                memcmp
 .text._memalign_r
                0x00111114      0x16c C:/devkitPro/devkitARM/bin/../lib/gcc/arm-none-eabi/15.2.0/../../../../arm-none-eabi/lib/armv6k/fpu\libg.a(libc_a-malignr.o)
                0x00111114                _memalign_r
 .text.__errno  0x00111280        0xc C:/devkitPro/devkitARM/bin/../lib/gcc/arm-none-eabi/15.2.0/../../../../arm-none-eabi/lib/armv6k/fpu\libg.a(libc_a-errno.o)
                0x00111280                __errno
 .text.abort    0x0011128c       0x14 C:/devkitPro/devkitARM/bin/../lib/gcc/arm-none-eabi/15.2.0/../../../../arm-none-eabi/lib/armv6k/fpu\libg.a(libc_a-abort.o)
                0x0011128c                abort
 .text.memset   0x001112a0       0xe4 C:/devkitPro/devkitARM/bin/../lib/gcc/arm-none-eabi/15.2.0/../../../../arm-none-eabi/lib/armv6k/fpu\libg.a(libc_a-memset.o)
                0x001112a0                memset
 .text.__sflush_r
                0x00111384      0x22c C:/devkitPro/devkitARM/bin/../lib/gcc/arm-none-eabi/15.2.0/../../../../arm-none-eabi/lib/armv6k/fpu\libg.a(libc_a-fflush.o)
                0x00111384                __sflush_r
 .text._fflush_r
                0x001115b0       0xc4 C:/devkitPro/devkitARM/bin/../lib/gcc/arm-none-eabi/15.2.0/../../../../arm-none-eabi/lib/armv6k/fpu\libg.a(libc_a-fflush.o)
                0x001115b0                _fflush_r
 .text._malloc_r
                0x00111674      0x82c C:/devkitPro/devkitARM/bin/../lib/gcc/arm-none-eabi/15.2.0/../../../../arm-none-eabi/lib/armv6k/fpu\libg.a(libc_a-mallocr.o)
                0x00111674                _malloc_r
 .text._malloc_trim_r
                0x00111ea0      0x114 C:/devkitPro/devkitARM/bin/../lib/gcc/arm-none-eabi/15.2.0/../../../../arm-none-eabi/lib/armv6k/fpu\libg.a(libc_a-freer.o)
                0x00111ea0                _malloc_trim_r
 .text._free_r  0x00111fb4      0x314 C:/devkitPro/devkitARM/bin/../lib/gcc/arm-none-eabi/15.2.0/../../../../arm-none-eabi/lib/armv6k/fpu\libg.a(libc_a-freer.o)
                0x00111fb4                _free_r
 .text.setvbuf  0x001122c8      0x294 C:/devkitPro/devkitARM/bin/../lib/gcc/arm-none-eabi/15.2.0/../../../../arm-none-eabi/lib/armv6k/fpu\libg.a(libc_a-setvbuf.o)
                0x001122c8                setvbuf
 .text.stdio_exit_handler
                0x0011255c       0x1c C:/devkitPro/devkitARM/bin/../lib/gcc/arm-none-eabi/15.2.0/../../../../arm-none-eabi/lib/armv6k/fpu\libg.a(libc_a-findfp.o)
 .text.cleanup_stdio
                0x00112578       0x5c C:/devkitPro/devkitARM/bin/../lib/gcc/arm-none-eabi/15.2.0/../../../../arm-none-eabi/lib/armv6k/fpu\libg.a(libc_a-findfp.o)
 .text.global_stdio_init.part.0
                0x001125d4      0x154 C:/devkitPro/devkitARM/bin/../lib/gcc/arm-none-eabi/15.2.0/../../../../arm-none-eabi/lib/armv6k/fpu\libg.a(libc_a-findfp.o)
 .text.__sinit  0x00112728       0x5c C:/devkitPro/devkitARM/bin/../lib/gcc/arm-none-eabi/15.2.0/../../../../arm-none-eabi/lib/armv6k/fpu\libg.a(libc_a-findfp.o)
                0x00112728                __sinit
 .text.__sfp_lock_acquire
                0x00112784        0xc C:/devkitPro/devkitARM/bin/../lib/gcc/arm-none-eabi/15.2.0/../../../../arm-none-eabi/lib/armv6k/fpu\libg.a(libc_a-findfp.o)
                0x00112784                __sfp_lock_acquire
 .text.__sfp_lock_release
                0x00112790        0xc C:/devkitPro/devkitARM/bin/../lib/gcc/arm-none-eabi/15.2.0/../../../../arm-none-eabi/lib/armv6k/fpu\libg.a(libc_a-findfp.o)
                0x00112790                __sfp_lock_release
 .text.__libc_init_array
                0x0011279c       0x84 C:/devkitPro/devkitARM/bin/../lib/gcc/arm-none-eabi/15.2.0/../../../../arm-none-eabi/lib/armv6k/fpu\libg.a(libc_a-init.o)
                0x0011279c                __libc_init_array
 .text.strncpy  0x00112820       0xd4 C:/devkitPro/devkitARM/bin/../lib/gcc/arm-none-eabi/15.2.0/../../../../arm-none-eabi/lib/armv6k/fpu\libg.a(libc_a-strncpy.o)
                0x00112820                strncpy
 .text.malloc   0x001128f4       0x40 C:/devkitPro/devkitARM/bin/../lib/gcc/arm-none-eabi/15.2.0/../../../../arm-none-eabi/lib/armv6k/fpu\libg.a(libc_a-malloc.o)
                0x001128f4                malloc
 .text.free     0x00112934       0x20 C:/devkitPro/devkitARM/bin/../lib/gcc/arm-none-eabi/15.2.0/../../../../arm-none-eabi/lib/armv6k/fpu\libg.a(libc_a-malloc.o)
                0x00112934                free
 .text.memchr   0x00112954       0xe8 C:/devkitPro/devkitARM/bin/../lib/gcc/arm-none-eabi/15.2.0/../../../../arm-none-eabi/lib/armv6k/fpu\libg.a(libc_a-memchr-stub.o)
                0x00112954                memchr
 .text._puts_r  0x00112a3c       0xe0 C:/devkitPro/devkitARM/bin/../lib/gcc/arm-none-eabi/15.2.0/../../../../arm-none-eabi/lib/armv6k/fpu\libg.a(libc_a-puts.o)
                0x00112a3c                _puts_r
 .text.puts     0x00112b1c       0x20 C:/devkitPro/devkitARM/bin/../lib/gcc/arm-none-eabi/15.2.0/../../../../arm-none-eabi/lib/armv6k/fpu\libg.a(libc_a-puts.o)
                0x00112b1c                puts
 .text._findenv_r
                0x00112b3c       0xdc C:/devkitPro/devkitARM/bin/../lib/gcc/arm-none-eabi/15.2.0/../../../../arm-none-eabi/lib/armv6k/fpu\libg.a(libc_a-getenv_r.o)
                0x00112b3c                _findenv_r
 .text.__sread  0x00112c18       0x44 C:/devkitPro/devkitARM/bin/../lib/gcc/arm-none-eabi/15.2.0/../../../../arm-none-eabi/lib/armv6k/fpu\libg.a(libc_a-stdio.o)
                0x00112c18                __sread
 .text.__swrite
                0x00112c5c       0x68 C:/devkitPro/devkitARM/bin/../lib/gcc/arm-none-eabi/15.2.0/../../../../arm-none-eabi/lib/armv6k/fpu\libg.a(libc_a-stdio.o)
                0x00112c5c                __swrite
 .text.__sseek  0x00112cc4       0x40 C:/devkitPro/devkitARM/bin/../lib/gcc/arm-none-eabi/15.2.0/../../../../arm-none-eabi/lib/armv6k/fpu\libg.a(libc_a-stdio.o)
                0x00112cc4                __sseek
 .text.__sclose
                0x00112d04        0x8 C:/devkitPro/devkitARM/bin/../lib/gcc/arm-none-eabi/15.2.0/../../../../arm-none-eabi/lib/armv6k/fpu\libg.a(libc_a-stdio.o)
                0x00112d04                __sclose
 .text.memmove  0x00112d0c      0x1a8 C:/devkitPro/devkitARM/bin/../lib/gcc/arm-none-eabi/15.2.0/../../../../arm-none-eabi/lib/armv6k/fpu\libg.a(libc_a-memmove.o)
                0x00112d0c                memmove
 .text.__malloc_lock
                0x00112eb4        0xc C:/devkitPro/devkitARM/bin/../lib/gcc/arm-none-eabi/15.2.0/../../../../arm-none-eabi/lib/armv6k/fpu\libg.a(libc_a-mlock.o)
                0x00112eb4                __malloc_lock
 .text.__malloc_unlock
                0x00112ec0        0xc C:/devkitPro/devkitARM/bin/../lib/gcc/arm-none-eabi/15.2.0/../../../../arm-none-eabi/lib/armv6k/fpu\libg.a(libc_a-mlock.o)
                0x00112ec0                __malloc_unlock
 .text._fclose_r
                0x00112ecc      0x148 C:/devkitPro/devkitARM/bin/../lib/gcc/arm-none-eabi/15.2.0/../../../../arm-none-eabi/lib/armv6k/fpu\libg.a(libc_a-fclose.o)
                0x00112ecc                _fclose_r
 .text.__call_exitprocs
                0x00113014        0x4 C:/devkitPro/devkitARM/bin/../lib/gcc/arm-none-eabi/15.2.0/../../../../arm-none-eabi/lib/armv6k/fpu\libg.a(libc_a-exit.o)
                0x00113014                __call_exitprocs
 .text.exit     0x00113018       0x30 C:/devkitPro/devkitARM/bin/../lib/gcc/arm-none-eabi/15.2.0/../../../../arm-none-eabi/lib/armv6k/fpu\libg.a(libc_a-exit.o)
                0x00113018                exit
 .text.__libc_fini_array
                0x00113048       0x3c C:/devkitPro/devkitARM/bin/../lib/gcc/arm-none-eabi/15.2.0/../../../../arm-none-eabi/lib/armv6k/fpu\libg.a(libc_a-fini.o)
                0x00113048                __libc_fini_array
 .text.strnlen  0x00113084       0x3c C:/devkitPro/devkitARM/bin/../lib/gcc/arm-none-eabi/15.2.0/../../../../arm-none-eabi/lib/armv6k/fpu\libg.a(libc_a-strnlen.o)
                0x00113084                strnlen
 .text.strncmp  0x001130c0       0xd8 C:/devkitPro/devkitARM/bin/../lib/gcc/arm-none-eabi/15.2.0/../../../../arm-none-eabi/lib/armv6k/fpu\libg.a(libc_a-strncmp.o)
                0x001130c0                strncmp
 .text.__env_lock
                0x00113198        0xc C:/devkitPro/devkitARM/bin/../lib/gcc/arm-none-eabi/15.2.0/../../../../arm-none-eabi/lib/armv6k/fpu\libg.a(libc_a-envlock.o)
                0x00113198                __env_lock
 .text.__env_unlock
                0x001131a4        0xc C:/devkitPro/devkitARM/bin/../lib/gcc/arm-none-eabi/15.2.0/../../../../arm-none-eabi/lib/armv6k/fpu\libg.a(libc_a-envlock.o)
                0x001131a4                __env_unlock
 .text._fwalk_sglue
                0x001131b0       0x70 C:/devkitPro/devkitARM/bin/../lib/gcc/arm-none-eabi/15.2.0/../../../../arm-none-eabi/lib/armv6k/fpu\libg.a(libc_a-fwalk.o)
                0x001131b0                _fwalk_sglue
 .text.__sfvwrite_r
                0x00113220      0x4a4 C:/devkitPro/devkitARM/bin/../lib/gcc/arm-none-eabi/15.2.0/../../../../arm-none-eabi/lib/armv6k/fpu\libg.a(libc_a-fvwrite.o)
                0x00113220                __sfvwrite_r
 .text._raise_r
                0x001136c4       0x9c C:/devkitPro/devkitARM/bin/../lib/gcc/arm-none-eabi/15.2.0/../../../../arm-none-eabi/lib/armv6k/fpu\libg.a(libc_a-signal.o)
                0x001136c4                _raise_r
 .text.raise    0x00113760       0x20 C:/devkitPro/devkitARM/bin/../lib/gcc/arm-none-eabi/15.2.0/../../../../arm-none-eabi/lib/armv6k/fpu\libg.a(libc_a-signal.o)
                0x00113760                raise
 .text.__smakebuf_r
                0x00113780      0x164 C:/devkitPro/devkitARM/bin/../lib/gcc/arm-none-eabi/15.2.0/../../../../arm-none-eabi/lib/armv6k/fpu\libg.a(libc_a-makebuf.o)
                0x00113780                __smakebuf_r
 .text.__swhatbuf_r
                0x001138e4       0x90 C:/devkitPro/devkitARM/bin/../lib/gcc/arm-none-eabi/15.2.0/../../../../arm-none-eabi/lib/armv6k/fpu\libg.a(libc_a-makebuf.o)
                0x001138e4                __swhatbuf_r
 .text.__swsetup_r
                0x00113974      0x140 C:/devkitPro/devkitARM/bin/../lib/gcc/arm-none-eabi/15.2.0/../../../../arm-none-eabi/lib/armv6k/fpu\libg.a(libc_a-wsetup.o)
                0x00113974                __swsetup_r
 .text._realloc_r
                0x00113ab4      0x4f0 C:/devkitPro/devkitARM/bin/../lib/gcc/arm-none-eabi/15.2.0/../../../../arm-none-eabi/lib/armv6k/fpu\libg.a(libc_a-reallocr.o)
                0x00113ab4                _realloc_r
 .text._exit    0x00113fa4       0x20 C:/devkitPro/devkitARM/bin/../lib/gcc/arm-none-eabi/15.2.0/../../../../arm-none-eabi/lib/armv6k/fpu\libsysbase.a(libsysbase_libsysbase_a-_exit.o)
                0x00113fa4                _exit
 .text.chdir    0x00113fc4      0x140 C:/devkitPro/devkitARM/bin/../lib/gcc/arm-none-eabi/15.2.0/../../../../arm-none-eabi/lib/armv6k/fpu\libsysbase.a(libsysbase_libsysbase_a-chdir.o)
                0x00113fc4                chdir
 .text._concatenate_path
                0x00114104      0x1c8 C:/devkitPro/devkitARM/bin/../lib/gcc/arm-none-eabi/15.2.0/../../../../arm-none-eabi/lib/armv6k/fpu\libsysbase.a(libsysbase_libsysbase_a-concatenate.o)
                0x00114104                _concatenate_path
 .text._fstat_r
                0x001142cc       0x9c C:/devkitPro/devkitARM/bin/../lib/gcc/arm-none-eabi/15.2.0/../../../../arm-none-eabi/lib/armv6k/fpu\libsysbase.a(libsysbase_libsysbase_a-fstat.o)
                0x001142cc                _fstat_r
 .text._getpid_r
                0x00114368       0x14 C:/devkitPro/devkitARM/bin/../lib/gcc/arm-none-eabi/15.2.0/../../../../arm-none-eabi/lib/armv6k/fpu\libsysbase.a(libsysbase_libsysbase_a-getpid.o)
                0x00114368                _getpid_r
 .text.__getreent
                0x0011437c       0x2c C:/devkitPro/devkitARM/bin/../lib/gcc/arm-none-eabi/15.2.0/../../../../arm-none-eabi/lib/armv6k/fpu\libsysbase.a(libsysbase_libsysbase_a-getreent.o)
                0x0011437c                __getreent
 .text.__get_handle
                0x001143a8       0x58 C:/devkitPro/devkitARM/bin/../lib/gcc/arm-none-eabi/15.2.0/../../../../arm-none-eabi/lib/armv6k/fpu\libsysbase.a(libsysbase_libsysbase_a-handle_manager.o)
                0x001143a8                __get_handle
 .text._close_r
                0x00114400      0x110 C:/devkitPro/devkitARM/bin/../lib/gcc/arm-none-eabi/15.2.0/../../../../arm-none-eabi/lib/armv6k/fpu\libsysbase.a(libsysbase_libsysbase_a-handle_manager.o)
                0x00114400                _close_r
 .text.null_write
                0x00114510        0x8 C:/devkitPro/devkitARM/bin/../lib/gcc/arm-none-eabi/15.2.0/../../../../arm-none-eabi/lib/armv6k/fpu\libsysbase.a(libsysbase_libsysbase_a-iosupport.o)
 .text.setDefaultDevice
                0x00114518       0x18 C:/devkitPro/devkitARM/bin/../lib/gcc/arm-none-eabi/15.2.0/../../../../arm-none-eabi/lib/armv6k/fpu\libsysbase.a(libsysbase_libsysbase_a-iosupport.o)
                0x00114518                setDefaultDevice
 .text.FindDevice
                0x00114530       0x98 C:/devkitPro/devkitARM/bin/../lib/gcc/arm-none-eabi/15.2.0/../../../../arm-none-eabi/lib/armv6k/fpu\libsysbase.a(libsysbase_libsysbase_a-iosupport.o)
                0x00114530                FindDevice
 .text.RemoveDevice
                0x001145c8       0x24 C:/devkitPro/devkitARM/bin/../lib/gcc/arm-none-eabi/15.2.0/../../../../arm-none-eabi/lib/armv6k/fpu\libsysbase.a(libsysbase_libsysbase_a-iosupport.o)
                0x001145c8                RemoveDevice
 .text.AddDevice
                0x001145ec       0x88 C:/devkitPro/devkitARM/bin/../lib/gcc/arm-none-eabi/15.2.0/../../../../arm-none-eabi/lib/armv6k/fpu\libsysbase.a(libsysbase_libsysbase_a-iosupport.o)
                0x001145ec                AddDevice
 .text.GetDeviceOpTab
                0x00114674       0x20 C:/devkitPro/devkitARM/bin/../lib/gcc/arm-none-eabi/15.2.0/../../../../arm-none-eabi/lib/armv6k/fpu\libsysbase.a(libsysbase_libsysbase_a-iosupport.o)
                0x00114674                GetDeviceOpTab
 .text._isatty_r
                0x00114694        0x8 C:/devkitPro/devkitARM/bin/../lib/gcc/arm-none-eabi/15.2.0/../../../../arm-none-eabi/lib/armv6k/fpu\libsysbase.a(libsysbase_libsysbase_a-isatty.o)
                0x00114694                _isatty_r
 .text._kill_r  0x0011469c       0x14 C:/devkitPro/devkitARM/bin/../lib/gcc/arm-none-eabi/15.2.0/../../../../arm-none-eabi/lib/armv6k/fpu\libsysbase.a(libsysbase_libsysbase_a-kill.o)
                0x0011469c                _kill_r
 .text._lseek_r
                0x001146b0       0x94 C:/devkitPro/devkitARM/bin/../lib/gcc/arm-none-eabi/15.2.0/../../../../arm-none-eabi/lib/armv6k/fpu\libsysbase.a(libsysbase_libsysbase_a-lseek.o)
                0x001146b0                _lseek_r
 .text.pthread_mutex_lock
                0x00114744       0x60 C:/devkitPro/devkitARM/bin/../lib/gcc/arm-none-eabi/15.2.0/../../../../arm-none-eabi/lib/armv6k/fpu\libsysbase.a(libsysbase_libsysbase_a-pthread.o)
                0x00114744                pthread_mutex_lock
 .text.pthread_mutex_unlock
                0x001147a4       0x60 C:/devkitPro/devkitARM/bin/../lib/gcc/arm-none-eabi/15.2.0/../../../../arm-none-eabi/lib/armv6k/fpu\libsysbase.a(libsysbase_libsysbase_a-pthread.o)
                0x001147a4                pthread_mutex_unlock
 .text.pthread_key_create
                0x00114804       0x34 C:/devkitPro/devkitARM/bin/../lib/gcc/arm-none-eabi/15.2.0/../../../../arm-none-eabi/lib/armv6k/fpu\libsysbase.a(libsysbase_libsysbase_a-pthread.o)
                0x00114804                pthread_key_create
 .text.pthread_setspecific
                0x00114838       0x24 C:/devkitPro/devkitARM/bin/../lib/gcc/arm-none-eabi/15.2.0/../../../../arm-none-eabi/lib/armv6k/fpu\libsysbase.a(libsysbase_libsysbase_a-pthread.o)
                0x00114838                pthread_setspecific
 .text.pthread_getspecific
                0x0011485c       0x24 C:/devkitPro/devkitARM/bin/../lib/gcc/arm-none-eabi/15.2.0/../../../../arm-none-eabi/lib/armv6k/fpu\libsysbase.a(libsysbase_libsysbase_a-pthread.o)
                0x0011485c                pthread_getspecific
 .text.pthread_key_delete
                0x00114880       0x24 C:/devkitPro/devkitARM/bin/../lib/gcc/arm-none-eabi/15.2.0/../../../../arm-none-eabi/lib/armv6k/fpu\libsysbase.a(libsysbase_libsysbase_a-pthread.o)
                0x00114880                pthread_key_delete
 .text._read_r  0x001148a4       0x94 C:/devkitPro/devkitARM/bin/../lib/gcc/arm-none-eabi/15.2.0/../../../../arm-none-eabi/lib/armv6k/fpu\libsysbase.a(libsysbase_libsysbase_a-read.o)
                0x001148a4                _read_r
 .text._sbrk_r  0x00114938       0x78 C:/devkitPro/devkitARM/bin/../lib/gcc/arm-none-eabi/15.2.0/../../../../arm-none-eabi/lib/armv6k/fpu\libsysbase.a(libsysbase_libsysbase_a-sbrk.o)
                0x00114938                _sbrk_r
 .text.__libc_lock_acquire
                0x001149b0       0x1c C:/devkitPro/devkitARM/bin/../lib/gcc/arm-none-eabi/15.2.0/../../../../arm-none-eabi/lib/armv6k/fpu\libsysbase.a(libsysbase_libsysbase_a-syscall_support.o)